******************************************************************************
                  TI ARM Linker PC v5.2.2                      
******************************************************************************
>> Linked Sun Aug 06 09:00:12 2017

OUTPUT FILE NAME:   <Memory_EEPROM.out>
ENTRY POINT SYMBOL: "_c_int00"  address: 00000c4d


MEMORY CONFIGURATION

         name            origin    length      used     unused   attr    fill
----------------------  --------  ---------  --------  --------  ----  --------
  FLASH                 00000000   00040000  000012bc  0003ed44  R  X
  SRAM                  20000000   00008000  000004da  00007b26  RW X


SEGMENT ALLOCATION MAP

run origin  load origin   length   init length attrs members
----------  ----------- ---------- ----------- ----- -------
00000000    00000000    000012c0   000012c0    r-x
  00000000    00000000    0000026c   0000026c    r-- .intvecs
  0000026c    0000026c    00000d0c   00000d0c    r-x .text
  00000f78    00000f78    000002fc   000002fc    r-- .const
  00001278    00001278    00000048   00000048    r-- .cinit
20000000    20000000    000004da   00000000    rw-
  20000000    20000000    0000026c   00000000    rw- .vtable
  2000026c    2000026c    00000200   00000000    rw- .stack
  2000046c    2000046c    00000058   00000000    rw- .bss
  200004c4    200004c4    00000016   00000000    rw- .data


SECTION ALLOCATION MAP

 output                                  attributes/
section   page    origin      length       input sections
--------  ----  ----------  ----------   ----------------
.intvecs   0    00000000    0000026c     
                  00000000    0000026c     tm4c123gh6pm_startup_ccs.obj (.intvecs)

.text      0    0000026c    00000d0c     
                  0000026c    000001e0     Button.obj (.text)
                  0000044c    0000016c     Timer.obj (.text)
                  000005b8    00000130     driverlib.lib : gpio.obj (.text:GPIOPadConfigSet)
                  000006e8    0000010c                   : sysctl.obj (.text:SysCtlClockGet)
                  000007f4    000000f0                   : sysctl.obj (.text:SysCtlClockSet)
                  000008e4    0000009c     rtsv7M4_T_le_v4SPD16_eabi.lib : memcpy_t2.obj (.text)
                  00000980    0000007a                                   : memset_t2.obj (.text)
                  000009fa    00000002     --HOLE-- [fill = 0]
                  000009fc    0000006c                                   : autoinit.obj (.text)
                  00000a68    0000006a                                   : copy_decompress_rle.obj (.text)
                  00000ad2    00000002     --HOLE-- [fill = 0]
                  00000ad4    00000068     driverlib.lib : interrupt.obj (.text:IntEnable)
                  00000b3c    00000060                   : timer.obj (.text:TimerConfigure)
                  00000b9c    00000058     main.obj (.text)
                  00000bf4    00000056     driverlib.lib : gpio.obj (.text:GPIOIntTypeSet)
                  00000c4a    00000002     --HOLE-- [fill = 0]
                  00000c4c    00000050     rtsv7M4_T_le_v4SPD16_eabi.lib : boot.obj (.text)
                  00000c9c    0000004c     driverlib.lib : timer.obj (.text:_TimerIntNumberGet)
                  00000ce8    0000004c     rtsv7M4_T_le_v4SPD16_eabi.lib : cpy_tbl.obj (.text)
                  00000d34    00000044                                   : exit.obj (.text)
                  00000d78    00000040     driverlib.lib : gpio.obj (.text:_GPIOIntNumberGet)
                  00000db8    00000034                   : interrupt.obj (.text:IntRegister)
                  00000dec    00000034                   : sysctl.obj (.text:SysCtlPeripheralEnable)
                  00000e20    0000002a                   : gpio.obj (.text:GPIODirModeSet)
                  00000e4a    00000018                   : gpio.obj (.text:GPIOIntRegister)
                  00000e62    00000018                   : gpio.obj (.text:GPIOPinTypeGPIOOutput)
                  00000e7a    00000018                   : timer.obj (.text:TimerControlStall)
                  00000e92    00000018                   : timer.obj (.text:TimerIntRegister)
                  00000eaa    00000002     --HOLE-- [fill = 0]
                  00000eac    00000018     rtsv7M4_T_le_v4SPD16_eabi.lib : args_main.obj (.text)
                  00000ec4    00000014                                   : _lock.obj (.text)
                  00000ed8    00000012     driverlib.lib : gpio.obj (.text:GPIOPinTypeGPIOInput)
                  00000eea    00000012                   : timer.obj (.text:TimerLoadSet)
                  00000efc    0000000e                   : gpio.obj (.text:GPIOIntStatus)
                  00000f0a    0000000e                   : timer.obj (.text:TimerEnable)
                  00000f18    0000000e     rtsv7M4_T_le_v4SPD16_eabi.lib : copy_decompress_none.obj (.text:decompress:none)
                  00000f26    0000000c     driverlib.lib : gpio.obj (.text:GPIOIntEnable)
                  00000f32    0000000c     rtsv7M4_T_le_v4SPD16_eabi.lib : copy_zero_init.obj (.text:decompress:ZI)
                  00000f3e    0000000c     tm4c123gh6pm_startup_ccs.obj (.text)
                  00000f4a    00000008     driverlib.lib : timer.obj (.text:TimerIntEnable)
                  00000f52    00000006                   : gpio.obj (.text:GPIOIntClear)
                  00000f58    00000006                   : gpio.obj (.text:GPIOPinRead)
                  00000f5e    00000006                   : gpio.obj (.text:GPIOPinWrite)
                  00000f64    00000006                   : sysctl.obj (.text:SysCtlDelay)
                  00000f6a    00000006     rtsv7M4_T_le_v4SPD16_eabi.lib : copy_decompress_rle.obj (.text:decompress:rle24)
                  00000f70    00000004     driverlib.lib : timer.obj (.text:TimerIntClear)
                  00000f74    00000004     rtsv7M4_T_le_v4SPD16_eabi.lib : pre_init.obj (.text)

.const     0    00000f78    000002fc     
                  00000f78    000000c0     driverlib.lib : gpio.obj (.const:g_ppui32GPIOIntMapBlizzard)
                  00001038    000000c0                   : gpio.obj (.const:g_ppui32GPIOIntMapSnowflake)
                  000010f8    00000070                   : interrupt.obj (.const)
                  00001168    0000006c                   : sysctl.obj (.const:g_pui32Xtals)
                  000011d4    00000060                   : timer.obj (.const:g_ppui32TimerIntMap)
                  00001234    00000040                   : timer.obj (.const:g_ppui32TimerIntMapSnowflake)

.cinit     0    00001278    00000048     
                  00001278    00000010     (.cinit..data.load) [load image, compression = rle]
                  00001288    0000000c     (__TI_handler_table)
                  00001294    00000004     --HOLE-- [fill = 0]
                  00001298    00000008     (.cinit..bss.load) [load image, compression = zero_init]
                  000012a0    00000008     (.cinit..vtable.load) [load image, compression = zero_init]
                  000012a8    00000018     (__TI_cinit_table)

.init_array 
*          0    00000000    00000000     UNINITIALIZED

.vtable    0    20000000    0000026c     UNINITIALIZED
                  20000000    0000026c     driverlib.lib : interrupt.obj (.vtable)

.stack     0    2000026c    00000200     UNINITIALIZED
                  2000026c    00000200     --HOLE--

.bss       0    2000046c    00000058     UNINITIALIZED
                  2000046c    00000050     Timer.obj (.bss:timer_event_list)
                  200004bc    00000004     (.common:Button_left_callback)
                  200004c0    00000004     (.common:Button_right_callback)

.TI.noinit 
*          0    2000046c    00000000     UNINITIALIZED

.data      0    200004c4    00000016     UNINITIALIZED
                  200004c4    00000008     rtsv7M4_T_le_v4SPD16_eabi.lib : _lock.obj (.data)
                  200004cc    00000008                                   : exit.obj (.data)
                  200004d4    00000004                                   : stkdepth_vars.obj (.data)
                  200004d8    00000002     Button.obj (.data)

.TI.persistent 
*          0    200004c4    00000000     UNINITIALIZED


LINKER GENERATED COPY TABLES

__TI_cinit_table @ 000012a8 records: 3, size/record: 8, table size: 24
	.data: load addr=00001278, load size=00000010 bytes, run addr=200004c4, run size=00000016 bytes, compression=rle
	.bss: load addr=00001298, load size=00000008 bytes, run addr=2000046c, run size=00000058 bytes, compression=zero_init
	.vtable: load addr=000012a0, load size=00000008 bytes, run addr=20000000, run size=0000026c bytes, compression=zero_init


LINKER GENERATED HANDLER TABLE

__TI_handler_table @ 00001288 records: 3, size/record: 4, table size: 12
	index: 0, handler: __TI_zero_init
	index: 1, handler: __TI_decompress_rle24
	index: 2, handler: __TI_decompress_none


GLOBAL SYMBOLS: SORTED ALPHABETICALLY BY Name 

address   name                    
-------   ----                    
000003b5  ButtonLeftHandler       
000002c5  ButtonRegisterCallback  
000003e9  ButtonRightHandler      
0000026d  Button_Init             
00000d35  C$$EXIT                 
00000e21  GPIODirModeSet          
00000f53  GPIOIntClear            
00000f27  GPIOIntEnable           
00000e4b  GPIOIntRegister         
00000efd  GPIOIntStatus           
00000bf5  GPIOIntTypeSet          
000005b9  GPIOPadConfigSet        
00000f59  GPIOPinRead             
00000ed9  GPIOPinTypeGPIOInput    
00000e63  GPIOPinTypeGPIOOutput   
00000f5f  GPIOPinWrite            
00000ad5  IntEnable               
00000db9  IntRegister             
00000f3f  ResetISR                
UNDEFED   SHT$$INIT_ARRAY$$Base   
UNDEFED   SHT$$INIT_ARRAY$$Limit  
000006e9  SysCtlClockGet          
000007f5  SysCtlClockSet          
00000f65  SysCtlDelay             
00000ded  SysCtlPeripheralEnable  
00000539  TIMER_ISR               
000004a5  TIMER_RegisterEvent     
000004fd  TIMER_UnregisterEvent   
00000b3d  TimerConfigure          
00000e7b  TimerControlStall       
00000f0b  TimerEnable             
00000f71  TimerIntClear           
00000f4b  TimerIntEnable          
00000e93  TimerIntRegister        
00000eeb  TimerLoadSet            
0000044d  Timer_Init              
2000046c  __STACK_END             
00000200  __STACK_SIZE            
2000046c  __STACK_TOP             
000012a8  __TI_CINIT_Base         
000012c0  __TI_CINIT_Limit        
00001288  __TI_Handler_Table_Base 
00001294  __TI_Handler_Table_Limit
000009fd  __TI_auto_init          
200004cc  __TI_cleanup_ptr        
00000f19  __TI_decompress_none    
00000f6b  __TI_decompress_rle24   
200004d0  __TI_dtors_ptr          
00000000  __TI_static_base__      
00000f33  __TI_zero_init          
00000981  __aeabi_memclr          
00000981  __aeabi_memclr4         
00000981  __aeabi_memclr8         
000008e5  __aeabi_memcpy          
000008e5  __aeabi_memcpy4         
000008e5  __aeabi_memcpy8         
00000983  __aeabi_memset          
00000983  __aeabi_memset4         
00000983  __aeabi_memset8         
ffffffff  __binit__               
ffffffff  __c_args__              
2000026c  __stack                 
00000ead  _args_main              
00000c4d  _c_int00                
200004c4  _lock                   
00000ed3  _nop                    
00000ecb  _register_lock          
00000ec5  _register_unlock        
00000f75  _system_pre_init        
200004c8  _unlock                 
00000d39  abort                   
ffffffff  binit                   
00000ce9  copy_in                 
00000d41  exit                    
20000000  g_pfnRAMVectors         
00000000  g_pfnVectors            
00000b9d  main                    
200004d4  main_func_sp            
000008e5  memcpy                  
00000989  memset                  


GLOBAL SYMBOLS: SORTED BY Symbol Address 

address   name                    
-------   ----                    
00000000  __TI_static_base__      
00000000  g_pfnVectors            
00000200  __STACK_SIZE            
0000026d  Button_Init             
000002c5  ButtonRegisterCallback  
000003b5  ButtonLeftHandler       
000003e9  ButtonRightHandler      
0000044d  Timer_Init              
000004a5  TIMER_RegisterEvent     
000004fd  TIMER_UnregisterEvent   
00000539  TIMER_ISR               
000005b9  GPIOPadConfigSet        
000006e9  SysCtlClockGet          
000007f5  SysCtlClockSet          
000008e5  __aeabi_memcpy          
000008e5  __aeabi_memcpy4         
000008e5  __aeabi_memcpy8         
000008e5  memcpy                  
00000981  __aeabi_memclr          
00000981  __aeabi_memclr4         
00000981  __aeabi_memclr8         
00000983  __aeabi_memset          
00000983  __aeabi_memset4         
00000983  __aeabi_memset8         
00000989  memset                  
000009fd  __TI_auto_init          
00000ad5  IntEnable               
00000b3d  TimerConfigure          
00000b9d  main                    
00000bf5  GPIOIntTypeSet          
00000c4d  _c_int00                
00000ce9  copy_in                 
00000d35  C$$EXIT                 
00000d39  abort                   
00000d41  exit                    
00000db9  IntRegister             
00000ded  SysCtlPeripheralEnable  
00000e21  GPIODirModeSet          
00000e4b  GPIOIntRegister         
00000e63  GPIOPinTypeGPIOOutput   
00000e7b  TimerControlStall       
00000e93  TimerIntRegister        
00000ead  _args_main              
00000ec5  _register_unlock        
00000ecb  _register_lock          
00000ed3  _nop                    
00000ed9  GPIOPinTypeGPIOInput    
00000eeb  TimerLoadSet            
00000efd  GPIOIntStatus           
00000f0b  TimerEnable             
00000f19  __TI_decompress_none    
00000f27  GPIOIntEnable           
00000f33  __TI_zero_init          
00000f3f  ResetISR                
00000f4b  TimerIntEnable          
00000f53  GPIOIntClear            
00000f59  GPIOPinRead             
00000f5f  GPIOPinWrite            
00000f65  SysCtlDelay             
00000f6b  __TI_decompress_rle24   
00000f71  TimerIntClear           
00000f75  _system_pre_init        
00001288  __TI_Handler_Table_Base 
00001294  __TI_Handler_Table_Limit
000012a8  __TI_CINIT_Base         
000012c0  __TI_CINIT_Limit        
20000000  g_pfnRAMVectors         
2000026c  __stack                 
2000046c  __STACK_END             
2000046c  __STACK_TOP             
200004c4  _lock                   
200004c8  _unlock                 
200004cc  __TI_cleanup_ptr        
200004d0  __TI_dtors_ptr          
200004d4  main_func_sp            
ffffffff  __binit__               
ffffffff  __c_args__              
ffffffff  binit                   
UNDEFED   SHT$$INIT_ARRAY$$Base   
UNDEFED   SHT$$INIT_ARRAY$$Limit  

[80 symbols]
