<?xml version="1.0"?>
<link_info>
   <banner>TI ARM Linker PC v5.2.2</banner>
   <copyright>Copyright (c) 1996-2015 Texas Instruments Incorporated</copyright>
   <link_time>0x5a289e80</link_time>
   <link_errors>0x0</link_errors>
   <output_file>DA2_2.out</output_file>
   <entry_point>
      <name>_c_int00</name>
      <address>0x214d</address>
   </entry_point>
   <input_file_list>
      <input_file id="fl-2">
         <path>.\</path>
         <kind>object</kind>
         <file>SystemConfig.obj</file>
         <name>SystemConfig.obj</name>
      </input_file>
      <input_file id="fl-3">
         <path>.\</path>
         <kind>object</kind>
         <file>main.obj</file>
         <name>main.obj</name>
      </input_file>
      <input_file id="fl-4">
         <path>.\</path>
         <kind>object</kind>
         <file>tm4c123gh6pm_startup_ccs.obj</file>
         <name>tm4c123gh6pm_startup_ccs.obj</name>
      </input_file>
      <input_file id="fl-5">
         <path>.\utils\</path>
         <kind>object</kind>
         <file>uartstdio.obj</file>
         <name>uartstdio.obj</name>
      </input_file>
      <input_file id="fl-6">
         <path>.\Timer\</path>
         <kind>object</kind>
         <file>Timer.obj</file>
         <name>Timer.obj</name>
      </input_file>
      <input_file id="fl-7">
         <path>.\SENSOR_HMC5883L\</path>
         <kind>object</kind>
         <file>Kalman.obj</file>
         <name>Kalman.obj</name>
      </input_file>
      <input_file id="fl-8">
         <path>.\SENSOR_HMC5883L\</path>
         <kind>object</kind>
         <file>SENSOR_HMC5883L.obj</file>
         <name>SENSOR_HMC5883L.obj</name>
      </input_file>
      <input_file id="fl-9">
         <path>.\LineFollow\</path>
         <kind>object</kind>
         <file>LineFollow.obj</file>
         <name>LineFollow.obj</name>
      </input_file>
      <input_file id="fl-a">
         <path>.\LineFollow\</path>
         <kind>object</kind>
         <file>PID.obj</file>
         <name>PID.obj</name>
      </input_file>
      <input_file id="fl-b">
         <path>.\Button\</path>
         <kind>object</kind>
         <file>Button.obj</file>
         <name>Button.obj</name>
      </input_file>
      <input_file id="fl-12">
         <path>E:\ti\TivaWare_C_Series-2.1.4.178\driverlib\ccs\Debug\</path>
         <kind>archive</kind>
         <file>driverlib.lib</file>
         <name>fpu.obj</name>
      </input_file>
      <input_file id="fl-13">
         <path>E:\ti\TivaWare_C_Series-2.1.4.178\driverlib\ccs\Debug\</path>
         <kind>archive</kind>
         <file>driverlib.lib</file>
         <name>gpio.obj</name>
      </input_file>
      <input_file id="fl-14">
         <path>E:\ti\TivaWare_C_Series-2.1.4.178\driverlib\ccs\Debug\</path>
         <kind>archive</kind>
         <file>driverlib.lib</file>
         <name>i2c.obj</name>
      </input_file>
      <input_file id="fl-15">
         <path>E:\ti\TivaWare_C_Series-2.1.4.178\driverlib\ccs\Debug\</path>
         <kind>archive</kind>
         <file>driverlib.lib</file>
         <name>interrupt.obj</name>
      </input_file>
      <input_file id="fl-16">
         <path>E:\ti\TivaWare_C_Series-2.1.4.178\driverlib\ccs\Debug\</path>
         <kind>archive</kind>
         <file>driverlib.lib</file>
         <name>qei.obj</name>
      </input_file>
      <input_file id="fl-17">
         <path>E:\ti\TivaWare_C_Series-2.1.4.178\driverlib\ccs\Debug\</path>
         <kind>archive</kind>
         <file>driverlib.lib</file>
         <name>sysctl.obj</name>
      </input_file>
      <input_file id="fl-18">
         <path>E:\ti\TivaWare_C_Series-2.1.4.178\driverlib\ccs\Debug\</path>
         <kind>archive</kind>
         <file>driverlib.lib</file>
         <name>systick.obj</name>
      </input_file>
      <input_file id="fl-19">
         <path>E:\ti\TivaWare_C_Series-2.1.4.178\driverlib\ccs\Debug\</path>
         <kind>archive</kind>
         <file>driverlib.lib</file>
         <name>timer.obj</name>
      </input_file>
      <input_file id="fl-1a">
         <path>E:\ti\TivaWare_C_Series-2.1.4.178\driverlib\ccs\Debug\</path>
         <kind>archive</kind>
         <file>driverlib.lib</file>
         <name>uart.obj</name>
      </input_file>
      <input_file id="fl-1b">
         <path>E:\ti\TivaWare_C_Series-2.1.4.178\driverlib\ccs\Debug\</path>
         <kind>archive</kind>
         <file>driverlib.lib</file>
         <name>cpu.obj</name>
      </input_file>
      <input_file id="fl-13d">
         <path>C:\ti\ccsv6\tools\compiler\ti-cgt-arm_5.2.2\lib\</path>
         <kind>archive</kind>
         <file>rtsv7M4_T_le_v4SPD16_eabi.lib</file>
         <name>atan2.obj</name>
      </input_file>
      <input_file id="fl-13e">
         <path>C:\ti\ccsv6\tools\compiler\ti-cgt-arm_5.2.2\lib\</path>
         <kind>archive</kind>
         <file>rtsv7M4_T_le_v4SPD16_eabi.lib</file>
         <name>boot.obj</name>
      </input_file>
      <input_file id="fl-13f">
         <path>C:\ti\ccsv6\tools\compiler\ti-cgt-arm_5.2.2\lib\</path>
         <kind>archive</kind>
         <file>rtsv7M4_T_le_v4SPD16_eabi.lib</file>
         <name>copy_decompress_none.obj</name>
      </input_file>
      <input_file id="fl-140">
         <path>C:\ti\ccsv6\tools\compiler\ti-cgt-arm_5.2.2\lib\</path>
         <kind>archive</kind>
         <file>rtsv7M4_T_le_v4SPD16_eabi.lib</file>
         <name>copy_decompress_rle.obj</name>
      </input_file>
      <input_file id="fl-141">
         <path>C:\ti\ccsv6\tools\compiler\ti-cgt-arm_5.2.2\lib\</path>
         <kind>archive</kind>
         <file>rtsv7M4_T_le_v4SPD16_eabi.lib</file>
         <name>copy_zero_init.obj</name>
      </input_file>
      <input_file id="fl-142">
         <path>C:\ti\ccsv6\tools\compiler\ti-cgt-arm_5.2.2\lib\</path>
         <kind>archive</kind>
         <file>rtsv7M4_T_le_v4SPD16_eabi.lib</file>
         <name>exit.obj</name>
      </input_file>
      <input_file id="fl-143">
         <path>C:\ti\ccsv6\tools\compiler\ti-cgt-arm_5.2.2\lib\</path>
         <kind>archive</kind>
         <file>rtsv7M4_T_le_v4SPD16_eabi.lib</file>
         <name>fd_add_t2.obj</name>
      </input_file>
      <input_file id="fl-144">
         <path>C:\ti\ccsv6\tools\compiler\ti-cgt-arm_5.2.2\lib\</path>
         <kind>archive</kind>
         <file>rtsv7M4_T_le_v4SPD16_eabi.lib</file>
         <name>fd_cmp_t2.obj</name>
      </input_file>
      <input_file id="fl-145">
         <path>C:\ti\ccsv6\tools\compiler\ti-cgt-arm_5.2.2\lib\</path>
         <kind>archive</kind>
         <file>rtsv7M4_T_le_v4SPD16_eabi.lib</file>
         <name>fd_div_t2.obj</name>
      </input_file>
      <input_file id="fl-146">
         <path>C:\ti\ccsv6\tools\compiler\ti-cgt-arm_5.2.2\lib\</path>
         <kind>archive</kind>
         <file>rtsv7M4_T_le_v4SPD16_eabi.lib</file>
         <name>fd_mul_t2.obj</name>
      </input_file>
      <input_file id="fl-147">
         <path>C:\ti\ccsv6\tools\compiler\ti-cgt-arm_5.2.2\lib\</path>
         <kind>archive</kind>
         <file>rtsv7M4_T_le_v4SPD16_eabi.lib</file>
         <name>fd_tos_t2.obj</name>
      </input_file>
      <input_file id="fl-148">
         <path>C:\ti\ccsv6\tools\compiler\ti-cgt-arm_5.2.2\lib\</path>
         <kind>archive</kind>
         <file>rtsv7M4_T_le_v4SPD16_eabi.lib</file>
         <name>fs_tod_t2.obj</name>
      </input_file>
      <input_file id="fl-149">
         <path>C:\ti\ccsv6\tools\compiler\ti-cgt-arm_5.2.2\lib\</path>
         <kind>archive</kind>
         <file>rtsv7M4_T_le_v4SPD16_eabi.lib</file>
         <name>memcpy_t2.obj</name>
      </input_file>
      <input_file id="fl-14a">
         <path>C:\ti\ccsv6\tools\compiler\ti-cgt-arm_5.2.2\lib\</path>
         <kind>archive</kind>
         <file>rtsv7M4_T_le_v4SPD16_eabi.lib</file>
         <name>memset_t2.obj</name>
      </input_file>
      <input_file id="fl-14b">
         <path>C:\ti\ccsv6\tools\compiler\ti-cgt-arm_5.2.2\lib\</path>
         <kind>archive</kind>
         <file>rtsv7M4_T_le_v4SPD16_eabi.lib</file>
         <name>pre_init.obj</name>
      </input_file>
      <input_file id="fl-14c">
         <path>C:\ti\ccsv6\tools\compiler\ti-cgt-arm_5.2.2\lib\</path>
         <kind>archive</kind>
         <file>rtsv7M4_T_le_v4SPD16_eabi.lib</file>
         <name>stkdepth_vars.obj</name>
      </input_file>
      <input_file id="fl-14d">
         <path>C:\ti\ccsv6\tools\compiler\ti-cgt-arm_5.2.2\lib\</path>
         <kind>archive</kind>
         <file>rtsv7M4_T_le_v4SPD16_eabi.lib</file>
         <name>u_divt2.obj</name>
      </input_file>
      <input_file id="fl-14e">
         <path>C:\ti\ccsv6\tools\compiler\ti-cgt-arm_5.2.2\lib\</path>
         <kind>archive</kind>
         <file>rtsv7M4_T_le_v4SPD16_eabi.lib</file>
         <name>xatan.obj</name>
      </input_file>
      <input_file id="fl-14f">
         <path>C:\ti\ccsv6\tools\compiler\ti-cgt-arm_5.2.2\lib\</path>
         <kind>archive</kind>
         <file>rtsv7M4_T_le_v4SPD16_eabi.lib</file>
         <name>xvalues.obj</name>
      </input_file>
      <input_file id="fl-150">
         <path>C:\ti\ccsv6\tools\compiler\ti-cgt-arm_5.2.2\lib\</path>
         <kind>archive</kind>
         <file>rtsv7M4_T_le_v4SPD16_eabi.lib</file>
         <name>_lock.obj</name>
      </input_file>
      <input_file id="fl-151">
         <path>C:\ti\ccsv6\tools\compiler\ti-cgt-arm_5.2.2\lib\</path>
         <kind>archive</kind>
         <file>rtsv7M4_T_le_v4SPD16_eabi.lib</file>
         <name>args_main.obj</name>
      </input_file>
      <input_file id="fl-152">
         <path>C:\ti\ccsv6\tools\compiler\ti-cgt-arm_5.2.2\lib\</path>
         <kind>archive</kind>
         <file>rtsv7M4_T_le_v4SPD16_eabi.lib</file>
         <name>autoinit.obj</name>
      </input_file>
      <input_file id="fl-153">
         <path>C:\ti\ccsv6\tools\compiler\ti-cgt-arm_5.2.2\lib\</path>
         <kind>archive</kind>
         <file>rtsv7M4_T_le_v4SPD16_eabi.lib</file>
         <name>cpy_tbl.obj</name>
      </input_file>
   </input_file_list>
   <object_component_list>
      <object_component id="oc-f">
         <name>.intvecs</name>
         <load_address>0x0</load_address>
         <run_address>0x0</run_address>
         <size>0x26c</size>
         <input_file_ref idref="fl-4"/>
      </object_component>
      <object_component id="oc-172">
         <name>.text</name>
         <load_address>0x26c</load_address>
         <run_address>0x26c</run_address>
         <size>0x50c</size>
         <input_file_ref idref="fl-8"/>
      </object_component>
      <object_component id="oc-142">
         <name>.text</name>
         <load_address>0x778</load_address>
         <run_address>0x778</run_address>
         <size>0x4dc</size>
         <input_file_ref idref="fl-5"/>
      </object_component>
      <object_component id="oc-9d">
         <name>.text</name>
         <load_address>0xc54</load_address>
         <run_address>0xc54</run_address>
         <size>0x4b4</size>
         <input_file_ref idref="fl-3"/>
      </object_component>
      <object_component id="oc-2a6">
         <name>.text</name>
         <load_address>0x1108</load_address>
         <run_address>0x1108</run_address>
         <size>0x1b6</size>
         <input_file_ref idref="fl-143"/>
      </object_component>
      <object_component id="oc-317">
         <name>.text</name>
         <load_address>0x12c0</load_address>
         <run_address>0x12c0</run_address>
         <size>0x18c</size>
         <input_file_ref idref="fl-14e"/>
      </object_component>
      <object_component id="oc-296">
         <name>.text</name>
         <load_address>0x144c</load_address>
         <run_address>0x144c</run_address>
         <size>0x17c</size>
         <input_file_ref idref="fl-13d"/>
      </object_component>
      <object_component id="oc-16c">
         <name>.text</name>
         <load_address>0x15c8</load_address>
         <run_address>0x15c8</run_address>
         <size>0x174</size>
         <input_file_ref idref="fl-2"/>
      </object_component>
      <object_component id="oc-166">
         <name>.text</name>
         <load_address>0x173c</load_address>
         <run_address>0x173c</run_address>
         <size>0x16c</size>
         <input_file_ref idref="fl-6"/>
      </object_component>
      <object_component id="oc-2a1">
         <name>.text</name>
         <load_address>0x18a8</load_address>
         <run_address>0x18a8</run_address>
         <size>0x136</size>
         <input_file_ref idref="fl-145"/>
      </object_component>
      <object_component id="oc-ee">
         <name>.text:GPIOPadConfigSet</name>
         <load_address>0x19de</load_address>
         <run_address>0x19de</run_address>
         <size>0x132</size>
         <input_file_ref idref="fl-13"/>
      </object_component>
      <object_component id="oc-d6">
         <name>.text:SysCtlClockGet</name>
         <load_address>0x1b10</load_address>
         <run_address>0x1b10</run_address>
         <size>0x110</size>
         <input_file_ref idref="fl-17"/>
      </object_component>
      <object_component id="oc-2ab">
         <name>.text</name>
         <load_address>0x1c20</load_address>
         <run_address>0x1c20</run_address>
         <size>0xfc</size>
         <input_file_ref idref="fl-146"/>
      </object_component>
      <object_component id="oc-160">
         <name>.text:SysCtlClockSet</name>
         <load_address>0x1d1c</load_address>
         <run_address>0x1d1c</run_address>
         <size>0xf4</size>
         <input_file_ref idref="fl-17"/>
      </object_component>
      <object_component id="oc-33">
         <name>.text</name>
         <load_address>0x1e10</load_address>
         <run_address>0x1e10</run_address>
         <size>0x9c</size>
         <input_file_ref idref="fl-149"/>
      </object_component>
      <object_component id="oc-312">
         <name>.text:__aeabi_cdcmple</name>
         <load_address>0x1eac</load_address>
         <run_address>0x1eac</run_address>
         <size>0x86</size>
         <input_file_ref idref="fl-144"/>
      </object_component>
      <object_component id="oc-4c">
         <name>.text</name>
         <load_address>0x1f32</load_address>
         <run_address>0x1f32</run_address>
         <size>0x7a</size>
         <input_file_ref idref="fl-14a"/>
      </object_component>
      <object_component id="oc-5e">
         <name>.text</name>
         <load_address>0x1fac</load_address>
         <run_address>0x1fac</run_address>
         <size>0x6c</size>
         <input_file_ref idref="fl-152"/>
      </object_component>
      <object_component id="oc-3f">
         <name>.text</name>
         <load_address>0x2018</load_address>
         <run_address>0x2018</run_address>
         <size>0x6a</size>
         <input_file_ref idref="fl-140"/>
      </object_component>
      <object_component id="oc-15a">
         <name>.text:IntEnable</name>
         <load_address>0x2084</load_address>
         <run_address>0x2084</run_address>
         <size>0x68</size>
         <input_file_ref idref="fl-15"/>
      </object_component>
      <object_component id="oc-207">
         <name>.text:TimerConfigure</name>
         <load_address>0x20ec</load_address>
         <run_address>0x20ec</run_address>
         <size>0x60</size>
         <input_file_ref idref="fl-19"/>
      </object_component>
      <object_component id="oc-24">
         <name>.text</name>
         <load_address>0x214c</load_address>
         <run_address>0x214c</run_address>
         <size>0x50</size>
         <input_file_ref idref="fl-13e"/>
      </object_component>
      <object_component id="oc-26d">
         <name>.text:I2CMasterInitExpClk</name>
         <load_address>0x219c</load_address>
         <run_address>0x219c</run_address>
         <size>0x4c</size>
         <input_file_ref idref="fl-14"/>
      </object_component>
      <object_component id="oc-2eb">
         <name>.text:_TimerIntNumberGet</name>
         <load_address>0x21e8</load_address>
         <run_address>0x21e8</run_address>
         <size>0x4c</size>
         <input_file_ref idref="fl-19"/>
      </object_component>
      <object_component id="oc-95">
         <name>.text</name>
         <load_address>0x2234</load_address>
         <run_address>0x2234</run_address>
         <size>0x4c</size>
         <input_file_ref idref="fl-153"/>
      </object_component>
      <object_component id="oc-29c">
         <name>.text</name>
         <load_address>0x2280</load_address>
         <run_address>0x2280</run_address>
         <size>0x4a</size>
         <input_file_ref idref="fl-147"/>
      </object_component>
      <object_component id="oc-d0">
         <name>.text:GPIOPinConfigure</name>
         <load_address>0x22cc</load_address>
         <run_address>0x22cc</run_address>
         <size>0x48</size>
         <input_file_ref idref="fl-13"/>
      </object_component>
      <object_component id="oc-1cc">
         <name>.text:_QEIIntNumberGet</name>
         <load_address>0x2314</load_address>
         <run_address>0x2314</run_address>
         <size>0x48</size>
         <input_file_ref idref="fl-16"/>
      </object_component>
      <object_component id="oc-6a">
         <name>.text</name>
         <load_address>0x235c</load_address>
         <run_address>0x235c</run_address>
         <size>0x44</size>
         <input_file_ref idref="fl-142"/>
      </object_component>
      <object_component id="oc-1ec">
         <name>.text</name>
         <load_address>0x23a0</load_address>
         <run_address>0x23a0</run_address>
         <size>0x42</size>
         <input_file_ref idref="fl-14d"/>
      </object_component>
      <object_component id="oc-1f8">
         <name>.text:_UARTIntNumberGet</name>
         <load_address>0x23e4</load_address>
         <run_address>0x23e4</run_address>
         <size>0x40</size>
         <input_file_ref idref="fl-1a"/>
      </object_component>
      <object_component id="oc-291">
         <name>.text</name>
         <load_address>0x2424</load_address>
         <run_address>0x2424</run_address>
         <size>0x38</size>
         <input_file_ref idref="fl-148"/>
      </object_component>
      <object_component id="oc-1d2">
         <name>.text:IntRegister</name>
         <load_address>0x245c</load_address>
         <run_address>0x245c</run_address>
         <size>0x34</size>
         <input_file_ref idref="fl-15"/>
      </object_component>
      <object_component id="oc-be">
         <name>.text:SysCtlPeripheralEnable</name>
         <load_address>0x2490</load_address>
         <run_address>0x2490</run_address>
         <size>0x34</size>
         <input_file_ref idref="fl-17"/>
      </object_component>
      <object_component id="oc-1b7">
         <name>.text:GPIODirModeSet</name>
         <load_address>0x24c4</load_address>
         <run_address>0x24c4</run_address>
         <size>0x2a</size>
         <input_file_ref idref="fl-13"/>
      </object_component>
      <object_component id="oc-246">
         <name>.text:SysTickIntRegister</name>
         <load_address>0x24f0</load_address>
         <run_address>0x24f0</run_address>
         <size>0x1c</size>
         <input_file_ref idref="fl-18"/>
      </object_component>
      <object_component id="oc-178">
         <name>.text:GPIOPinTypeGPIOOutput</name>
         <load_address>0x250c</load_address>
         <run_address>0x250c</run_address>
         <size>0x18</size>
         <input_file_ref idref="fl-13"/>
      </object_component>
      <object_component id="oc-fa">
         <name>.text:QEIIntRegister</name>
         <load_address>0x2524</load_address>
         <run_address>0x2524</run_address>
         <size>0x18</size>
         <input_file_ref idref="fl-16"/>
      </object_component>
      <object_component id="oc-21f">
         <name>.text:TimerControlStall</name>
         <load_address>0x253c</load_address>
         <run_address>0x253c</run_address>
         <size>0x18</size>
         <input_file_ref idref="fl-19"/>
      </object_component>
      <object_component id="oc-20d">
         <name>.text:TimerIntRegister</name>
         <load_address>0x2554</load_address>
         <run_address>0x2554</run_address>
         <size>0x18</size>
         <input_file_ref idref="fl-19"/>
      </object_component>
      <object_component id="oc-148">
         <name>.text:UARTIntRegister</name>
         <load_address>0x256c</load_address>
         <run_address>0x256c</run_address>
         <size>0x18</size>
         <input_file_ref idref="fl-1a"/>
      </object_component>
      <object_component id="oc-64">
         <name>.text</name>
         <load_address>0x2584</load_address>
         <run_address>0x2584</run_address>
         <size>0x18</size>
         <input_file_ref idref="fl-151"/>
      </object_component>
      <object_component id="oc-252">
         <name>.text:SysTickEnable</name>
         <load_address>0x259c</load_address>
         <run_address>0x259c</run_address>
         <size>0x14</size>
         <input_file_ref idref="fl-18"/>
      </object_component>
      <object_component id="oc-24c">
         <name>.text:SysTickIntEnable</name>
         <load_address>0x25b0</load_address>
         <run_address>0x25b0</run_address>
         <size>0x14</size>
         <input_file_ref idref="fl-18"/>
      </object_component>
      <object_component id="oc-154">
         <name>.text:UARTEnable</name>
         <load_address>0x25c4</load_address>
         <run_address>0x25c4</run_address>
         <size>0x14</size>
         <input_file_ref idref="fl-1a"/>
      </object_component>
      <object_component id="oc-19e">
         <name>.text</name>
         <load_address>0x25d8</load_address>
         <run_address>0x25d8</run_address>
         <size>0x14</size>
         <input_file_ref idref="fl-150"/>
      </object_component>
      <object_component id="oc-124">
         <name>.text:GPIOPinTypeGPIOInput</name>
         <load_address>0x25ec</load_address>
         <run_address>0x25ec</run_address>
         <size>0x12</size>
         <input_file_ref idref="fl-13"/>
      </object_component>
      <object_component id="oc-267">
         <name>.text:GPIOPinTypeI2C</name>
         <load_address>0x25fe</load_address>
         <run_address>0x25fe</run_address>
         <size>0x12</size>
         <input_file_ref idref="fl-13"/>
      </object_component>
      <object_component id="oc-261">
         <name>.text:GPIOPinTypeI2CSCL</name>
         <load_address>0x2610</load_address>
         <run_address>0x2610</run_address>
         <size>0x12</size>
         <input_file_ref idref="fl-13"/>
      </object_component>
      <object_component id="oc-ca">
         <name>.text:GPIOPinTypeQEI</name>
         <load_address>0x2622</load_address>
         <run_address>0x2622</run_address>
         <size>0x12</size>
         <input_file_ref idref="fl-13"/>
      </object_component>
      <object_component id="oc-136">
         <name>.text:GPIOPinTypeUART</name>
         <load_address>0x2634</load_address>
         <run_address>0x2634</run_address>
         <size>0x12</size>
         <input_file_ref idref="fl-13"/>
      </object_component>
      <object_component id="oc-118">
         <name>.text:TimerLoadSet</name>
         <load_address>0x2646</load_address>
         <run_address>0x2646</run_address>
         <size>0x12</size>
         <input_file_ref idref="fl-19"/>
      </object_component>
      <object_component id="oc-11e">
         <name>.text:TimerMatchSet</name>
         <load_address>0x2658</load_address>
         <run_address>0x2658</run_address>
         <size>0x12</size>
         <input_file_ref idref="fl-19"/>
      </object_component>
      <object_component id="oc-234">
         <name>.text:FPUEnable</name>
         <load_address>0x266c</load_address>
         <run_address>0x266c</run_address>
         <size>0x10</size>
         <input_file_ref idref="fl-12"/>
      </object_component>
      <object_component id="oc-23a">
         <name>.text:FPULazyStackingEnable</name>
         <load_address>0x267c</load_address>
         <run_address>0x267c</run_address>
         <size>0x10</size>
         <input_file_ref idref="fl-12"/>
      </object_component>
      <object_component id="oc-dc">
         <name>.text:QEIVelocityConfigure</name>
         <load_address>0x268c</load_address>
         <run_address>0x268c</run_address>
         <size>0x10</size>
         <input_file_ref idref="fl-16"/>
      </object_component>
      <object_component id="oc-240">
         <name>.text:SysTickPeriodSet</name>
         <load_address>0x269c</load_address>
         <run_address>0x269c</run_address>
         <size>0x10</size>
         <input_file_ref idref="fl-18"/>
      </object_component>
      <object_component id="oc-c4">
         <name>.text:QEIConfigure</name>
         <load_address>0x26ac</load_address>
         <run_address>0x26ac</run_address>
         <size>0xe</size>
         <input_file_ref idref="fl-16"/>
      </object_component>
      <object_component id="oc-112">
         <name>.text:QEIDirectionGet</name>
         <load_address>0x26ba</load_address>
         <run_address>0x26ba</run_address>
         <size>0xe</size>
         <input_file_ref idref="fl-16"/>
      </object_component>
      <object_component id="oc-225">
         <name>.text:TimerEnable</name>
         <load_address>0x26c8</load_address>
         <run_address>0x26c8</run_address>
         <size>0xe</size>
         <input_file_ref idref="fl-19"/>
      </object_component>
      <object_component id="oc-12">
         <name>.text:decompress:none</name>
         <load_address>0x26d6</load_address>
         <run_address>0x26d6</run_address>
         <size>0xe</size>
         <input_file_ref idref="fl-13f"/>
      </object_component>
      <object_component id="oc-1e">
         <name>.text:decompress:ZI</name>
         <load_address>0x26e4</load_address>
         <run_address>0x26e4</run_address>
         <size>0xc</size>
         <input_file_ref idref="fl-141"/>
      </object_component>
      <object_component id="oc-2a">
         <name>.text</name>
         <load_address>0x26f0</load_address>
         <run_address>0x26f0</run_address>
         <size>0xc</size>
         <input_file_ref idref="fl-4"/>
      </object_component>
      <object_component id="oc-304">
         <name>.text:I2CMasterEnable</name>
         <load_address>0x26fc</load_address>
         <run_address>0x26fc</run_address>
         <size>0xa</size>
         <input_file_ref idref="fl-14"/>
      </object_component>
      <object_component id="oc-e8">
         <name>.text:QEIEnable</name>
         <load_address>0x2706</load_address>
         <run_address>0x2706</run_address>
         <size>0xa</size>
         <input_file_ref idref="fl-16"/>
      </object_component>
      <object_component id="oc-100">
         <name>.text:QEIIntStatus</name>
         <load_address>0x2710</load_address>
         <run_address>0x2710</run_address>
         <size>0xa</size>
         <input_file_ref idref="fl-16"/>
      </object_component>
      <object_component id="oc-e2">
         <name>.text:QEIVelocityEnable</name>
         <load_address>0x271a</load_address>
         <run_address>0x271a</run_address>
         <size>0xa</size>
         <input_file_ref idref="fl-16"/>
      </object_component>
      <object_component id="oc-12a">
         <name>.text:UARTIntStatus</name>
         <load_address>0x2724</load_address>
         <run_address>0x2724</run_address>
         <size>0xa</size>
         <input_file_ref idref="fl-1a"/>
      </object_component>
      <object_component id="oc-285">
         <name>.text:I2CMasterBusy</name>
         <load_address>0x272e</load_address>
         <run_address>0x272e</run_address>
         <size>0x8</size>
         <input_file_ref idref="fl-14"/>
      </object_component>
      <object_component id="oc-273">
         <name>.text:I2CMasterSlaveAddrSet</name>
         <load_address>0x2736</load_address>
         <run_address>0x2736</run_address>
         <size>0x8</size>
         <input_file_ref idref="fl-14"/>
      </object_component>
      <object_component id="oc-f4">
         <name>.text:QEIIntEnable</name>
         <load_address>0x273e</load_address>
         <run_address>0x273e</run_address>
         <size>0x8</size>
         <input_file_ref idref="fl-16"/>
      </object_component>
      <object_component id="oc-213">
         <name>.text:TimerIntEnable</name>
         <load_address>0x2746</load_address>
         <run_address>0x2746</run_address>
         <size>0x8</size>
         <input_file_ref idref="fl-19"/>
      </object_component>
      <object_component id="oc-14e">
         <name>.text:UARTIntEnable</name>
         <load_address>0x274e</load_address>
         <run_address>0x274e</run_address>
         <size>0x8</size>
         <input_file_ref idref="fl-1a"/>
      </object_component>
      <object_component id="oc-17e">
         <name>.text:GPIOPinWrite</name>
         <load_address>0x2756</load_address>
         <run_address>0x2756</run_address>
         <size>0x6</size>
         <input_file_ref idref="fl-13"/>
      </object_component>
      <object_component id="oc-184">
         <name>.text:SysCtlDelay</name>
         <load_address>0x275c</load_address>
         <run_address>0x275c</run_address>
         <size>0x6</size>
         <input_file_ref idref="fl-17"/>
      </object_component>
      <object_component id="oc-13c">
         <name>.text:UARTClockSourceSet</name>
         <load_address>0x2762</load_address>
         <run_address>0x2762</run_address>
         <size>0x6</size>
         <input_file_ref idref="fl-1a"/>
      </object_component>
      <object_component id="oc-18">
         <name>.text:decompress:rle24</name>
         <load_address>0x2768</load_address>
         <run_address>0x2768</run_address>
         <size>0x6</size>
         <input_file_ref idref="fl-140"/>
      </object_component>
      <object_component id="oc-27f">
         <name>.text:I2CMasterControl</name>
         <load_address>0x276e</load_address>
         <run_address>0x276e</run_address>
         <size>0x4</size>
         <input_file_ref idref="fl-14"/>
      </object_component>
      <object_component id="oc-28b">
         <name>.text:I2CMasterDataGet</name>
         <load_address>0x2772</load_address>
         <run_address>0x2772</run_address>
         <size>0x4</size>
         <input_file_ref idref="fl-14"/>
      </object_component>
      <object_component id="oc-279">
         <name>.text:I2CMasterDataPut</name>
         <load_address>0x2776</load_address>
         <run_address>0x2776</run_address>
         <size>0x4</size>
         <input_file_ref idref="fl-14"/>
      </object_component>
      <object_component id="oc-106">
         <name>.text:QEIIntClear</name>
         <load_address>0x277a</load_address>
         <run_address>0x277a</run_address>
         <size>0x4</size>
         <input_file_ref idref="fl-16"/>
      </object_component>
      <object_component id="oc-10c">
         <name>.text:QEIVelocityGet</name>
         <load_address>0x277e</load_address>
         <run_address>0x277e</run_address>
         <size>0x4</size>
         <input_file_ref idref="fl-16"/>
      </object_component>
      <object_component id="oc-219">
         <name>.text:TimerIntClear</name>
         <load_address>0x2782</load_address>
         <run_address>0x2782</run_address>
         <size>0x4</size>
         <input_file_ref idref="fl-19"/>
      </object_component>
      <object_component id="oc-130">
         <name>.text:UARTIntClear</name>
         <load_address>0x2786</load_address>
         <run_address>0x2786</run_address>
         <size>0x4</size>
         <input_file_ref idref="fl-1a"/>
      </object_component>
      <object_component id="oc-58">
         <name>.text</name>
         <load_address>0x278a</load_address>
         <run_address>0x278a</run_address>
         <size>0x4</size>
         <input_file_ref idref="fl-14b"/>
      </object_component>
      <object_component id="oc-1be">
         <name>.const:g_pui32GPIOBaseAddrs</name>
         <load_address>0x2790</load_address>
         <run_address>0x2790</run_address>
         <size>0x90</size>
         <input_file_ref idref="fl-13"/>
      </object_component>
      <object_component id="oc-349">
         <name>.const</name>
         <load_address>0x2820</load_address>
         <run_address>0x2820</run_address>
         <size>0x88</size>
         <input_file_ref idref="fl-14e"/>
      </object_component>
      <object_component id="oc-201">
         <name>.const</name>
         <load_address>0x28a8</load_address>
         <run_address>0x28a8</run_address>
         <size>0x70</size>
         <input_file_ref idref="fl-15"/>
      </object_component>
      <object_component id="oc-1c3">
         <name>.const:g_pui32Xtals</name>
         <load_address>0x2918</load_address>
         <run_address>0x2918</run_address>
         <size>0x6c</size>
         <input_file_ref idref="fl-17"/>
      </object_component>
      <object_component id="oc-332">
         <name>.const:g_ppui32TimerIntMap</name>
         <load_address>0x2984</load_address>
         <run_address>0x2984</run_address>
         <size>0x60</size>
         <input_file_ref idref="fl-19"/>
      </object_component>
      <object_component id="oc-335">
         <name>.const:g_ppui32TimerIntMapSnowflake</name>
         <load_address>0x29e4</load_address>
         <run_address>0x29e4</run_address>
         <size>0x40</size>
         <input_file_ref idref="fl-19"/>
      </object_component>
      <object_component id="oc-2df">
         <name>.const:g_ppui32UARTIntMap</name>
         <load_address>0x2a24</load_address>
         <run_address>0x2a24</run_address>
         <size>0x40</size>
         <input_file_ref idref="fl-1a"/>
      </object_component>
      <object_component id="oc-2e2">
         <name>.const:g_ppui32UARTIntMapSnowflake</name>
         <load_address>0x2a64</load_address>
         <run_address>0x2a64</run_address>
         <size>0x40</size>
         <input_file_ref idref="fl-1a"/>
      </object_component>
      <object_component id="oc-1e6">
         <name>.const</name>
         <load_address>0x2aa4</load_address>
         <run_address>0x2aa4</run_address>
         <size>0x1c</size>
         <input_file_ref idref="fl-5"/>
      </object_component>
      <object_component id="oc-2d6">
         <name>.const:.string</name>
         <load_address>0x2ac0</load_address>
         <run_address>0x2ac0</run_address>
         <size>0x12</size>
         <input_file_ref idref="fl-5"/>
      </object_component>
      <object_component id="oc-384">
         <name>.cinit..data.load</name>
         <load_address>0x2ad8</load_address>
         <run_address>0x2ad8</run_address>
         <size>0x43</size>
      </object_component>
      <object_component id="oc-381">
         <name>__TI_handler_table</name>
         <load_address>0x2b1c</load_address>
         <run_address>0x2b1c</run_address>
         <size>0xc</size>
      </object_component>
      <object_component id="oc-385">
         <name>.cinit..bss.load</name>
         <load_address>0x2b28</load_address>
         <run_address>0x2b28</run_address>
         <size>0x8</size>
      </object_component>
      <object_component id="oc-383">
         <name>.cinit..vtable.load</name>
         <load_address>0x2b30</load_address>
         <run_address>0x2b30</run_address>
         <size>0x8</size>
      </object_component>
      <object_component id="oc-382">
         <name>__TI_cinit_table</name>
         <load_address>0x2b38</load_address>
         <run_address>0x2b38</run_address>
         <size>0x18</size>
      </object_component>
      <object_component id="oc-2ce">
         <name>.vtable</name>
         <uninitialized>true</uninitialized>
         <run_address>0x20000000</run_address>
         <size>0x26c</size>
         <input_file_ref idref="fl-15"/>
      </object_component>
      <object_component id="oc-29">
         <name>.stack</name>
         <uninitialized>true</uninitialized>
         <run_address>0x2000026c</run_address>
         <size>0x0</size>
         <input_file_ref idref="fl-13e"/>
      </object_component>
      <object_component id="oc-386">
         <name>.stack</name>
         <uninitialized>true</uninitialized>
         <run_address>0x2000026c</run_address>
         <size>0x0</size>
      </object_component>
      <object_component id="oc-22b">
         <name>.bss:timer_event_list</name>
         <uninitialized>true</uninitialized>
         <run_address>0x20000528</run_address>
         <size>0x50</size>
         <input_file_ref idref="fl-6"/>
      </object_component>
      <object_component id="oc-188">
         <name>.common:qei_velocity_timeout</name>
         <uninitialized>true</uninitialized>
         <run_address>0x20000588</run_address>
         <size>0x4</size>
      </object_component>
      <object_component id="oc-190">
         <name>.common:i</name>
         <uninitialized>true</uninitialized>
         <run_address>0x20000584</run_address>
         <size>0x4</size>
      </object_component>
      <object_component id="oc-18d">
         <name>.common:XaxisRaw</name>
         <uninitialized>true</uninitialized>
         <run_address>0x2000058c</run_address>
         <size>0x2</size>
      </object_component>
      <object_component id="oc-18e">
         <name>.common:YaxisRaw</name>
         <uninitialized>true</uninitialized>
         <run_address>0x2000058e</run_address>
         <size>0x2</size>
      </object_component>
      <object_component id="oc-18f">
         <name>.common:ZaxisRaw</name>
         <uninitialized>true</uninitialized>
         <run_address>0x20000590</run_address>
         <size>0x2</size>
      </object_component>
      <object_component id="oc-18b">
         <name>.common:Period</name>
         <uninitialized>true</uninitialized>
         <run_address>0x2000057c</run_address>
         <size>0x4</size>
      </object_component>
      <object_component id="oc-18c">
         <name>.common:Dutycycle</name>
         <uninitialized>true</uninitialized>
         <run_address>0x20000578</run_address>
         <size>0x4</size>
      </object_component>
      <object_component id="oc-2b0">
         <name>.common:headingOffset</name>
         <uninitialized>true</uninitialized>
         <run_address>0x20000580</run_address>
         <size>0x4</size>
      </object_component>
      <object_component id="oc-258">
         <name>.data</name>
         <load_address>0x20000500</load_address>
         <run_address>0x20000500</run_address>
         <size>0xc</size>
         <input_file_ref idref="fl-2"/>
      </object_component>
      <object_component id="oc-185">
         <name>.data</name>
         <load_address>0x200004f0</load_address>
         <run_address>0x200004f0</run_address>
         <size>0x10</size>
         <input_file_ref idref="fl-3"/>
      </object_component>
      <object_component id="oc-1e9">
         <name>.data</name>
         <load_address>0x2000051c</load_address>
         <run_address>0x2000051c</run_address>
         <size>0x5</size>
         <input_file_ref idref="fl-5"/>
      </object_component>
      <object_component id="oc-a8">
         <name>.data</name>
         <load_address>0x20000514</load_address>
         <run_address>0x20000514</run_address>
         <size>0x8</size>
         <input_file_ref idref="fl-142"/>
      </object_component>
      <object_component id="oc-70">
         <name>.data</name>
         <load_address>0x20000524</load_address>
         <run_address>0x20000524</run_address>
         <size>0x4</size>
         <input_file_ref idref="fl-14c"/>
      </object_component>
      <object_component id="oc-346">
         <name>.data</name>
         <load_address>0x20000470</load_address>
         <run_address>0x20000470</run_address>
         <size>0x80</size>
         <input_file_ref idref="fl-14f"/>
      </object_component>
      <object_component id="oc-a5">
         <name>.data</name>
         <load_address>0x2000050c</load_address>
         <run_address>0x2000050c</run_address>
         <size>0x8</size>
         <input_file_ref idref="fl-150"/>
      </object_component>
      <object_component id="oc-2de">
         <name>.debug_info</name>
         <load_address>0x0</load_address>
         <run_address>0x0</run_address>
         <size>0x2ed</size>
         <input_file_ref idref="fl-2"/>
      </object_component>
      <object_component id="oc-259">
         <name>.debug_info</name>
         <load_address>0x2ed</load_address>
         <run_address>0x2ed</run_address>
         <size>0x123</size>
         <input_file_ref idref="fl-2"/>
      </object_component>
      <object_component id="oc-16d">
         <name>.debug_info</name>
         <load_address>0x410</load_address>
         <run_address>0x410</run_address>
         <size>0x692</size>
         <input_file_ref idref="fl-2"/>
      </object_component>
      <object_component id="oc-25c">
         <name>.debug_info</name>
         <load_address>0xaa2</load_address>
         <run_address>0xaa2</run_address>
         <size>0x51</size>
         <input_file_ref idref="fl-2"/>
      </object_component>
      <object_component id="oc-325">
         <name>.debug_info</name>
         <load_address>0xaf3</load_address>
         <run_address>0xaf3</run_address>
         <size>0x9a</size>
         <input_file_ref idref="fl-2"/>
      </object_component>
      <object_component id="oc-77">
         <name>.debug_info</name>
         <load_address>0xb8d</load_address>
         <run_address>0xb8d</run_address>
         <size>0x84</size>
         <input_file_ref idref="fl-2"/>
      </object_component>
      <object_component id="oc-22f">
         <name>.debug_info</name>
         <load_address>0xc11</load_address>
         <run_address>0xc11</run_address>
         <size>0x39</size>
         <input_file_ref idref="fl-2"/>
      </object_component>
      <object_component id="oc-7c">
         <name>.debug_info</name>
         <load_address>0xc4a</load_address>
         <run_address>0xc4a</run_address>
         <size>0x18b</size>
         <input_file_ref idref="fl-2"/>
      </object_component>
      <object_component id="oc-8c">
         <name>.debug_info</name>
         <load_address>0xdd5</load_address>
         <run_address>0xdd5</run_address>
         <size>0x2c</size>
         <input_file_ref idref="fl-2"/>
      </object_component>
      <object_component id="oc-1f3">
         <name>.debug_info</name>
         <load_address>0xe01</load_address>
         <run_address>0xe01</run_address>
         <size>0x4e</size>
         <input_file_ref idref="fl-2"/>
      </object_component>
      <object_component id="oc-189">
         <name>.debug_info</name>
         <load_address>0xe4f</load_address>
         <run_address>0xe4f</run_address>
         <size>0x94a</size>
         <input_file_ref idref="fl-3"/>
      </object_component>
      <object_component id="oc-186">
         <name>.debug_info</name>
         <load_address>0x1799</load_address>
         <run_address>0x1799</run_address>
         <size>0xec</size>
         <input_file_ref idref="fl-3"/>
      </object_component>
      <object_component id="oc-9e">
         <name>.debug_info</name>
         <load_address>0x1885</load_address>
         <run_address>0x1885</run_address>
         <size>0xbf7</size>
         <input_file_ref idref="fl-3"/>
      </object_component>
      <object_component id="oc-192">
         <name>.debug_info</name>
         <load_address>0x247c</load_address>
         <run_address>0x247c</run_address>
         <size>0x8b</size>
         <input_file_ref idref="fl-3"/>
      </object_component>
      <object_component id="oc-32">
         <name>.debug_info</name>
         <load_address>0x2507</load_address>
         <run_address>0x2507</run_address>
         <size>0xfb</size>
         <input_file_ref idref="fl-4"/>
      </object_component>
      <object_component id="oc-10">
         <name>.debug_info</name>
         <load_address>0x2602</load_address>
         <run_address>0x2602</run_address>
         <size>0xe0</size>
         <input_file_ref idref="fl-4"/>
      </object_component>
      <object_component id="oc-2b">
         <name>.debug_info</name>
         <load_address>0x26e2</load_address>
         <run_address>0x26e2</run_address>
         <size>0x25c</size>
         <input_file_ref idref="fl-4"/>
      </object_component>
      <object_component id="oc-1f2">
         <name>.debug_info</name>
         <load_address>0x293e</load_address>
         <run_address>0x293e</run_address>
         <size>0x10a</size>
         <input_file_ref idref="fl-5"/>
      </object_component>
      <object_component id="oc-1ea">
         <name>.debug_info</name>
         <load_address>0x2a48</load_address>
         <run_address>0x2a48</run_address>
         <size>0xf1</size>
         <input_file_ref idref="fl-5"/>
      </object_component>
      <object_component id="oc-1e7">
         <name>.debug_info</name>
         <load_address>0x2b39</load_address>
         <run_address>0x2b39</run_address>
         <size>0x147</size>
         <input_file_ref idref="fl-5"/>
      </object_component>
      <object_component id="oc-143">
         <name>.debug_info</name>
         <load_address>0x2c80</load_address>
         <run_address>0x2c80</run_address>
         <size>0x8d5</size>
         <input_file_ref idref="fl-5"/>
      </object_component>
      <object_component id="oc-2f8">
         <name>.debug_info</name>
         <load_address>0x3555</load_address>
         <run_address>0x3555</run_address>
         <size>0x349</size>
         <input_file_ref idref="fl-6"/>
      </object_component>
      <object_component id="oc-22c">
         <name>.debug_info</name>
         <load_address>0x389e</load_address>
         <run_address>0x389e</run_address>
         <size>0xda</size>
         <input_file_ref idref="fl-6"/>
      </object_component>
      <object_component id="oc-167">
         <name>.debug_info</name>
         <load_address>0x3978</load_address>
         <run_address>0x3978</run_address>
         <size>0x3cc</size>
         <input_file_ref idref="fl-6"/>
      </object_component>
      <object_component id="oc-33b">
         <name>.debug_info</name>
         <load_address>0x3d44</load_address>
         <run_address>0x3d44</run_address>
         <size>0x6b</size>
         <input_file_ref idref="fl-6"/>
      </object_component>
      <object_component id="oc-2b1">
         <name>.debug_info</name>
         <load_address>0x3daf</load_address>
         <run_address>0x3daf</run_address>
         <size>0x495</size>
         <input_file_ref idref="fl-8"/>
      </object_component>
      <object_component id="oc-173">
         <name>.debug_info</name>
         <load_address>0x4244</load_address>
         <run_address>0x4244</run_address>
         <size>0xfcd</size>
         <input_file_ref idref="fl-8"/>
      </object_component>
      <object_component id="oc-23e">
         <name>.debug_info</name>
         <load_address>0x5211</load_address>
         <run_address>0x5211</run_address>
         <size>0x225</size>
         <input_file_ref idref="fl-12"/>
      </object_component>
      <object_component id="oc-238">
         <name>.debug_info</name>
         <load_address>0x5436</load_address>
         <run_address>0x5436</run_address>
         <size>0x20d</size>
         <input_file_ref idref="fl-12"/>
      </object_component>
      <object_component id="oc-1c2">
         <name>.debug_info</name>
         <load_address>0x5643</load_address>
         <run_address>0x5643</run_address>
         <size>0x240</size>
         <input_file_ref idref="fl-13"/>
      </object_component>
      <object_component id="oc-1bf">
         <name>.debug_info</name>
         <load_address>0x5883</load_address>
         <run_address>0x5883</run_address>
         <size>0x15b</size>
         <input_file_ref idref="fl-13"/>
      </object_component>
      <object_component id="oc-17f">
         <name>.debug_info</name>
         <load_address>0x59de</load_address>
         <run_address>0x59de</run_address>
         <size>0x2a3</size>
         <input_file_ref idref="fl-13"/>
      </object_component>
      <object_component id="oc-1b8">
         <name>.debug_info</name>
         <load_address>0x5c81</load_address>
         <run_address>0x5c81</run_address>
         <size>0x2b3</size>
         <input_file_ref idref="fl-13"/>
      </object_component>
      <object_component id="oc-ef">
         <name>.debug_info</name>
         <load_address>0x5f34</load_address>
         <run_address>0x5f34</run_address>
         <size>0x316</size>
         <input_file_ref idref="fl-13"/>
      </object_component>
      <object_component id="oc-137">
         <name>.debug_info</name>
         <load_address>0x624a</load_address>
         <run_address>0x624a</run_address>
         <size>0x27b</size>
         <input_file_ref idref="fl-13"/>
      </object_component>
      <object_component id="oc-cb">
         <name>.debug_info</name>
         <load_address>0x64c5</load_address>
         <run_address>0x64c5</run_address>
         <size>0x279</size>
         <input_file_ref idref="fl-13"/>
      </object_component>
      <object_component id="oc-262">
         <name>.debug_info</name>
         <load_address>0x673e</load_address>
         <run_address>0x673e</run_address>
         <size>0x27f</size>
         <input_file_ref idref="fl-13"/>
      </object_component>
      <object_component id="oc-268">
         <name>.debug_info</name>
         <load_address>0x69bd</load_address>
         <run_address>0x69bd</run_address>
         <size>0x279</size>
         <input_file_ref idref="fl-13"/>
      </object_component>
      <object_component id="oc-179">
         <name>.debug_info</name>
         <load_address>0x6c36</load_address>
         <run_address>0x6c36</run_address>
         <size>0x2b7</size>
         <input_file_ref idref="fl-13"/>
      </object_component>
      <object_component id="oc-125">
         <name>.debug_info</name>
         <load_address>0x6eed</load_address>
         <run_address>0x6eed</run_address>
         <size>0x285</size>
         <input_file_ref idref="fl-13"/>
      </object_component>
      <object_component id="oc-d1">
         <name>.debug_info</name>
         <load_address>0x7172</load_address>
         <run_address>0x7172</run_address>
         <size>0x280</size>
         <input_file_ref idref="fl-13"/>
      </object_component>
      <object_component id="oc-30b">
         <name>.debug_info</name>
         <load_address>0x73f2</load_address>
         <run_address>0x73f2</run_address>
         <size>0x231</size>
         <input_file_ref idref="fl-14"/>
      </object_component>
      <object_component id="oc-274">
         <name>.debug_info</name>
         <load_address>0x7623</load_address>
         <run_address>0x7623</run_address>
         <size>0x2ce</size>
         <input_file_ref idref="fl-14"/>
      </object_component>
      <object_component id="oc-305">
         <name>.debug_info</name>
         <load_address>0x78f1</load_address>
         <run_address>0x78f1</run_address>
         <size>0x24e</size>
         <input_file_ref idref="fl-14"/>
      </object_component>
      <object_component id="oc-26e">
         <name>.debug_info</name>
         <load_address>0x7b3f</load_address>
         <run_address>0x7b3f</run_address>
         <size>0x2d5</size>
         <input_file_ref idref="fl-14"/>
      </object_component>
      <object_component id="oc-27a">
         <name>.debug_info</name>
         <load_address>0x7e14</load_address>
         <run_address>0x7e14</run_address>
         <size>0x27e</size>
         <input_file_ref idref="fl-14"/>
      </object_component>
      <object_component id="oc-28c">
         <name>.debug_info</name>
         <load_address>0x8092</load_address>
         <run_address>0x8092</run_address>
         <size>0x254</size>
         <input_file_ref idref="fl-14"/>
      </object_component>
      <object_component id="oc-280">
         <name>.debug_info</name>
         <load_address>0x82e6</load_address>
         <run_address>0x82e6</run_address>
         <size>0x27e</size>
         <input_file_ref idref="fl-14"/>
      </object_component>
      <object_component id="oc-286">
         <name>.debug_info</name>
         <load_address>0x8564</load_address>
         <run_address>0x8564</run_address>
         <size>0x24e</size>
         <input_file_ref idref="fl-14"/>
      </object_component>
      <object_component id="oc-205">
         <name>.debug_info</name>
         <load_address>0x87b2</load_address>
         <run_address>0x87b2</run_address>
         <size>0x20e</size>
         <input_file_ref idref="fl-15"/>
      </object_component>
      <object_component id="oc-202">
         <name>.debug_info</name>
         <load_address>0x89c0</load_address>
         <run_address>0x89c0</run_address>
         <size>0x210</size>
         <input_file_ref idref="fl-15"/>
      </object_component>
      <object_component id="oc-2cf">
         <name>.debug_info</name>
         <load_address>0x8bd0</load_address>
         <run_address>0x8bd0</run_address>
         <size>0x157</size>
         <input_file_ref idref="fl-15"/>
      </object_component>
      <object_component id="oc-1d4">
         <name>.debug_info</name>
         <load_address>0x8d27</load_address>
         <run_address>0x8d27</run_address>
         <size>0x2c1</size>
         <input_file_ref idref="fl-15"/>
      </object_component>
      <object_component id="oc-15c">
         <name>.debug_info</name>
         <load_address>0x8fe8</load_address>
         <run_address>0x8fe8</run_address>
         <size>0x268</size>
         <input_file_ref idref="fl-15"/>
      </object_component>
      <object_component id="oc-1b6">
         <name>.debug_info</name>
         <load_address>0x9250</load_address>
         <run_address>0x9250</run_address>
         <size>0x1e8</size>
         <input_file_ref idref="fl-16"/>
      </object_component>
      <object_component id="oc-10d">
         <name>.debug_info</name>
         <load_address>0x9438</load_address>
         <run_address>0x9438</run_address>
         <size>0x250</size>
         <input_file_ref idref="fl-16"/>
      </object_component>
      <object_component id="oc-e3">
         <name>.debug_info</name>
         <load_address>0x9688</load_address>
         <run_address>0x9688</run_address>
         <size>0x252</size>
         <input_file_ref idref="fl-16"/>
      </object_component>
      <object_component id="oc-dd">
         <name>.debug_info</name>
         <load_address>0x98da</load_address>
         <run_address>0x98da</run_address>
         <size>0x2cc</size>
         <input_file_ref idref="fl-16"/>
      </object_component>
      <object_component id="oc-1cd">
         <name>.debug_info</name>
         <load_address>0x9ba6</load_address>
         <run_address>0x9ba6</run_address>
         <size>0x270</size>
         <input_file_ref idref="fl-16"/>
      </object_component>
      <object_component id="oc-101">
         <name>.debug_info</name>
         <load_address>0x9e16</load_address>
         <run_address>0x9e16</run_address>
         <size>0x27a</size>
         <input_file_ref idref="fl-16"/>
      </object_component>
      <object_component id="oc-fb">
         <name>.debug_info</name>
         <load_address>0xa090</load_address>
         <run_address>0xa090</run_address>
         <size>0x2bd</size>
         <input_file_ref idref="fl-16"/>
      </object_component>
      <object_component id="oc-f5">
         <name>.debug_info</name>
         <load_address>0xa34d</load_address>
         <run_address>0xa34d</run_address>
         <size>0x28a</size>
         <input_file_ref idref="fl-16"/>
      </object_component>
      <object_component id="oc-107">
         <name>.debug_info</name>
         <load_address>0xa5d7</load_address>
         <run_address>0xa5d7</run_address>
         <size>0x288</size>
         <input_file_ref idref="fl-16"/>
      </object_component>
      <object_component id="oc-e9">
         <name>.debug_info</name>
         <load_address>0xa85f</load_address>
         <run_address>0xa85f</run_address>
         <size>0x23f</size>
         <input_file_ref idref="fl-16"/>
      </object_component>
      <object_component id="oc-113">
         <name>.debug_info</name>
         <load_address>0xaa9e</load_address>
         <run_address>0xaa9e</run_address>
         <size>0x24f</size>
         <input_file_ref idref="fl-16"/>
      </object_component>
      <object_component id="oc-c5">
         <name>.debug_info</name>
         <load_address>0xaced</load_address>
         <run_address>0xaced</run_address>
         <size>0x2cd</size>
         <input_file_ref idref="fl-16"/>
      </object_component>
      <object_component id="oc-1b4">
         <name>.debug_info</name>
         <load_address>0xafba</load_address>
         <run_address>0xafba</run_address>
         <size>0x298</size>
         <input_file_ref idref="fl-17"/>
      </object_component>
      <object_component id="oc-1c4">
         <name>.debug_info</name>
         <load_address>0xb252</load_address>
         <run_address>0xb252</run_address>
         <size>0x14d</size>
         <input_file_ref idref="fl-17"/>
      </object_component>
      <object_component id="oc-bf">
         <name>.debug_info</name>
         <load_address>0xb39f</load_address>
         <run_address>0xb39f</run_address>
         <size>0x27d</size>
         <input_file_ref idref="fl-17"/>
      </object_component>
      <object_component id="oc-162">
         <name>.debug_info</name>
         <load_address>0xb61c</load_address>
         <run_address>0xb61c</run_address>
         <size>0x2db</size>
         <input_file_ref idref="fl-17"/>
      </object_component>
      <object_component id="oc-d8">
         <name>.debug_info</name>
         <load_address>0xb8f7</load_address>
         <run_address>0xb8f7</run_address>
         <size>0x2b5</size>
         <input_file_ref idref="fl-17"/>
      </object_component>
      <object_component id="oc-2bf">
         <name>.debug_info</name>
         <load_address>0xbbac</load_address>
         <run_address>0xbbac</run_address>
         <size>0x5f</size>
         <input_file_ref idref="fl-17"/>
      </object_component>
      <object_component id="oc-2fc">
         <name>.debug_info</name>
         <load_address>0xbc0b</load_address>
         <run_address>0xbc0b</run_address>
         <size>0x19d</size>
         <input_file_ref idref="fl-18"/>
      </object_component>
      <object_component id="oc-241">
         <name>.debug_info</name>
         <load_address>0xbda8</load_address>
         <run_address>0xbda8</run_address>
         <size>0x261</size>
         <input_file_ref idref="fl-18"/>
      </object_component>
      <object_component id="oc-247">
         <name>.debug_info</name>
         <load_address>0xc009</load_address>
         <run_address>0xc009</run_address>
         <size>0x277</size>
         <input_file_ref idref="fl-18"/>
      </object_component>
      <object_component id="oc-24d">
         <name>.debug_info</name>
         <load_address>0xc280</load_address>
         <run_address>0xc280</run_address>
         <size>0x227</size>
         <input_file_ref idref="fl-18"/>
      </object_component>
      <object_component id="oc-253">
         <name>.debug_info</name>
         <load_address>0xc4a7</load_address>
         <run_address>0xc4a7</run_address>
         <size>0x221</size>
         <input_file_ref idref="fl-18"/>
      </object_component>
      <object_component id="oc-1de">
         <name>.debug_info</name>
         <load_address>0xc6c8</load_address>
         <run_address>0xc6c8</run_address>
         <size>0x223</size>
         <input_file_ref idref="fl-19"/>
      </object_component>
      <object_component id="oc-333">
         <name>.debug_info</name>
         <load_address>0xc8eb</load_address>
         <run_address>0xc8eb</run_address>
         <size>0x15a</size>
         <input_file_ref idref="fl-19"/>
      </object_component>
      <object_component id="oc-336">
         <name>.debug_info</name>
         <load_address>0xca45</load_address>
         <run_address>0xca45</run_address>
         <size>0x16c</size>
         <input_file_ref idref="fl-19"/>
      </object_component>
      <object_component id="oc-11f">
         <name>.debug_info</name>
         <load_address>0xcbb1</load_address>
         <run_address>0xcbb1</run_address>
         <size>0x2bc</size>
         <input_file_ref idref="fl-19"/>
      </object_component>
      <object_component id="oc-119">
         <name>.debug_info</name>
         <load_address>0xce6d</load_address>
         <run_address>0xce6d</run_address>
         <size>0x2ba</size>
         <input_file_ref idref="fl-19"/>
      </object_component>
      <object_component id="oc-2ec">
         <name>.debug_info</name>
         <load_address>0xd127</load_address>
         <run_address>0xd127</run_address>
         <size>0x2eb</size>
         <input_file_ref idref="fl-19"/>
      </object_component>
      <object_component id="oc-20e">
         <name>.debug_info</name>
         <load_address>0xd412</load_address>
         <run_address>0xd412</run_address>
         <size>0x2e4</size>
         <input_file_ref idref="fl-19"/>
      </object_component>
      <object_component id="oc-214">
         <name>.debug_info</name>
         <load_address>0xd6f6</load_address>
         <run_address>0xd6f6</run_address>
         <size>0x294</size>
         <input_file_ref idref="fl-19"/>
      </object_component>
      <object_component id="oc-21a">
         <name>.debug_info</name>
         <load_address>0xd98a</load_address>
         <run_address>0xd98a</run_address>
         <size>0x292</size>
         <input_file_ref idref="fl-19"/>
      </object_component>
      <object_component id="oc-226">
         <name>.debug_info</name>
         <load_address>0xdc1c</load_address>
         <run_address>0xdc1c</run_address>
         <size>0x27f</size>
         <input_file_ref idref="fl-19"/>
      </object_component>
      <object_component id="oc-220">
         <name>.debug_info</name>
         <load_address>0xde9b</load_address>
         <run_address>0xde9b</run_address>
         <size>0x2b8</size>
         <input_file_ref idref="fl-19"/>
      </object_component>
      <object_component id="oc-208">
         <name>.debug_info</name>
         <load_address>0xe153</load_address>
         <run_address>0xe153</run_address>
         <size>0x28c</size>
         <input_file_ref idref="fl-19"/>
      </object_component>
      <object_component id="oc-1e2">
         <name>.debug_info</name>
         <load_address>0xe3df</load_address>
         <run_address>0xe3df</run_address>
         <size>0x227</size>
         <input_file_ref idref="fl-1a"/>
      </object_component>
      <object_component id="oc-2e0">
         <name>.debug_info</name>
         <load_address>0xe606</load_address>
         <run_address>0xe606</run_address>
         <size>0x157</size>
         <input_file_ref idref="fl-1a"/>
      </object_component>
      <object_component id="oc-2e3">
         <name>.debug_info</name>
         <load_address>0xe75d</load_address>
         <run_address>0xe75d</run_address>
         <size>0x169</size>
         <input_file_ref idref="fl-1a"/>
      </object_component>
      <object_component id="oc-1f9">
         <name>.debug_info</name>
         <load_address>0xe8c6</load_address>
         <run_address>0xe8c6</run_address>
         <size>0x27e</size>
         <input_file_ref idref="fl-1a"/>
      </object_component>
      <object_component id="oc-12b">
         <name>.debug_info</name>
         <load_address>0xeb44</load_address>
         <run_address>0xeb44</run_address>
         <size>0x27f</size>
         <input_file_ref idref="fl-1a"/>
      </object_component>
      <object_component id="oc-149">
         <name>.debug_info</name>
         <load_address>0xedc3</load_address>
         <run_address>0xedc3</run_address>
         <size>0x2c3</size>
         <input_file_ref idref="fl-1a"/>
      </object_component>
      <object_component id="oc-14f">
         <name>.debug_info</name>
         <load_address>0xf086</load_address>
         <run_address>0xf086</run_address>
         <size>0x28f</size>
         <input_file_ref idref="fl-1a"/>
      </object_component>
      <object_component id="oc-131">
         <name>.debug_info</name>
         <load_address>0xf315</load_address>
         <run_address>0xf315</run_address>
         <size>0x28d</size>
         <input_file_ref idref="fl-1a"/>
      </object_component>
      <object_component id="oc-155">
         <name>.debug_info</name>
         <load_address>0xf5a2</load_address>
         <run_address>0xf5a2</run_address>
         <size>0x247</size>
         <input_file_ref idref="fl-1a"/>
      </object_component>
      <object_component id="oc-13d">
         <name>.debug_info</name>
         <load_address>0xf7e9</load_address>
         <run_address>0xf7e9</run_address>
         <size>0x291</size>
         <input_file_ref idref="fl-1a"/>
      </object_component>
      <object_component id="oc-31e">
         <name>.debug_info</name>
         <load_address>0xfa7a</load_address>
         <run_address>0xfa7a</run_address>
         <size>0x145</size>
         <input_file_ref idref="fl-13d"/>
      </object_component>
      <object_component id="oc-299">
         <name>.debug_info</name>
         <load_address>0xfbbf</load_address>
         <run_address>0xfbbf</run_address>
         <size>0x206</size>
         <input_file_ref idref="fl-13d"/>
      </object_component>
      <object_component id="oc-25">
         <name>.debug_info</name>
         <load_address>0xfdc5</load_address>
         <run_address>0xfdc5</run_address>
         <size>0x138</size>
         <input_file_ref idref="fl-13e"/>
      </object_component>
      <object_component id="oc-3e">
         <name>.debug_info</name>
         <load_address>0xfefd</load_address>
         <run_address>0xfefd</run_address>
         <size>0x123</size>
         <input_file_ref idref="fl-13f"/>
      </object_component>
      <object_component id="oc-13">
         <name>.debug_info</name>
         <load_address>0x10020</load_address>
         <run_address>0x10020</run_address>
         <size>0x1c2</size>
         <input_file_ref idref="fl-13f"/>
      </object_component>
      <object_component id="oc-39">
         <name>.debug_info</name>
         <load_address>0x101e2</load_address>
         <run_address>0x101e2</run_address>
         <size>0x46</size>
         <input_file_ref idref="fl-13f"/>
      </object_component>
      <object_component id="oc-82">
         <name>.debug_info</name>
         <load_address>0x10228</load_address>
         <run_address>0x10228</run_address>
         <size>0x2c</size>
         <input_file_ref idref="fl-13f"/>
      </object_component>
      <object_component id="oc-46">
         <name>.debug_info</name>
         <load_address>0x10254</load_address>
         <run_address>0x10254</run_address>
         <size>0x117</size>
         <input_file_ref idref="fl-140"/>
      </object_component>
      <object_component id="oc-40">
         <name>.debug_info</name>
         <load_address>0x1036b</load_address>
         <run_address>0x1036b</run_address>
         <size>0x22a</size>
         <input_file_ref idref="fl-140"/>
      </object_component>
      <object_component id="oc-19">
         <name>.debug_info</name>
         <load_address>0x10595</load_address>
         <run_address>0x10595</run_address>
         <size>0x1bc</size>
         <input_file_ref idref="fl-140"/>
      </object_component>
      <object_component id="oc-47">
         <name>.debug_info</name>
         <load_address>0x10751</load_address>
         <run_address>0x10751</run_address>
         <size>0x39</size>
         <input_file_ref idref="fl-140"/>
      </object_component>
      <object_component id="oc-57">
         <name>.debug_info</name>
         <load_address>0x1078a</load_address>
         <run_address>0x1078a</run_address>
         <size>0x112</size>
         <input_file_ref idref="fl-141"/>
      </object_component>
      <object_component id="oc-1f">
         <name>.debug_info</name>
         <load_address>0x1089c</load_address>
         <run_address>0x1089c</run_address>
         <size>0x18d</size>
         <input_file_ref idref="fl-141"/>
      </object_component>
      <object_component id="oc-52">
         <name>.debug_info</name>
         <load_address>0x10a29</load_address>
         <run_address>0x10a29</run_address>
         <size>0x46</size>
         <input_file_ref idref="fl-141"/>
      </object_component>
      <object_component id="oc-ac">
         <name>.debug_info</name>
         <load_address>0x10a6f</load_address>
         <run_address>0x10a6f</run_address>
         <size>0x174</size>
         <input_file_ref idref="fl-142"/>
      </object_component>
      <object_component id="oc-a9">
         <name>.debug_info</name>
         <load_address>0x10be3</load_address>
         <run_address>0x10be3</run_address>
         <size>0x119</size>
         <input_file_ref idref="fl-142"/>
      </object_component>
      <object_component id="oc-6d">
         <name>.debug_info</name>
         <load_address>0x10cfc</load_address>
         <run_address>0x10cfc</run_address>
         <size>0x1f0</size>
         <input_file_ref idref="fl-142"/>
      </object_component>
      <object_component id="oc-2a7">
         <name>.debug_info</name>
         <load_address>0x10eec</load_address>
         <run_address>0x10eec</run_address>
         <size>0x12d</size>
         <input_file_ref idref="fl-143"/>
      </object_component>
      <object_component id="oc-313">
         <name>.debug_info</name>
         <load_address>0x11019</load_address>
         <run_address>0x11019</run_address>
         <size>0x109</size>
         <input_file_ref idref="fl-144"/>
      </object_component>
      <object_component id="oc-2a2">
         <name>.debug_info</name>
         <load_address>0x11122</load_address>
         <run_address>0x11122</run_address>
         <size>0x11b</size>
         <input_file_ref idref="fl-145"/>
      </object_component>
      <object_component id="oc-2ac">
         <name>.debug_info</name>
         <load_address>0x1123d</load_address>
         <run_address>0x1123d</run_address>
         <size>0x11b</size>
         <input_file_ref idref="fl-146"/>
      </object_component>
      <object_component id="oc-29d">
         <name>.debug_info</name>
         <load_address>0x11358</load_address>
         <run_address>0x11358</run_address>
         <size>0x116</size>
         <input_file_ref idref="fl-147"/>
      </object_component>
      <object_component id="oc-292">
         <name>.debug_info</name>
         <load_address>0x1146e</load_address>
         <run_address>0x1146e</run_address>
         <size>0x10d</size>
         <input_file_ref idref="fl-148"/>
      </object_component>
      <object_component id="oc-34">
         <name>.debug_info</name>
         <load_address>0x1157b</load_address>
         <run_address>0x1157b</run_address>
         <size>0xfa</size>
         <input_file_ref idref="fl-149"/>
      </object_component>
      <object_component id="oc-4d">
         <name>.debug_info</name>
         <load_address>0x11675</load_address>
         <run_address>0x11675</run_address>
         <size>0x12a</size>
         <input_file_ref idref="fl-14a"/>
      </object_component>
      <object_component id="oc-59">
         <name>.debug_info</name>
         <load_address>0x1179f</load_address>
         <run_address>0x1179f</run_address>
         <size>0x12b</size>
         <input_file_ref idref="fl-14b"/>
      </object_component>
      <object_component id="oc-71">
         <name>.debug_info</name>
         <load_address>0x118ca</load_address>
         <run_address>0x118ca</run_address>
         <size>0xec</size>
         <input_file_ref idref="fl-14c"/>
      </object_component>
      <object_component id="oc-1ee">
         <name>.debug_info</name>
         <load_address>0x119b6</load_address>
         <run_address>0x119b6</run_address>
         <size>0x165</size>
         <input_file_ref idref="fl-14d"/>
      </object_component>
      <object_component id="oc-35c">
         <name>.debug_info</name>
         <load_address>0x11b1b</load_address>
         <run_address>0x11b1b</run_address>
         <size>0x1b2</size>
         <input_file_ref idref="fl-14e"/>
      </object_component>
      <object_component id="oc-34a">
         <name>.debug_info</name>
         <load_address>0x11ccd</load_address>
         <run_address>0x11ccd</run_address>
         <size>0x120</size>
         <input_file_ref idref="fl-14e"/>
      </object_component>
      <object_component id="oc-318">
         <name>.debug_info</name>
         <load_address>0x11ded</load_address>
         <run_address>0x11ded</run_address>
         <size>0x32e</size>
         <input_file_ref idref="fl-14e"/>
      </object_component>
      <object_component id="oc-355">
         <name>.debug_info</name>
         <load_address>0x1211b</load_address>
         <run_address>0x1211b</run_address>
         <size>0x86</size>
         <input_file_ref idref="fl-14e"/>
      </object_component>
      <object_component id="oc-347">
         <name>.debug_info</name>
         <load_address>0x121a1</load_address>
         <run_address>0x121a1</run_address>
         <size>0x1b7</size>
         <input_file_ref idref="fl-14f"/>
      </object_component>
      <object_component id="oc-1a6">
         <name>.debug_info</name>
         <load_address>0x12358</load_address>
         <run_address>0x12358</run_address>
         <size>0x107</size>
         <input_file_ref idref="fl-150"/>
      </object_component>
      <object_component id="oc-a6">
         <name>.debug_info</name>
         <load_address>0x1245f</load_address>
         <run_address>0x1245f</run_address>
         <size>0xf6</size>
         <input_file_ref idref="fl-150"/>
      </object_component>
      <object_component id="oc-1a2">
         <name>.debug_info</name>
         <load_address>0x12555</load_address>
         <run_address>0x12555</run_address>
         <size>0x202</size>
         <input_file_ref idref="fl-150"/>
      </object_component>
      <object_component id="oc-a4">
         <name>.debug_info</name>
         <load_address>0x12757</load_address>
         <run_address>0x12757</run_address>
         <size>0x149</size>
         <input_file_ref idref="fl-151"/>
      </object_component>
      <object_component id="oc-65">
         <name>.debug_info</name>
         <load_address>0x128a0</load_address>
         <run_address>0x128a0</run_address>
         <size>0x14a</size>
         <input_file_ref idref="fl-151"/>
      </object_component>
      <object_component id="oc-199">
         <name>.debug_info</name>
         <load_address>0x129ea</load_address>
         <run_address>0x129ea</run_address>
         <size>0x5e</size>
         <input_file_ref idref="fl-151"/>
      </object_component>
      <object_component id="oc-9c">
         <name>.debug_info</name>
         <load_address>0x12a48</load_address>
         <run_address>0x12a48</run_address>
         <size>0x2a0</size>
         <input_file_ref idref="fl-152"/>
      </object_component>
      <object_component id="oc-5f">
         <name>.debug_info</name>
         <load_address>0x12ce8</load_address>
         <run_address>0x12ce8</run_address>
         <size>0x15a</size>
         <input_file_ref idref="fl-152"/>
      </object_component>
      <object_component id="oc-b4">
         <name>.debug_info</name>
         <load_address>0x12e42</load_address>
         <run_address>0x12e42</run_address>
         <size>0x39</size>
         <input_file_ref idref="fl-152"/>
      </object_component>
      <object_component id="oc-b9">
         <name>.debug_info</name>
         <load_address>0x12e7b</load_address>
         <run_address>0x12e7b</run_address>
         <size>0xcd</size>
         <input_file_ref idref="fl-152"/>
      </object_component>
      <object_component id="oc-b1">
         <name>.debug_info</name>
         <load_address>0x12f48</load_address>
         <run_address>0x12f48</run_address>
         <size>0x1c3</size>
         <input_file_ref idref="fl-153"/>
      </object_component>
      <object_component id="oc-96">
         <name>.debug_info</name>
         <load_address>0x1310b</load_address>
         <run_address>0x1310b</run_address>
         <size>0x17f</size>
         <input_file_ref idref="fl-153"/>
      </object_component>
      <object_component id="oc-1ae">
         <name>.debug_info</name>
         <load_address>0x1328a</load_address>
         <run_address>0x1328a</run_address>
         <size>0x2c</size>
         <input_file_ref idref="fl-153"/>
      </object_component>
      <object_component id="oc-387">
         <name>.debug_info</name>
         <load_address>0x132b6</load_address>
         <run_address>0x132b6</run_address>
         <size>0x9a</size>
      </object_component>
      <object_component id="oc-32d">
         <name>.debug_line</name>
         <load_address>0x0</load_address>
         <run_address>0x0</run_address>
         <size>0xfc</size>
         <input_file_ref idref="fl-2"/>
      </object_component>
      <object_component id="oc-301">
         <name>.debug_line</name>
         <load_address>0xfc</load_address>
         <run_address>0xfc</run_address>
         <size>0x35</size>
         <input_file_ref idref="fl-2"/>
      </object_component>
      <object_component id="oc-170">
         <name>.debug_line</name>
         <load_address>0x131</load_address>
         <run_address>0x131</run_address>
         <size>0x11d</size>
         <input_file_ref idref="fl-2"/>
      </object_component>
      <object_component id="oc-25f">
         <name>.debug_line</name>
         <load_address>0x24e</load_address>
         <run_address>0x24e</run_address>
         <size>0x35</size>
         <input_file_ref idref="fl-2"/>
      </object_component>
      <object_component id="oc-328">
         <name>.debug_line</name>
         <load_address>0x283</load_address>
         <run_address>0x283</run_address>
         <size>0x3f</size>
         <input_file_ref idref="fl-2"/>
      </object_component>
      <object_component id="oc-7a">
         <name>.debug_line</name>
         <load_address>0x2c2</load_address>
         <run_address>0x2c2</run_address>
         <size>0x20</size>
         <input_file_ref idref="fl-2"/>
      </object_component>
      <object_component id="oc-232">
         <name>.debug_line</name>
         <load_address>0x2e2</load_address>
         <run_address>0x2e2</run_address>
         <size>0x34</size>
         <input_file_ref idref="fl-2"/>
      </object_component>
      <object_component id="oc-7f">
         <name>.debug_line</name>
         <load_address>0x316</load_address>
         <run_address>0x316</run_address>
         <size>0x60</size>
         <input_file_ref idref="fl-2"/>
      </object_component>
      <object_component id="oc-8f">
         <name>.debug_line</name>
         <load_address>0x376</load_address>
         <run_address>0x376</run_address>
         <size>0x60</size>
         <input_file_ref idref="fl-2"/>
      </object_component>
      <object_component id="oc-1f6">
         <name>.debug_line</name>
         <load_address>0x3d6</load_address>
         <run_address>0x3d6</run_address>
         <size>0x60</size>
         <input_file_ref idref="fl-2"/>
      </object_component>
      <object_component id="oc-2b9">
         <name>.debug_line</name>
         <load_address>0x436</load_address>
         <run_address>0x436</run_address>
         <size>0x200</size>
         <input_file_ref idref="fl-3"/>
      </object_component>
      <object_component id="oc-2b7">
[...]
         <object_component_ref idref="oc-9d"/>
      </symbol>
      <symbol id="sm-e3">
         <name>ConfigUART</name>
         <value>0xfe1</value>
         <object_component_ref idref="oc-9d"/>
      </symbol>
      <symbol id="sm-ff">
         <name>ResetISR</name>
         <value>0x26f1</value>
         <object_component_ref idref="oc-2a"/>
      </symbol>
      <symbol id="sm-100">
         <name>g_pfnVectors</name>
         <value>0x0</value>
         <object_component_ref idref="oc-f"/>
      </symbol>
      <symbol id="sm-167">
         <name>UARTgetc</name>
         <value>0x8f1</value>
         <object_component_ref idref="oc-142"/>
      </symbol>
      <symbol id="sm-168">
         <name>UARTgets</name>
         <value>0x82b</value>
         <object_component_ref idref="oc-142"/>
      </symbol>
      <symbol id="sm-169">
         <name>UARTStdioConfig</name>
         <value>0x779</value>
         <object_component_ref idref="oc-142"/>
      </symbol>
      <symbol id="sm-16a">
         <name>UARTwrite</name>
         <value>0x7d9</value>
         <object_component_ref idref="oc-142"/>
      </symbol>
      <symbol id="sm-16b">
         <name>UARTprintf</name>
         <value>0xc1f</value>
         <object_component_ref idref="oc-142"/>
      </symbol>
      <symbol id="sm-16c">
         <name>UARTvprintf</name>
         <value>0x925</value>
         <object_component_ref idref="oc-142"/>
      </symbol>
      <symbol id="sm-196">
         <name>TIMER_ISR</name>
         <value>0x1829</value>
         <object_component_ref idref="oc-166"/>
      </symbol>
      <symbol id="sm-197">
         <name>Timer_Init</name>
         <value>0x173d</value>
         <object_component_ref idref="oc-166"/>
      </symbol>
      <symbol id="sm-198">
         <name>TIMER_RegisterEvent</name>
         <value>0x1795</value>
         <object_component_ref idref="oc-166"/>
      </symbol>
      <symbol id="sm-199">
         <name>TIMER_UnregisterEvent</name>
         <value>0x17ed</value>
         <object_component_ref idref="oc-166"/>
      </symbol>
      <symbol id="sm-1d9">
         <name>headingOffset</name>
         <value>0x20000580</value>
      </symbol>
      <symbol id="sm-1da">
         <name>Hmc5883lCalibration</name>
         <value>0x52d</value>
         <object_component_ref idref="oc-172"/>
      </symbol>
      <symbol id="sm-1db">
         <name>Hmc5883lInit</name>
         <value>0x44f</value>
         <object_component_ref idref="oc-172"/>
      </symbol>
      <symbol id="sm-1dc">
         <name>Hmc5883lMeasurement</name>
         <value>0x4bb</value>
         <object_component_ref idref="oc-172"/>
      </symbol>
      <symbol id="sm-1dd">
         <name>Hmc5883lAzimuth</name>
         <value>0x69d</value>
         <object_component_ref idref="oc-172"/>
      </symbol>
      <symbol id="sm-1f6">
         <name>FPULazyStackingEnable</name>
         <value>0x267d</value>
         <object_component_ref idref="oc-23a"/>
      </symbol>
      <symbol id="sm-1f7">
         <name>FPUEnable</name>
         <value>0x266d</value>
         <object_component_ref idref="oc-234"/>
      </symbol>
      <symbol id="sm-259">
         <name>GPIOPinConfigure</name>
         <value>0x22cd</value>
         <object_component_ref idref="oc-d0"/>
      </symbol>
      <symbol id="sm-25a">
         <name>GPIOPinTypeI2CSCL</name>
         <value>0x2611</value>
         <object_component_ref idref="oc-261"/>
      </symbol>
      <symbol id="sm-25b">
         <name>GPIOPinTypeI2C</name>
         <value>0x25ff</value>
         <object_component_ref idref="oc-267"/>
      </symbol>
      <symbol id="sm-25c">
         <name>GPIOPinTypeGPIOInput</name>
         <value>0x25ed</value>
         <object_component_ref idref="oc-124"/>
      </symbol>
      <symbol id="sm-25d">
         <name>GPIOPinTypeUART</name>
         <value>0x2635</value>
         <object_component_ref idref="oc-136"/>
      </symbol>
      <symbol id="sm-25e">
         <name>GPIOPinTypeGPIOOutput</name>
         <value>0x250d</value>
         <object_component_ref idref="oc-178"/>
      </symbol>
      <symbol id="sm-25f">
         <name>GPIODirModeSet</name>
         <value>0x24c5</value>
         <object_component_ref idref="oc-1b7"/>
      </symbol>
      <symbol id="sm-260">
         <name>GPIOPinTypeQEI</name>
         <value>0x2623</value>
         <object_component_ref idref="oc-ca"/>
      </symbol>
      <symbol id="sm-261">
         <name>GPIOPinWrite</name>
         <value>0x2757</value>
         <object_component_ref idref="oc-17e"/>
      </symbol>
      <symbol id="sm-262">
         <name>GPIOPadConfigSet</name>
         <value>0x19df</value>
         <object_component_ref idref="oc-ee"/>
      </symbol>
      <symbol id="sm-2a3">
         <name>I2CMasterDataPut</name>
         <value>0x2777</value>
         <object_component_ref idref="oc-279"/>
      </symbol>
      <symbol id="sm-2a4">
         <name>I2CMasterInitExpClk</name>
         <value>0x219d</value>
         <object_component_ref idref="oc-26d"/>
      </symbol>
      <symbol id="sm-2a5">
         <name>I2CMasterSlaveAddrSet</name>
         <value>0x2737</value>
         <object_component_ref idref="oc-273"/>
      </symbol>
      <symbol id="sm-2a6">
         <name>I2CMasterDataGet</name>
         <value>0x2773</value>
         <object_component_ref idref="oc-28b"/>
      </symbol>
      <symbol id="sm-2a7">
         <name>I2CMasterControl</name>
         <value>0x276f</value>
         <object_component_ref idref="oc-27f"/>
      </symbol>
      <symbol id="sm-2a8">
         <name>I2CMasterBusy</name>
         <value>0x272f</value>
         <object_component_ref idref="oc-285"/>
      </symbol>
      <symbol id="sm-2a9">
         <name>I2CMasterEnable</name>
         <value>0x26fd</value>
         <object_component_ref idref="oc-304"/>
      </symbol>
      <symbol id="sm-2e2">
         <name>IntEnable</name>
         <value>0x2085</value>
         <object_component_ref idref="oc-15a"/>
      </symbol>
      <symbol id="sm-2e3">
         <name>IntRegister</name>
         <value>0x245d</value>
         <object_component_ref idref="oc-1d2"/>
      </symbol>
      <symbol id="sm-2e4">
         <name>g_pfnRAMVectors</name>
         <value>0x20000000</value>
         <object_component_ref idref="oc-2ce"/>
      </symbol>
      <symbol id="sm-34b">
         <name>QEIDirectionGet</name>
         <value>0x26bb</value>
         <object_component_ref idref="oc-112"/>
      </symbol>
      <symbol id="sm-34c">
         <name>QEIVelocityGet</name>
         <value>0x277f</value>
         <object_component_ref idref="oc-10c"/>
      </symbol>
      <symbol id="sm-34d">
         <name>QEIIntEnable</name>
         <value>0x273f</value>
         <object_component_ref idref="oc-f4"/>
      </symbol>
      <symbol id="sm-34e">
         <name>QEIVelocityConfigure</name>
         <value>0x268d</value>
         <object_component_ref idref="oc-dc"/>
      </symbol>
      <symbol id="sm-34f">
         <name>QEIIntStatus</name>
         <value>0x2711</value>
         <object_component_ref idref="oc-100"/>
      </symbol>
      <symbol id="sm-350">
         <name>QEIEnable</name>
         <value>0x2707</value>
         <object_component_ref idref="oc-e8"/>
      </symbol>
      <symbol id="sm-351">
         <name>QEIIntClear</name>
         <value>0x277b</value>
         <object_component_ref idref="oc-106"/>
      </symbol>
      <symbol id="sm-352">
         <name>QEIIntRegister</name>
         <value>0x2525</value>
         <object_component_ref idref="oc-fa"/>
      </symbol>
      <symbol id="sm-353">
         <name>QEIVelocityEnable</name>
         <value>0x271b</value>
         <object_component_ref idref="oc-e2"/>
      </symbol>
      <symbol id="sm-354">
         <name>QEIConfigure</name>
         <value>0x26ad</value>
         <object_component_ref idref="oc-c4"/>
      </symbol>
      <symbol id="sm-3a6">
         <name>SysCtlClockSet</name>
         <value>0x1d1d</value>
         <object_component_ref idref="oc-160"/>
      </symbol>
      <symbol id="sm-3a7">
         <name>SysCtlDelay</name>
         <value>0x275d</value>
         <object_component_ref idref="oc-184"/>
      </symbol>
      <symbol id="sm-3a8">
         <name>SysCtlPeripheralEnable</name>
         <value>0x2491</value>
         <object_component_ref idref="oc-be"/>
      </symbol>
      <symbol id="sm-3a9">
         <name>SysCtlClockGet</name>
         <value>0x1b11</value>
         <object_component_ref idref="oc-d6"/>
      </symbol>
      <symbol id="sm-3d6">
         <name>SysTickEnable</name>
         <value>0x259d</value>
         <object_component_ref idref="oc-252"/>
      </symbol>
      <symbol id="sm-3d7">
         <name>SysTickIntRegister</name>
         <value>0x24f1</value>
         <object_component_ref idref="oc-246"/>
      </symbol>
      <symbol id="sm-3d8">
         <name>SysTickIntEnable</name>
         <value>0x25b1</value>
         <object_component_ref idref="oc-24c"/>
      </symbol>
      <symbol id="sm-3d9">
         <name>SysTickPeriodSet</name>
         <value>0x269d</value>
         <object_component_ref idref="oc-240"/>
      </symbol>
      <symbol id="sm-444">
         <name>TimerMatchSet</name>
         <value>0x2659</value>
         <object_component_ref idref="oc-11e"/>
      </symbol>
      <symbol id="sm-445">
         <name>TimerLoadSet</name>
         <value>0x2647</value>
         <object_component_ref idref="oc-118"/>
      </symbol>
      <symbol id="sm-446">
         <name>TimerIntRegister</name>
         <value>0x2555</value>
         <object_component_ref idref="oc-20d"/>
      </symbol>
      <symbol id="sm-447">
         <name>TimerEnable</name>
         <value>0x26c9</value>
         <object_component_ref idref="oc-225"/>
      </symbol>
      <symbol id="sm-448">
         <name>TimerControlStall</name>
         <value>0x253d</value>
         <object_component_ref idref="oc-21f"/>
      </symbol>
      <symbol id="sm-449">
         <name>TimerIntEnable</name>
         <value>0x2747</value>
         <object_component_ref idref="oc-213"/>
      </symbol>
      <symbol id="sm-44a">
         <name>TimerConfigure</name>
         <value>0x20ed</value>
         <object_component_ref idref="oc-207"/>
      </symbol>
      <symbol id="sm-44b">
         <name>TimerIntClear</name>
         <value>0x2783</value>
         <object_component_ref idref="oc-219"/>
      </symbol>
      <symbol id="sm-49f">
         <name>UARTIntEnable</name>
         <value>0x274f</value>
         <object_component_ref idref="oc-14e"/>
      </symbol>
      <symbol id="sm-4a0">
         <name>UARTClockSourceSet</name>
         <value>0x2763</value>
         <object_component_ref idref="oc-13c"/>
      </symbol>
      <symbol id="sm-4a1">
         <name>UARTEnable</name>
         <value>0x25c5</value>
         <object_component_ref idref="oc-154"/>
      </symbol>
      <symbol id="sm-4a2">
         <name>UARTIntClear</name>
         <value>0x2787</value>
         <object_component_ref idref="oc-130"/>
      </symbol>
      <symbol id="sm-4a3">
         <name>UARTIntStatus</name>
         <value>0x2725</value>
         <object_component_ref idref="oc-12a"/>
      </symbol>
      <symbol id="sm-4a4">
         <name>UARTIntRegister</name>
         <value>0x256d</value>
         <object_component_ref idref="oc-148"/>
      </symbol>
      <symbol id="sm-4c6">
         <name>atan2</name>
         <value>0x144d</value>
         <object_component_ref idref="oc-296"/>
      </symbol>
      <symbol id="sm-4d8">
         <name>_c_int00</name>
         <value>0x214d</value>
         <object_component_ref idref="oc-24"/>
      </symbol>
      <symbol id="sm-4d9">
         <name>__stack</name>
         <value>0x2000026c</value>
         <object_component_ref idref="oc-29"/>
      </symbol>
      <symbol id="sm-4f0">
         <name>__TI_decompress_none</name>
         <value>0x26d7</value>
         <object_component_ref idref="oc-12"/>
      </symbol>
      <symbol id="sm-513">
         <name>__TI_decompress_rle24</name>
         <value>0x2769</value>
         <object_component_ref idref="oc-18"/>
      </symbol>
      <symbol id="sm-525">
         <name>__TI_zero_init</name>
         <value>0x26e5</value>
         <object_component_ref idref="oc-1e"/>
      </symbol>
      <symbol id="sm-544">
         <name>C$$EXIT</name>
         <value>0x235d</value>
         <object_component_ref idref="oc-6a"/>
      </symbol>
      <symbol id="sm-545">
         <name>abort</name>
         <value>0x2361</value>
         <object_component_ref idref="oc-6a"/>
      </symbol>
      <symbol id="sm-546">
         <name>exit</name>
         <value>0x2369</value>
         <object_component_ref idref="oc-6a"/>
      </symbol>
      <symbol id="sm-547">
         <name>__TI_dtors_ptr</name>
         <value>0x20000518</value>
         <object_component_ref idref="oc-a8"/>
      </symbol>
      <symbol id="sm-548">
         <name>__TI_cleanup_ptr</name>
         <value>0x20000514</value>
         <object_component_ref idref="oc-a8"/>
      </symbol>
      <symbol id="sm-56c">
         <name>__aeabi_dsub</name>
         <value>0x1109</value>
         <object_component_ref idref="oc-2a6"/>
      </symbol>
      <symbol id="sm-56d">
         <name>__aeabi_dadd</name>
         <value>0x1113</value>
         <object_component_ref idref="oc-2a6"/>
      </symbol>
      <symbol id="sm-584">
         <name>__aeabi_cdcmpeq</name>
         <value>0x1ead</value>
         <object_component_ref idref="oc-312"/>
      </symbol>
      <symbol id="sm-585">
         <name>__aeabi_cdcmple</name>
         <value>0x1ead</value>
         <object_component_ref idref="oc-312"/>
      </symbol>
      <symbol id="sm-5a5">
         <name>__aeabi_ddiv</name>
         <value>0x18a9</value>
         <object_component_ref idref="oc-2a1"/>
      </symbol>
      <symbol id="sm-5bc">
         <name>__aeabi_dmul</name>
         <value>0x1c21</value>
         <object_component_ref idref="oc-2ab"/>
      </symbol>
      <symbol id="sm-5c8">
         <name>__aeabi_d2f</name>
         <value>0x2281</value>
         <object_component_ref idref="oc-29c"/>
      </symbol>
      <symbol id="sm-5d6">
         <name>__aeabi_f2d</name>
         <value>0x2425</value>
         <object_component_ref idref="oc-291"/>
      </symbol>
      <symbol id="sm-5f1">
         <name>memcpy</name>
         <value>0x1e11</value>
         <object_component_ref idref="oc-33"/>
      </symbol>
      <symbol id="sm-5f2">
         <name>__aeabi_memcpy</name>
         <value>0x1e11</value>
         <object_component_ref idref="oc-33"/>
      </symbol>
      <symbol id="sm-5f3">
         <name>__aeabi_memcpy8</name>
         <value>0x1e11</value>
         <object_component_ref idref="oc-33"/>
      </symbol>
      <symbol id="sm-5f4">
         <name>__aeabi_memcpy4</name>
         <value>0x1e11</value>
         <object_component_ref idref="oc-33"/>
      </symbol>
      <symbol id="sm-603">
         <name>__aeabi_memset</name>
         <value>0x1f35</value>
         <object_component_ref idref="oc-4c"/>
      </symbol>
      <symbol id="sm-604">
         <name>memset</name>
         <value>0x1f3b</value>
         <object_component_ref idref="oc-4c"/>
      </symbol>
      <symbol id="sm-605">
         <name>__aeabi_memset8</name>
         <value>0x1f35</value>
         <object_component_ref idref="oc-4c"/>
      </symbol>
      <symbol id="sm-606">
         <name>__aeabi_memset4</name>
         <value>0x1f35</value>
         <object_component_ref idref="oc-4c"/>
      </symbol>
      <symbol id="sm-607">
         <name>__aeabi_memclr8</name>
         <value>0x1f33</value>
         <object_component_ref idref="oc-4c"/>
      </symbol>
      <symbol id="sm-608">
         <name>__aeabi_memclr4</name>
         <value>0x1f33</value>
         <object_component_ref idref="oc-4c"/>
      </symbol>
      <symbol id="sm-609">
         <name>__aeabi_memclr</name>
         <value>0x1f33</value>
         <object_component_ref idref="oc-4c"/>
      </symbol>
      <symbol id="sm-613">
         <name>_system_pre_init</name>
         <value>0x278b</value>
         <object_component_ref idref="oc-58"/>
      </symbol>
      <symbol id="sm-61b">
         <name>main_func_sp</name>
         <value>0x20000524</value>
         <object_component_ref idref="oc-70"/>
      </symbol>
      <symbol id="sm-62e">
         <name>__aeabi_uidivmod</name>
         <value>0x23a1</value>
         <object_component_ref idref="oc-1ec"/>
      </symbol>
      <symbol id="sm-62f">
         <name>__aeabi_uidiv</name>
         <value>0x23a1</value>
         <object_component_ref idref="oc-1ec"/>
      </symbol>
      <symbol id="sm-65a">
         <name>_Atan</name>
         <value>0x12c1</value>
         <object_component_ref idref="oc-317"/>
      </symbol>
      <symbol id="sm-66a">
         <name>_Rteps</name>
         <value>0x200004d0</value>
         <object_component_ref idref="oc-346"/>
      </symbol>
      <symbol id="sm-66b">
         <name>_Zero</name>
         <value>0x200004e8</value>
         <object_component_ref idref="oc-346"/>
      </symbol>
      <symbol id="sm-66c">
         <name>_Hugeval</name>
         <value>0x20000490</value>
         <object_component_ref idref="oc-346"/>
      </symbol>
      <symbol id="sm-66d">
         <name>_Snan</name>
         <value>0x200004c0</value>
         <object_component_ref idref="oc-346"/>
      </symbol>
      <symbol id="sm-66e">
         <name>_Nan</name>
         <value>0x200004b0</value>
         <object_component_ref idref="oc-346"/>
      </symbol>
      <symbol id="sm-66f">
         <name>_Inf</name>
         <value>0x200004a0</value>
         <object_component_ref idref="oc-346"/>
      </symbol>
      <symbol id="sm-670">
         <name>_Xbig</name>
         <value>0x200004e0</value>
         <object_component_ref idref="oc-346"/>
      </symbol>
      <symbol id="sm-671">
         <name>_Eps</name>
         <value>0x20000480</value>
         <object_component_ref idref="oc-346"/>
      </symbol>
      <symbol id="sm-672">
         <name>_Denorm</name>
         <value>0x20000470</value>
         <object_component_ref idref="oc-346"/>
      </symbol>
      <symbol id="sm-68b">
         <name>_nop</name>
         <value>0x25e7</value>
         <object_component_ref idref="oc-19e"/>
      </symbol>
      <symbol id="sm-68c">
         <name>_lock</name>
         <value>0x2000050c</value>
         <object_component_ref idref="oc-a5"/>
      </symbol>
      <symbol id="sm-68d">
         <name>_unlock</name>
         <value>0x20000510</value>
         <object_component_ref idref="oc-a5"/>
      </symbol>
      <symbol id="sm-68e">
         <name>_register_lock</name>
         <value>0x25df</value>
         <object_component_ref idref="oc-19e"/>
      </symbol>
      <symbol id="sm-68f">
         <name>_register_unlock</name>
         <value>0x25d9</value>
         <object_component_ref idref="oc-19e"/>
      </symbol>
      <symbol id="sm-6a4">
         <name>_args_main</name>
         <value>0x2585</value>
         <object_component_ref idref="oc-64"/>
      </symbol>
      <symbol id="sm-6ca">
         <name>__TI_auto_init</name>
         <value>0x1fad</value>
         <object_component_ref idref="oc-5e"/>
      </symbol>
      <symbol id="sm-6e4">
         <name>copy_in</name>
         <value>0x2235</value>
         <object_component_ref idref="oc-95"/>
      </symbol>
      <symbol id="sm-6e5">
         <name>__TI_static_base__</name>
         <value>0x0</value>
      </symbol>
      <symbol id="sm-6e8">
         <name>SHT$$INIT_ARRAY$$Limit</name>
         <value>0x0</value>
      </symbol>
      <symbol id="sm-6e9">
         <name>SHT$$INIT_ARRAY$$Base</name>
         <value>0x0</value>
      </symbol>
   </symbol_table>
   <title>Link successful</title>
</link_info>
