******************************************************************************
                  TI ARM Linker PC v5.2.2                      
******************************************************************************
>> Linked Wed Aug 09 22:26:58 2017

OUTPUT FILE NAME:   <DA2_2.out>
ENTRY POINT SYMBOL: "_c_int00"  address: 00000c59


MEMORY CONFIGURATION

         name            origin    length      used     unused   attr    fill
----------------------  --------  ---------  --------  --------  ----  --------
  FLASH                 00000000   00040000  000012e4  0003ed1c  R  X
  SRAM                  20000000   00008000  000004da  00007b26  RW X


SEGMENT ALLOCATION MAP

run origin  load origin   length   init length attrs members
----------  ----------- ---------- ----------- ----- -------
00000000    00000000    000012e8   000012e8    r-x
  00000000    00000000    0000026c   0000026c    r-- .intvecs
  0000026c    0000026c    00000d1c   00000d1c    r-x .text
  00000f88    00000f88    00000314   00000314    r-- .const
  000012a0    000012a0    00000048   00000048    r-- .cinit
20000000    20000000    000004da   00000000    rw-
  20000000    20000000    0000026c   00000000    rw- .vtable
  2000026c    2000026c    00000200   00000000    rw- .stack
  2000046c    2000046c    00000058   00000000    rw- .bss
  200004c4    200004c4    00000016   00000000    rw- .data


SECTION ALLOCATION MAP

 output                                  attributes/
section   page    origin      length       input sections
--------  ----  ----------  ----------   ----------------
.intvecs   0    00000000    0000026c     
                  00000000    0000026c     tm4c123gh6pm_startup_ccs.obj (.intvecs)

.text      0    0000026c    00000d1c     
                  0000026c    000001e0     Button.obj (.text)
                  0000044c    0000016c     Timer.obj (.text)
                  000005b8    00000132     driverlib.lib : gpio.obj (.text:GPIOPadConfigSet)
                  000006ea    00000002     --HOLE-- [fill = 0]
                  000006ec    00000110                   : sysctl.obj (.text:SysCtlClockGet)
                  000007fc    000000f4                   : sysctl.obj (.text:SysCtlClockSet)
                  000008f0    0000009c     rtsv7M4_T_le_v4SPD16_eabi.lib : memcpy_t2.obj (.text)
                  0000098c    0000007a                                   : memset_t2.obj (.text)
                  00000a06    00000002     --HOLE-- [fill = 0]
                  00000a08    0000006c                                   : autoinit.obj (.text)
                  00000a74    0000006a                                   : copy_decompress_rle.obj (.text)
                  00000ade    00000002     --HOLE-- [fill = 0]
                  00000ae0    00000068     driverlib.lib : interrupt.obj (.text:IntEnable)
                  00000b48    00000060                   : timer.obj (.text:TimerConfigure)
                  00000ba8    00000058     main.obj (.text)
                  00000c00    00000056     driverlib.lib : gpio.obj (.text:GPIOIntTypeSet)
                  00000c56    00000002     --HOLE-- [fill = 0]
                  00000c58    00000050     rtsv7M4_T_le_v4SPD16_eabi.lib : boot.obj (.text)
                  00000ca8    0000004c     driverlib.lib : timer.obj (.text:_TimerIntNumberGet)
                  00000cf4    0000004c     rtsv7M4_T_le_v4SPD16_eabi.lib : cpy_tbl.obj (.text)
                  00000d40    00000044     driverlib.lib : gpio.obj (.text:_GPIOIntNumberGet)
                  00000d84    00000044     rtsv7M4_T_le_v4SPD16_eabi.lib : exit.obj (.text)
                  00000dc8    00000034     driverlib.lib : interrupt.obj (.text:IntRegister)
                  00000dfc    00000034                   : sysctl.obj (.text:SysCtlPeripheralEnable)
                  00000e30    0000002a                   : gpio.obj (.text:GPIODirModeSet)
                  00000e5a    00000018                   : gpio.obj (.text:GPIOIntRegister)
                  00000e72    00000018                   : gpio.obj (.text:GPIOPinTypeGPIOOutput)
                  00000e8a    00000018                   : timer.obj (.text:TimerControlStall)
                  00000ea2    00000018                   : timer.obj (.text:TimerIntRegister)
                  00000eba    00000002     --HOLE-- [fill = 0]
                  00000ebc    00000018     rtsv7M4_T_le_v4SPD16_eabi.lib : args_main.obj (.text)
                  00000ed4    00000014                                   : _lock.obj (.text)
                  00000ee8    00000012     driverlib.lib : gpio.obj (.text:GPIOPinTypeGPIOInput)
                  00000efa    00000012                   : timer.obj (.text:TimerLoadSet)
                  00000f0c    0000000e                   : gpio.obj (.text:GPIOIntStatus)
                  00000f1a    0000000e                   : timer.obj (.text:TimerEnable)
                  00000f28    0000000e     rtsv7M4_T_le_v4SPD16_eabi.lib : copy_decompress_none.obj (.text:decompress:none)
                  00000f36    0000000c     driverlib.lib : gpio.obj (.text:GPIOIntEnable)
                  00000f42    0000000c     rtsv7M4_T_le_v4SPD16_eabi.lib : copy_zero_init.obj (.text:decompress:ZI)
                  00000f4e    0000000c     tm4c123gh6pm_startup_ccs.obj (.text)
                  00000f5a    00000008     driverlib.lib : timer.obj (.text:TimerIntEnable)
                  00000f62    00000006                   : gpio.obj (.text:GPIOIntClear)
                  00000f68    00000006                   : gpio.obj (.text:GPIOPinRead)
                  00000f6e    00000006                   : gpio.obj (.text:GPIOPinWrite)
                  00000f74    00000006                   : sysctl.obj (.text:SysCtlDelay)
                  00000f7a    00000006     rtsv7M4_T_le_v4SPD16_eabi.lib : copy_decompress_rle.obj (.text:decompress:rle24)
                  00000f80    00000004     driverlib.lib : timer.obj (.text:TimerIntClear)
                  00000f84    00000004     rtsv7M4_T_le_v4SPD16_eabi.lib : pre_init.obj (.text)

.const     0    00000f88    00000314     
                  00000f88    000000d8     driverlib.lib : gpio.obj (.const:g_ppui32GPIOIntMapSnowflake)
                  00001060    000000c0                   : gpio.obj (.const:g_ppui32GPIOIntMapBlizzard)
                  00001120    00000070                   : interrupt.obj (.const)
                  00001190    0000006c                   : sysctl.obj (.const:g_pui32Xtals)
                  000011fc    00000060                   : timer.obj (.const:g_ppui32TimerIntMap)
                  0000125c    00000040                   : timer.obj (.const:g_ppui32TimerIntMapSnowflake)

.cinit     0    000012a0    00000048     
                  000012a0    00000010     (.cinit..data.load) [load image, compression = rle]
                  000012b0    0000000c     (__TI_handler_table)
                  000012bc    00000004     --HOLE-- [fill = 0]
                  000012c0    00000008     (.cinit..bss.load) [load image, compression = zero_init]
                  000012c8    00000008     (.cinit..vtable.load) [load image, compression = zero_init]
                  000012d0    00000018     (__TI_cinit_table)

.init_array 
*          0    00000000    00000000     UNINITIALIZED

.vtable    0    20000000    0000026c     UNINITIALIZED
                  20000000    0000026c     driverlib.lib : interrupt.obj (.vtable)

.stack     0    2000026c    00000200     UNINITIALIZED
                  2000026c    00000200     --HOLE--

.bss       0    2000046c    00000058     UNINITIALIZED
                  2000046c    00000050     Timer.obj (.bss:timer_event_list)
                  200004bc    00000004     (.common:Button_left_callback)
                  200004c0    00000004     (.common:Button_right_callback)

.TI.noinit 
*          0    2000046c    00000000     UNINITIALIZED

.data      0    200004c4    00000016     UNINITIALIZED
                  200004c4    00000008     rtsv7M4_T_le_v4SPD16_eabi.lib : _lock.obj (.data)
                  200004cc    00000008                                   : exit.obj (.data)
                  200004d4    00000004                                   : stkdepth_vars.obj (.data)
                  200004d8    00000002     Button.obj (.data)

.TI.persistent 
*          0    200004c4    00000000     UNINITIALIZED


LINKER GENERATED COPY TABLES

__TI_cinit_table @ 000012d0 records: 3, size/record: 8, table size: 24
	.data: load addr=000012a0, load size=00000010 bytes, run addr=200004c4, run size=00000016 bytes, compression=rle
	.bss: load addr=000012c0, load size=00000008 bytes, run addr=2000046c, run size=00000058 bytes, compression=zero_init
	.vtable: load addr=000012c8, load size=00000008 bytes, run addr=20000000, run size=0000026c bytes, compression=zero_init


LINKER GENERATED HANDLER TABLE

__TI_handler_table @ 000012b0 records: 3, size/record: 4, table size: 12
	index: 0, handler: __TI_zero_init
	index: 1, handler: __TI_decompress_rle24
	index: 2, handler: __TI_decompress_none


GLOBAL SYMBOLS: SORTED ALPHABETICALLY BY Name 

address   name                    
-------   ----                    
000003b5  ButtonLeftHandler       
000002c5  ButtonRegisterCallback  
000003e9  ButtonRightHandler      
0000026d  Button_Init             
00000d85  C$$EXIT                 
00000e31  GPIODirModeSet          
00000f63  GPIOIntClear            
00000f37  GPIOIntEnable           
00000e5b  GPIOIntRegister         
00000f0d  GPIOIntStatus           
00000c01  GPIOIntTypeSet          
000005b9  GPIOPadConfigSet        
00000f69  GPIOPinRead             
00000ee9  GPIOPinTypeGPIOInput    
00000e73  GPIOPinTypeGPIOOutput   
00000f6f  GPIOPinWrite            
00000ae1  IntEnable               
00000dc9  IntRegister             
00000f4f  ResetISR                
UNDEFED   SHT$$INIT_ARRAY$$Base   
UNDEFED   SHT$$INIT_ARRAY$$Limit  
000006ed  SysCtlClockGet          
000007fd  SysCtlClockSet          
00000f75  SysCtlDelay             
00000dfd  SysCtlPeripheralEnable  
00000539  TIMER_ISR               
000004a5  TIMER_RegisterEvent     
000004fd  TIMER_UnregisterEvent   
00000b49  TimerConfigure          
00000e8b  TimerControlStall       
00000f1b  TimerEnable             
00000f81  TimerIntClear           
00000f5b  TimerIntEnable          
00000ea3  TimerIntRegister        
00000efb  TimerLoadSet            
0000044d  Timer_Init              
2000046c  __STACK_END             
00000200  __STACK_SIZE            
2000046c  __STACK_TOP             
000012d0  __TI_CINIT_Base         
000012e8  __TI_CINIT_Limit        
000012b0  __TI_Handler_Table_Base 
000012bc  __TI_Handler_Table_Limit
00000a09  __TI_auto_init          
200004cc  __TI_cleanup_ptr        
00000f29  __TI_decompress_none    
00000f7b  __TI_decompress_rle24   
200004d0  __TI_dtors_ptr          
00000000  __TI_static_base__      
00000f43  __TI_zero_init          
0000098d  __aeabi_memclr          
0000098d  __aeabi_memclr4         
0000098d  __aeabi_memclr8         
000008f1  __aeabi_memcpy          
000008f1  __aeabi_memcpy4         
000008f1  __aeabi_memcpy8         
0000098f  __aeabi_memset          
0000098f  __aeabi_memset4         
0000098f  __aeabi_memset8         
ffffffff  __binit__               
ffffffff  __c_args__              
2000026c  __stack                 
00000ebd  _args_main              
00000c59  _c_int00                
200004c4  _lock                   
00000ee3  _nop                    
00000edb  _register_lock          
00000ed5  _register_unlock        
00000f85  _system_pre_init        
200004c8  _unlock                 
00000d89  abort                   
ffffffff  binit                   
00000cf5  copy_in                 
00000d91  exit                    
20000000  g_pfnRAMVectors         
00000000  g_pfnVectors            
00000ba9  main                    
200004d4  main_func_sp            
000008f1  memcpy                  
00000995  memset                  


GLOBAL SYMBOLS: SORTED BY Symbol Address 

address   name                    
-------   ----                    
00000000  __TI_static_base__      
00000000  g_pfnVectors            
00000200  __STACK_SIZE            
0000026d  Button_Init             
000002c5  ButtonRegisterCallback  
000003b5  ButtonLeftHandler       
000003e9  ButtonRightHandler      
0000044d  Timer_Init              
000004a5  TIMER_RegisterEvent     
000004fd  TIMER_UnregisterEvent   
00000539  TIMER_ISR               
000005b9  GPIOPadConfigSet        
000006ed  SysCtlClockGet          
000007fd  SysCtlClockSet          
000008f1  __aeabi_memcpy          
000008f1  __aeabi_memcpy4         
000008f1  __aeabi_memcpy8         
000008f1  memcpy                  
0000098d  __aeabi_memclr          
0000098d  __aeabi_memclr4         
0000098d  __aeabi_memclr8         
0000098f  __aeabi_memset          
0000098f  __aeabi_memset4         
0000098f  __aeabi_memset8         
00000995  memset                  
00000a09  __TI_auto_init          
00000ae1  IntEnable               
00000b49  TimerConfigure          
00000ba9  main                    
00000c01  GPIOIntTypeSet          
00000c59  _c_int00                
00000cf5  copy_in                 
00000d85  C$$EXIT                 
00000d89  abort                   
00000d91  exit                    
00000dc9  IntRegister             
00000dfd  SysCtlPeripheralEnable  
00000e31  GPIODirModeSet          
00000e5b  GPIOIntRegister         
00000e73  GPIOPinTypeGPIOOutput   
00000e8b  TimerControlStall       
00000ea3  TimerIntRegister        
00000ebd  _args_main              
00000ed5  _register_unlock        
00000edb  _register_lock          
00000ee3  _nop                    
00000ee9  GPIOPinTypeGPIOInput    
00000efb  TimerLoadSet            
00000f0d  GPIOIntStatus           
00000f1b  TimerEnable             
00000f29  __TI_decompress_none    
00000f37  GPIOIntEnable           
00000f43  __TI_zero_init          
00000f4f  ResetISR                
00000f5b  TimerIntEnable          
00000f63  GPIOIntClear            
00000f69  GPIOPinRead             
00000f6f  GPIOPinWrite            
00000f75  SysCtlDelay             
00000f7b  __TI_decompress_rle24   
00000f81  TimerIntClear           
00000f85  _system_pre_init        
000012b0  __TI_Handler_Table_Base 
000012bc  __TI_Handler_Table_Limit
000012d0  __TI_CINIT_Base         
000012e8  __TI_CINIT_Limit        
20000000  g_pfnRAMVectors         
2000026c  __stack                 
2000046c  __STACK_END             
2000046c  __STACK_TOP             
200004c4  _lock                   
200004c8  _unlock                 
200004cc  __TI_cleanup_ptr        
200004d0  __TI_dtors_ptr          
200004d4  main_func_sp            
ffffffff  __binit__               
ffffffff  __c_args__              
ffffffff  binit                   
UNDEFED   SHT$$INIT_ARRAY$$Base   
UNDEFED   SHT$$INIT_ARRAY$$Limit  

[80 symbols]
