******************************************************************************
                  TI ARM Linker PC v5.2.2                      
******************************************************************************
>> Linked Fri Dec 08 17:51:06 2017

OUTPUT FILE NAME:   <DA2_2.out>
ENTRY POINT SYMBOL: "_c_int00"  address: 000025a9


MEMORY CONFIGURATION

         name            origin    length      used     unused   attr    fill
----------------------  --------  ---------  --------  --------  ----  --------
  FLASH                 00000000   00040000  00003046  0003cfba  R  X
  SRAM                  20000000   00008000  000005f0  00007a10  RW X


SEGMENT ALLOCATION MAP

run origin  load origin   length   init length attrs members
----------  ----------- ---------- ----------- ----- -------
00000000    00000000    00003050   00003050    r-x
  00000000    00000000    0000026c   0000026c    r-- .intvecs
  0000026c    0000026c    00002a18   00002a18    r-x .text
  00002c88    00002c88    00000342   00000342    r-- .const
  00002fd0    00002fd0    00000080   00000080    r-- .cinit
20000000    20000000    000005f0   00000000    rw-
  20000000    20000000    0000026c   00000000    rw- .vtable
  2000026c    2000026c    00000200   00000000    rw- .stack
  2000046c    2000046c    000000cc   00000000    rw- .bss
  20000538    20000538    000000b8   00000000    rw- .data


SECTION ALLOCATION MAP

 output                                  attributes/
section   page    origin      length       input sections
--------  ----  ----------  ----------   ----------------
.intvecs   0    00000000    0000026c     
                  00000000    0000026c     tm4c123gh6pm_startup_ccs.obj (.intvecs)

.text      0    0000026c    00002a18     
                  0000026c    00000578     SENSOR_HMC5883L.obj (.text)
                  000007e4    000004dc     uartstdio.obj (.text)
                  00000cc0    000004ac     main.obj (.text)
                  0000116c    0000020c     ADC.obj (.text)
                  00001378    000001b6     rtsv7M4_T_le_v4SPD16_eabi.lib : fd_add_t2.obj (.text)
                  0000152e    00000002     --HOLE-- [fill = 0]
                  00001530    0000018c                                   : xatan.obj (.text)
                  000016bc    0000017c                                   : atan2.obj (.text)
                  00001838    00000174     SystemConfig.obj (.text)
                  000019ac    0000016c     Timer.obj (.text)
                  00001b18    00000136     rtsv7M4_T_le_v4SPD16_eabi.lib : fd_div_t2.obj (.text)
                  00001c4e    00000132     driverlib.lib : gpio.obj (.text:GPIOPadConfigSet)
                  00001d80    00000120     Kalman.obj (.text)
                  00001ea0    00000110     driverlib.lib : sysctl.obj (.text:SysCtlClockGet)
                  00001fb0    000000fc     rtsv7M4_T_le_v4SPD16_eabi.lib : fd_mul_t2.obj (.text)
                  000020ac    000000f4     driverlib.lib : sysctl.obj (.text:SysCtlClockSet)
                  000021a0    0000009c     rtsv7M4_T_le_v4SPD16_eabi.lib : memcpy_t2.obj (.text)
                  0000223c    00000086                                   : fd_cmp_t2.obj (.text:__aeabi_cdcmple)
                  000022c2    0000007a     driverlib.lib : adc.obj (.text:ADCSequenceStepConfigure)
                  0000233c    0000007a     rtsv7M4_T_le_v4SPD16_eabi.lib : memset_t2.obj (.text)
                  000023b6    00000002     --HOLE-- [fill = 0]
                  000023b8    0000006c                                   : autoinit.obj (.text)
                  00002424    0000006a                                   : copy_decompress_rle.obj (.text)
                  0000248e    00000002     --HOLE-- [fill = 0]
                  00002490    00000068     driverlib.lib : interrupt.obj (.text:IntEnable)
                  000024f8    00000060                   : timer.obj (.text:TimerConfigure)
                  00002558    00000050                   : adc.obj (.text:ADCSequenceConfigure)
                  000025a8    00000050     rtsv7M4_T_le_v4SPD16_eabi.lib : boot.obj (.text)
                  000025f8    0000004c     driverlib.lib : i2c.obj (.text:I2CMasterInitExpClk)
                  00002644    0000004c                   : timer.obj (.text:_TimerIntNumberGet)
                  00002690    0000004c     rtsv7M4_T_le_v4SPD16_eabi.lib : cpy_tbl.obj (.text)
                  000026dc    0000004a                                   : fd_tos_t2.obj (.text)
                  00002726    00000002     --HOLE-- [fill = 0]
                  00002728    00000048     driverlib.lib : gpio.obj (.text:GPIOPinConfigure)
                  00002770    00000048                   : qei.obj (.text:_QEIIntNumberGet)
                  000027b8    00000044     rtsv7M4_T_le_v4SPD16_eabi.lib : exit.obj (.text)
                  000027fc    00000042                                   : u_divt2.obj (.text)
                  0000283e    00000002     --HOLE-- [fill = 0]
                  00002840    00000040     driverlib.lib : uart.obj (.text:_UARTIntNumberGet)
                  00002880    00000038     rtsv7M4_T_le_v4SPD16_eabi.lib : fs_tod_t2.obj (.text)
                  000028b8    00000034     driverlib.lib : interrupt.obj (.text:IntRegister)
                  000028ec    00000034                   : sysctl.obj (.text:SysCtlPeripheralEnable)
                  00002920    0000002e                   : adc.obj (.text:ADCIntStatus)
                  0000294e    0000002a                   : gpio.obj (.text:GPIODirModeSet)
                  00002978    0000001e                   : adc.obj (.text:ADCSequenceDataGet)
                  00002996    00000002     --HOLE-- [fill = 0]
                  00002998    0000001c                   : systick.obj (.text:SysTickIntRegister)
                  000029b4    00000018                   : adc.obj (.text:ADCProcessorTrigger)
                  000029cc    00000018                   : gpio.obj (.text:GPIOPinTypeGPIOOutput)
                  000029e4    00000018                   : qei.obj (.text:QEIIntRegister)
                  000029fc    00000018                   : timer.obj (.text:TimerControlStall)
                  00002a14    00000018                   : timer.obj (.text:TimerIntRegister)
                  00002a2c    00000018                   : uart.obj (.text:UARTIntRegister)
                  00002a44    00000018     rtsv7M4_T_le_v4SPD16_eabi.lib : args_main.obj (.text)
                  00002a5c    00000014     driverlib.lib : systick.obj (.text:SysTickEnable)
                  00002a70    00000014                   : systick.obj (.text:SysTickIntEnable)
                  00002a84    00000014                   : uart.obj (.text:UARTEnable)
                  00002a98    00000014     rtsv7M4_T_le_v4SPD16_eabi.lib : _lock.obj (.text)
                  00002aac    00000012     driverlib.lib : gpio.obj (.text:GPIOPinTypeADC)
                  00002abe    00000012                   : gpio.obj (.text:GPIOPinTypeGPIOInput)
                  00002ad0    00000012                   : gpio.obj (.text:GPIOPinTypeI2C)
                  00002ae2    00000012                   : gpio.obj (.text:GPIOPinTypeI2CSCL)
                  00002af4    00000012                   : gpio.obj (.text:GPIOPinTypeQEI)
                  00002b06    00000012                   : gpio.obj (.text:GPIOPinTypeUART)
                  00002b18    00000012                   : timer.obj (.text:TimerLoadSet)
                  00002b2a    00000012                   : timer.obj (.text:TimerMatchSet)
                  00002b3c    00000010                   : fpu.obj (.text:FPUEnable)
                  00002b4c    00000010                   : fpu.obj (.text:FPULazyStackingEnable)
                  00002b5c    00000010                   : qei.obj (.text:QEIVelocityConfigure)
                  00002b6c    00000010                   : systick.obj (.text:SysTickPeriodSet)
                  00002b7c    0000000e                   : adc.obj (.text:ADCHardwareOversampleConfigure)
                  00002b8a    0000000e                   : adc.obj (.text:ADCSequenceEnable)
                  00002b98    0000000e                   : qei.obj (.text:QEIConfigure)
                  00002ba6    0000000e                   : qei.obj (.text:QEIDirectionGet)
                  00002bb4    0000000e                   : timer.obj (.text:TimerEnable)
                  00002bc2    0000000e     rtsv7M4_T_le_v4SPD16_eabi.lib : copy_decompress_none.obj (.text:decompress:none)
                  00002bd0    0000000c                                   : copy_zero_init.obj (.text:decompress:ZI)
                  00002bdc    0000000c     tm4c123gh6pm_startup_ccs.obj (.text)
                  00002be8    0000000a     driverlib.lib : adc.obj (.text:ADCIntClear)
                  00002bf2    0000000a                   : i2c.obj (.text:I2CMasterEnable)
                  00002bfc    0000000a                   : qei.obj (.text:QEIEnable)
                  00002c06    0000000a                   : qei.obj (.text:QEIIntStatus)
                  00002c10    0000000a                   : qei.obj (.text:QEIVelocityEnable)
                  00002c1a    0000000a                   : uart.obj (.text:UARTIntStatus)
                  00002c24    00000008                   : i2c.obj (.text:I2CMasterBusy)
                  00002c2c    00000008                   : i2c.obj (.text:I2CMasterSlaveAddrSet)
                  00002c34    00000008                   : qei.obj (.text:QEIIntEnable)
                  00002c3c    00000008                   : timer.obj (.text:TimerIntEnable)
                  00002c44    00000008                   : uart.obj (.text:UARTIntEnable)
                  00002c4c    00000006                   : gpio.obj (.text:GPIOPinWrite)
                  00002c52    00000006                   : sysctl.obj (.text:SysCtlDelay)
                  00002c58    00000006                   : uart.obj (.text:UARTClockSourceSet)
                  00002c5e    00000006     rtsv7M4_T_le_v4SPD16_eabi.lib : copy_decompress_rle.obj (.text:decompress:rle24)
                  00002c64    00000004     driverlib.lib : i2c.obj (.text:I2CMasterControl)
                  00002c68    00000004                   : i2c.obj (.text:I2CMasterDataGet)
                  00002c6c    00000004                   : i2c.obj (.text:I2CMasterDataPut)
                  00002c70    00000004                   : qei.obj (.text:QEIIntClear)
                  00002c74    00000004                   : qei.obj (.text:QEIVelocityGet)
                  00002c78    00000004                   : timer.obj (.text:TimerIntClear)
                  00002c7c    00000004                   : uart.obj (.text:UARTIntClear)
                  00002c80    00000004     rtsv7M4_T_le_v4SPD16_eabi.lib : pre_init.obj (.text)

.const     0    00002c88    00000342     
                  00002c88    00000090     driverlib.lib : gpio.obj (.const:g_pui32GPIOBaseAddrs)
                  00002d18    00000088     rtsv7M4_T_le_v4SPD16_eabi.lib : xatan.obj (.const)
                  00002da0    00000070     driverlib.lib : interrupt.obj (.const)
                  00002e10    0000006c                   : sysctl.obj (.const:g_pui32Xtals)
                  00002e7c    00000060                   : timer.obj (.const:g_ppui32TimerIntMap)
                  00002edc    00000040                   : timer.obj (.const:g_ppui32TimerIntMapSnowflake)
                  00002f1c    00000040                   : uart.obj (.const:g_ppui32UARTIntMap)
                  00002f5c    00000040                   : uart.obj (.const:g_ppui32UARTIntMapSnowflake)
                  00002f9c    0000001c     uartstdio.obj (.const)
                  00002fb8    00000012     uartstdio.obj (.const:.string)

.cinit     0    00002fd0    00000080     
                  00002fd0    00000047     (.cinit..data.load) [load image, compression = rle]
                  00003017    00000001     --HOLE-- [fill = 0]
                  00003018    0000000c     (__TI_handler_table)
                  00003024    00000004     --HOLE-- [fill = 0]
                  00003028    00000008     (.cinit..bss.load) [load image, compression = zero_init]
                  00003030    00000008     (.cinit..vtable.load) [load image, compression = zero_init]
                  00003038    00000018     (__TI_cinit_table)

.init_array 
*          0    00000000    00000000     UNINITIALIZED

.vtable    0    20000000    0000026c     UNINITIALIZED
                  20000000    0000026c     driverlib.lib : interrupt.obj (.vtable)

.stack     0    2000026c    00000200     UNINITIALIZED
                  2000026c    00000200     --HOLE--

.bss       0    2000046c    000000cc     UNINITIALIZED
                  2000046c    00000050     Timer.obj (.bss:timer_event_list)
                  200004bc    0000001c     (.common:calib_white)
                  200004d8    0000001c     (.common:raw_ADC)
                  200004f4    0000001c     (.common:raw_ADC_value)
                  20000510    00000014     (.common:headingkalman)
                  20000524    00000004     (.common:Dutycycle)
                  20000528    00000004     (.common:Period)
                  2000052c    00000004     (.common:headingAngle)
                  20000530    00000004     (.common:headingOffset)
                  20000534    00000004     (.common:qei_velocity_timeout)

.TI.noinit 
*          0    2000046c    00000000     UNINITIALIZED

.data      0    20000538    000000b8     UNINITIALIZED
                  20000538    00000080     rtsv7M4_T_le_v4SPD16_eabi.lib : xvalues.obj (.data)
                  200005b8    00000010     main.obj (.data)
                  200005c8    0000000c     SystemConfig.obj (.data)
                  200005d4    00000008     rtsv7M4_T_le_v4SPD16_eabi.lib : _lock.obj (.data)
                  200005dc    00000008                                   : exit.obj (.data)
                  200005e4    00000005     uartstdio.obj (.data)
                  200005e9    00000001     SENSOR_HMC5883L.obj (.data)
                  200005ea    00000002     --HOLE--
                  200005ec    00000004     rtsv7M4_T_le_v4SPD16_eabi.lib : stkdepth_vars.obj (.data)

.TI.persistent 
*          0    20000538    00000000     UNINITIALIZED


LINKER GENERATED COPY TABLES

__TI_cinit_table @ 00003038 records: 3, size/record: 8, table size: 24
	.data: load addr=00002fd0, load size=00000047 bytes, run addr=20000538, run size=000000b8 bytes, compression=rle
	.bss: load addr=00003028, load size=00000008 bytes, run addr=2000046c, run size=000000cc bytes, compression=zero_init
	.vtable: load addr=00003030, load size=00000008 bytes, run addr=20000000, run size=0000026c bytes, compression=zero_init


LINKER GENERATED HANDLER TABLE

__TI_handler_table @ 00003018 records: 3, size/record: 4, table size: 12
	index: 0, handler: __TI_zero_init
	index: 1, handler: __TI_decompress_rle24
	index: 2, handler: __TI_decompress_none


GLOBAL SYMBOLS: SORTED ALPHABETICALLY BY Name 

address   name                          
-------   ----                          
00002b7d  ADCHardwareOversampleConfigure
0000116d  ADCInit                       
00002be9  ADCIntClear                   
00002921  ADCIntStatus                  
000029b5  ADCProcessorTrigger           
00002559  ADCSequenceConfigure          
00002979  ADCSequenceDataGet            
00002b8b  ADCSequenceEnable             
000022c3  ADCSequenceStepConfigure      
000027b9  C$$EXIT                       
00000fe5  ConfigButton                  
0000183f  ConfigSystem                  
0000104d  ConfigUART                    
20000524  Dutycycle                     
00002b3d  FPUEnable                     
00002b4d  FPULazyStackingEnable         
0000294f  GPIODirModeSet                
00001c4f  GPIOPadConfigSet              
00002729  GPIOPinConfigure              
00002aad  GPIOPinTypeADC                
00002abf  GPIOPinTypeGPIOInput          
000029cd  GPIOPinTypeGPIOOutput         
00002ad1  GPIOPinTypeI2C                
00002ae3  GPIOPinTypeI2CSCL             
00002af5  GPIOPinTypeQEI                
00002b07  GPIOPinTypeUART               
00002c4d  GPIOPinWrite                  
00001db1  GetAngle                      
00001e79  GetQ                          
00001e89  GetR                          
000018e1  GetSystemState                
00001219  GetValue                      
000006bd  Hmc5883lAzimuth               
0000054d  Hmc5883lCalibration           
0000044f  Hmc5883lInit                  
000004db  Hmc5883lMeasurement           
00002c25  I2CMasterBusy                 
00002c65  I2CMasterControl              
00002c69  I2CMasterDataGet              
00002c6d  I2CMasterDataPut              
00002bf3  I2CMasterEnable               
000025f9  I2CMasterInitExpClk           
00002c2d  I2CMasterSlaveAddrSet         
000011f3  IRInit                        
00002491  IntEnable                     
000028b9  IntRegister                   
00001d81  KalmanInit                    
00001889  LedInit                       
00001247  LineState                     
000012c5  LineValuePID                  
20000528  Period                        
000018fb  ProcessSystemState            
00002b99  QEIConfigure                  
00002ba7  QEIDirectionGet               
00002bfd  QEIEnable                     
00002c71  QEIIntClear                   
00002c35  QEIIntEnable                  
000029e5  QEIIntRegister                
00002c07  QEIIntStatus                  
00002b5d  QEIVelocityConfigure          
00002c11  QEIVelocityEnable             
00002c75  QEIVelocityGet                
00002bdd  ResetISR                      
UNDEFED   SHT$$INIT_ARRAY$$Base         
UNDEFED   SHT$$INIT_ARRAY$$Limit        
00001e3d  SetAngle                      
00000f21  SetPWMCCW                     
00000e5d  SetPWMCW                      
00001e51  SetQ                          
00001e65  SetR                          
000018e7  SetSystemState                
00001ea1  SysCtlClockGet                
000020ad  SysCtlClockSet                
00002c53  SysCtlDelay                   
000028ed  SysCtlPeripheralEnable        
00002a5d  SysTickEnable                 
00002a71  SysTickIntEnable              
00002999  SysTickIntRegister            
00002b6d  SysTickPeriodSet              
00001a99  TIMER_ISR                     
00001a05  TIMER_RegisterEvent           
00001a5d  TIMER_UnregisterEvent         
000024f9  TimerConfigure                
000029fd  TimerControlStall             
00002bb5  TimerEnable                   
00002c79  TimerIntClear                 
00002c3d  TimerIntEnable                
00002a15  TimerIntRegister              
00002b19  TimerLoadSet                  
00002b2b  TimerMatchSet                 
000019ad  Timer_Init                    
00001003  UART0_ISR                     
00002c59  UARTClockSourceSet            
00002a85  UARTEnable                    
00002c7d  UARTIntClear                  
00002c45  UARTIntEnable                 
00002a2d  UARTIntRegister               
00002c1b  UARTIntStatus                 
000007e5  UARTStdioConfig               
0000095d  UARTgetc                      
00000897  UARTgets                      
00000c8b  UARTprintf                    
00000991  UARTvprintf                   
00000845  UARTwrite                     
200005c0  Velocity                      
00001531  _Atan                         
20000538  _Denorm                       
20000548  _Eps                          
20000558  _Hugeval                      
20000568  _Inf                          
20000578  _Nan                          
20000598  _Rteps                        
20000588  _Snan                         
200005a8  _Xbig                         
200005b0  _Zero                         
2000046c  __STACK_END                   
00000200  __STACK_SIZE                  
2000046c  __STACK_TOP                   
00003038  __TI_CINIT_Base               
00003050  __TI_CINIT_Limit              
00003018  __TI_Handler_Table_Base       
00003024  __TI_Handler_Table_Limit      
000023b9  __TI_auto_init                
200005dc  __TI_cleanup_ptr              
00002bc3  __TI_decompress_none          
00002c5f  __TI_decompress_rle24         
200005e0  __TI_dtors_ptr                
00000000  __TI_static_base__            
00002bd1  __TI_zero_init                
0000223d  __aeabi_cdcmpeq               
0000223d  __aeabi_cdcmple               
000026dd  __aeabi_d2f                   
00001383  __aeabi_dadd                  
00001b19  __aeabi_ddiv                  
00001fb1  __aeabi_dmul                  
00001379  __aeabi_dsub                  
00002881  __aeabi_f2d                   
0000233d  __aeabi_memclr                
0000233d  __aeabi_memclr4               
0000233d  __aeabi_memclr8               
000021a1  __aeabi_memcpy                
000021a1  __aeabi_memcpy4               
000021a1  __aeabi_memcpy8               
0000233f  __aeabi_memset                
0000233f  __aeabi_memset4               
0000233f  __aeabi_memset8               
000027fd  __aeabi_uidiv                 
000027fd  __aeabi_uidivmod              
ffffffff  __binit__                     
ffffffff  __c_args__                    
2000026c  __stack                       
00002a45  _args_main                    
000025a9  _c_int00                      
200005d4  _lock                         
00002aa7  _nop                          
00002a9f  _register_lock                
00002a99  _register_unlock              
00002c81  _system_pre_init              
200005d8  _unlock                       
000027bd  abort                         
000016bd  atan2                         
ffffffff  binit                         
200004bc  calib_white                   
00002691  copy_in                       
000027c5  exit                          
20000000  g_pfnRAMVectors               
00000000  g_pfnVectors                  
2000052c  headingAngle                  
20000530  headingOffset                 
20000510  headingkalman                 
000010b9  main                          
200005ec  main_func_sp                  
000021a1  memcpy                        
00002345  memset                        
00000e39  qei_getVelocity               
00000cc1  qei_init                      
200004d8  raw_ADC                       
200004f4  raw_ADC_value                 
00001839  ui32GetUserSystemClock        


GLOBAL SYMBOLS: SORTED BY Symbol Address 

address   name                          
-------   ----                          
00000000  __TI_static_base__            
00000000  g_pfnVectors                  
00000200  __STACK_SIZE                  
0000044f  Hmc5883lInit                  
000004db  Hmc5883lMeasurement           
0000054d  Hmc5883lCalibration           
000006bd  Hmc5883lAzimuth               
000007e5  UARTStdioConfig               
00000845  UARTwrite                     
00000897  UARTgets                      
0000095d  UARTgetc                      
00000991  UARTvprintf                   
00000c8b  UARTprintf                    
00000cc1  qei_init                      
00000e39  qei_getVelocity               
00000e5d  SetPWMCW                      
00000f21  SetPWMCCW                     
00000fe5  ConfigButton                  
00001003  UART0_ISR                     
0000104d  ConfigUART                    
000010b9  main                          
0000116d  ADCInit                       
000011f3  IRInit                        
00001219  GetValue                      
00001247  LineState                     
000012c5  LineValuePID                  
00001379  __aeabi_dsub                  
00001383  __aeabi_dadd                  
00001531  _Atan                         
000016bd  atan2                         
00001839  ui32GetUserSystemClock        
0000183f  ConfigSystem                  
00001889  LedInit                       
000018e1  GetSystemState                
000018e7  SetSystemState                
000018fb  ProcessSystemState            
000019ad  Timer_Init                    
00001a05  TIMER_RegisterEvent           
00001a5d  TIMER_UnregisterEvent         
00001a99  TIMER_ISR                     
00001b19  __aeabi_ddiv                  
00001c4f  GPIOPadConfigSet              
00001d81  KalmanInit                    
00001db1  GetAngle                      
00001e3d  SetAngle                      
00001e51  SetQ                          
00001e65  SetR                          
00001e79  GetQ                          
00001e89  GetR                          
00001ea1  SysCtlClockGet                
00001fb1  __aeabi_dmul                  
000020ad  SysCtlClockSet                
000021a1  __aeabi_memcpy                
000021a1  __aeabi_memcpy4               
000021a1  __aeabi_memcpy8               
000021a1  memcpy                        
0000223d  __aeabi_cdcmpeq               
0000223d  __aeabi_cdcmple               
000022c3  ADCSequenceStepConfigure      
0000233d  __aeabi_memclr                
0000233d  __aeabi_memclr4               
0000233d  __aeabi_memclr8               
0000233f  __aeabi_memset                
0000233f  __aeabi_memset4               
0000233f  __aeabi_memset8               
00002345  memset                        
000023b9  __TI_auto_init                
00002491  IntEnable                     
000024f9  TimerConfigure                
00002559  ADCSequenceConfigure          
000025a9  _c_int00                      
000025f9  I2CMasterInitExpClk           
00002691  copy_in                       
000026dd  __aeabi_d2f                   
00002729  GPIOPinConfigure              
000027b9  C$$EXIT                       
000027bd  abort                         
000027c5  exit                          
000027fd  __aeabi_uidiv                 
000027fd  __aeabi_uidivmod              
00002881  __aeabi_f2d                   
000028b9  IntRegister                   
000028ed  SysCtlPeripheralEnable        
00002921  ADCIntStatus                  
0000294f  GPIODirModeSet                
00002979  ADCSequenceDataGet            
00002999  SysTickIntRegister            
000029b5  ADCProcessorTrigger           
000029cd  GPIOPinTypeGPIOOutput         
000029e5  QEIIntRegister                
000029fd  TimerControlStall             
00002a15  TimerIntRegister              
00002a2d  UARTIntRegister               
00002a45  _args_main                    
00002a5d  SysTickEnable                 
00002a71  SysTickIntEnable              
00002a85  UARTEnable                    
00002a99  _register_unlock              
00002a9f  _register_lock                
00002aa7  _nop                          
00002aad  GPIOPinTypeADC                
00002abf  GPIOPinTypeGPIOInput          
00002ad1  GPIOPinTypeI2C                
00002ae3  GPIOPinTypeI2CSCL             
00002af5  GPIOPinTypeQEI                
00002b07  GPIOPinTypeUART               
00002b19  TimerLoadSet                  
00002b2b  TimerMatchSet                 
00002b3d  FPUEnable                     
00002b4d  FPULazyStackingEnable         
00002b5d  QEIVelocityConfigure          
00002b6d  SysTickPeriodSet              
00002b7d  ADCHardwareOversampleConfigure
00002b8b  ADCSequenceEnable             
00002b99  QEIConfigure                  
00002ba7  QEIDirectionGet               
00002bb5  TimerEnable                   
00002bc3  __TI_decompress_none          
00002bd1  __TI_zero_init                
00002bdd  ResetISR                      
00002be9  ADCIntClear                   
00002bf3  I2CMasterEnable               
00002bfd  QEIEnable                     
00002c07  QEIIntStatus                  
00002c11  QEIVelocityEnable             
00002c1b  UARTIntStatus                 
00002c25  I2CMasterBusy                 
00002c2d  I2CMasterSlaveAddrSet         
00002c35  QEIIntEnable                  
00002c3d  TimerIntEnable                
00002c45  UARTIntEnable                 
00002c4d  GPIOPinWrite                  
00002c53  SysCtlDelay                   
00002c59  UARTClockSourceSet            
00002c5f  __TI_decompress_rle24         
00002c65  I2CMasterControl              
00002c69  I2CMasterDataGet              
00002c6d  I2CMasterDataPut              
00002c71  QEIIntClear                   
00002c75  QEIVelocityGet                
00002c79  TimerIntClear                 
00002c7d  UARTIntClear                  
00002c81  _system_pre_init              
00003018  __TI_Handler_Table_Base       
00003024  __TI_Handler_Table_Limit      
00003038  __TI_CINIT_Base               
00003050  __TI_CINIT_Limit              
20000000  g_pfnRAMVectors               
2000026c  __stack                       
2000046c  __STACK_END                   
2000046c  __STACK_TOP                   
200004bc  calib_white                   
200004d8  raw_ADC                       
200004f4  raw_ADC_value                 
20000510  headingkalman                 
20000524  Dutycycle                     
20000528  Period                        
2000052c  headingAngle                  
20000530  headingOffset                 
20000538  _Denorm                       
20000548  _Eps                          
20000558  _Hugeval                      
20000568  _Inf                          
20000578  _Nan                          
20000588  _Snan                         
20000598  _Rteps                        
200005a8  _Xbig                         
200005b0  _Zero                         
200005c0  Velocity                      
200005d4  _lock                         
200005d8  _unlock                       
200005dc  __TI_cleanup_ptr              
200005e0  __TI_dtors_ptr                
200005ec  main_func_sp                  
ffffffff  __binit__                     
ffffffff  __c_args__                    
ffffffff  binit                         
UNDEFED   SHT$$INIT_ARRAY$$Base         
UNDEFED   SHT$$INIT_ARRAY$$Limit        

[179 symbols]
