******************************************************************************
                  TI ARM Linker PC v5.2.2                      
******************************************************************************
>> Linked Sat Aug 12 12:13:53 2017

OUTPUT FILE NAME:   <DA2_2.out>
ENTRY POINT SYMBOL: "_c_int00"  address: 00000d75


MEMORY CONFIGURATION

         name            origin    length      used     unused   attr    fill
----------------------  --------  ---------  --------  --------  ----  --------
  FLASH                 00000000   00040000  00001498  0003eb68  R  X
  SRAM                  20000000   00008000  000004e6  00007b1a  RW X


SEGMENT ALLOCATION MAP

run origin  load origin   length   init length attrs members
----------  ----------- ---------- ----------- ----- -------
00000000    00000000    00001498   00001498    r-x
  00000000    00000000    0000026c   0000026c    r-- .intvecs
  0000026c    0000026c    00000ec8   00000ec8    r-x .text
  00001134    00001134    00000314   00000314    r-- .const
  00001448    00001448    00000050   00000050    r-- .cinit
20000000    20000000    000004e6   00000000    rw-
  20000000    20000000    0000026c   00000000    rw- .vtable
  2000026c    2000026c    00000200   00000000    rw- .stack
  2000046c    2000046c    00000058   00000000    rw- .bss
  200004c4    200004c4    00000022   00000000    rw- .data


SECTION ALLOCATION MAP

 output                                  attributes/
section   page    origin      length       input sections
--------  ----  ----------  ----------   ----------------
.intvecs   0    00000000    0000026c     
                  00000000    0000026c     tm4c123gh6pm_startup_ccs.obj (.intvecs)

.text      0    0000026c    00000ec8     
                  0000026c    000001e0     Button.obj (.text)
                  0000044c    00000174     SystemConfig.obj (.text)
                  000005c0    0000016c     Timer.obj (.text)
                  0000072c    00000132     driverlib.lib : gpio.obj (.text:GPIOPadConfigSet)
                  0000085e    00000002     --HOLE-- [fill = 0]
                  00000860    00000110                   : sysctl.obj (.text:SysCtlClockGet)
                  00000970    000000f4                   : sysctl.obj (.text:SysCtlClockSet)
                  00000a64    0000009c     rtsv7M4_T_le_v4SPD16_eabi.lib : memcpy_t2.obj (.text)
                  00000b00    0000007a                                   : memset_t2.obj (.text)
                  00000b7a    00000002     --HOLE-- [fill = 0]
                  00000b7c    0000006c                                   : autoinit.obj (.text)
                  00000be8    0000006a                                   : copy_decompress_rle.obj (.text)
                  00000c52    00000002     --HOLE-- [fill = 0]
                  00000c54    00000068     driverlib.lib : interrupt.obj (.text:IntEnable)
                  00000cbc    00000060                   : timer.obj (.text:TimerConfigure)
                  00000d1c    00000056                   : gpio.obj (.text:GPIOIntTypeSet)
                  00000d72    00000002     --HOLE-- [fill = 0]
                  00000d74    00000050     rtsv7M4_T_le_v4SPD16_eabi.lib : boot.obj (.text)
                  00000dc4    0000004c     driverlib.lib : timer.obj (.text:_TimerIntNumberGet)
                  00000e10    0000004c     rtsv7M4_T_le_v4SPD16_eabi.lib : cpy_tbl.obj (.text)
                  00000e5c    00000044     driverlib.lib : gpio.obj (.text:_GPIOIntNumberGet)
                  00000ea0    00000044     rtsv7M4_T_le_v4SPD16_eabi.lib : exit.obj (.text)
                  00000ee4    00000034     driverlib.lib : interrupt.obj (.text:IntRegister)
                  00000f18    00000034                   : sysctl.obj (.text:SysCtlPeripheralEnable)
                  00000f4c    00000034     main.obj (.text)
                  00000f80    0000002a     driverlib.lib : gpio.obj (.text:GPIODirModeSet)
                  00000faa    00000002     --HOLE-- [fill = 0]
                  00000fac    0000001c                   : systick.obj (.text:SysTickIntRegister)
                  00000fc8    00000018                   : gpio.obj (.text:GPIOIntRegister)
                  00000fe0    00000018                   : timer.obj (.text:TimerControlStall)
                  00000ff8    00000018                   : timer.obj (.text:TimerIntRegister)
                  00001010    00000018     rtsv7M4_T_le_v4SPD16_eabi.lib : args_main.obj (.text)
                  00001028    00000014     driverlib.lib : systick.obj (.text:SysTickEnable)
                  0000103c    00000014                   : systick.obj (.text:SysTickIntEnable)
                  00001050    00000014     rtsv7M4_T_le_v4SPD16_eabi.lib : _lock.obj (.text)
                  00001064    00000012     driverlib.lib : gpio.obj (.text:GPIOPinTypeGPIOInput)
                  00001076    00000012                   : timer.obj (.text:TimerLoadSet)
                  00001088    00000010                   : fpu.obj (.text:FPUEnable)
                  00001098    00000010                   : fpu.obj (.text:FPULazyStackingEnable)
                  000010a8    00000010                   : systick.obj (.text:SysTickPeriodSet)
                  000010b8    0000000e                   : gpio.obj (.text:GPIOIntStatus)
                  000010c6    0000000e                   : timer.obj (.text:TimerEnable)
                  000010d4    0000000e     rtsv7M4_T_le_v4SPD16_eabi.lib : copy_decompress_none.obj (.text:decompress:none)
                  000010e2    0000000c     driverlib.lib : gpio.obj (.text:GPIOIntEnable)
                  000010ee    0000000c     rtsv7M4_T_le_v4SPD16_eabi.lib : copy_zero_init.obj (.text:decompress:ZI)
                  000010fa    0000000c     tm4c123gh6pm_startup_ccs.obj (.text)
                  00001106    00000008     driverlib.lib : timer.obj (.text:TimerIntEnable)
                  0000110e    00000006                   : gpio.obj (.text:GPIOIntClear)
                  00001114    00000006                   : gpio.obj (.text:GPIOPinRead)
                  0000111a    00000006                   : gpio.obj (.text:GPIOPinWrite)
                  00001120    00000006                   : sysctl.obj (.text:SysCtlDelay)
                  00001126    00000006     rtsv7M4_T_le_v4SPD16_eabi.lib : copy_decompress_rle.obj (.text:decompress:rle24)
                  0000112c    00000004     driverlib.lib : timer.obj (.text:TimerIntClear)
                  00001130    00000004     rtsv7M4_T_le_v4SPD16_eabi.lib : pre_init.obj (.text)

.const     0    00001134    00000314     
                  00001134    000000d8     driverlib.lib : gpio.obj (.const:g_ppui32GPIOIntMapSnowflake)
                  0000120c    000000c0                   : gpio.obj (.const:g_ppui32GPIOIntMapBlizzard)
                  000012cc    00000070                   : interrupt.obj (.const)
                  0000133c    0000006c                   : sysctl.obj (.const:g_pui32Xtals)
                  000013a8    00000060                   : timer.obj (.const:g_ppui32TimerIntMap)
                  00001408    00000040                   : timer.obj (.const:g_ppui32TimerIntMapSnowflake)

.cinit     0    00001448    00000050     
                  00001448    0000001a     (.cinit..data.load) [load image, compression = rle]
                  00001462    00000002     --HOLE-- [fill = 0]
                  00001464    0000000c     (__TI_handler_table)
                  00001470    00000008     (.cinit..bss.load) [load image, compression = zero_init]
                  00001478    00000008     (.cinit..vtable.load) [load image, compression = zero_init]
                  00001480    00000018     (__TI_cinit_table)

.init_array 
*          0    00000000    00000000     UNINITIALIZED

.vtable    0    20000000    0000026c     UNINITIALIZED
                  20000000    0000026c     driverlib.lib : interrupt.obj (.vtable)

.stack     0    2000026c    00000200     UNINITIALIZED
                  2000026c    00000200     --HOLE--

.bss       0    2000046c    00000058     UNINITIALIZED
                  2000046c    00000050     Timer.obj (.bss:timer_event_list)
                  200004bc    00000004     (.common:Button_left_callback)
                  200004c0    00000004     (.common:Button_right_callback)

.TI.noinit 
*          0    2000046c    00000000     UNINITIALIZED

.data      0    200004c4    00000022     UNINITIALIZED
                  200004c4    0000000c     SystemConfig.obj (.data)
                  200004d0    00000008     rtsv7M4_T_le_v4SPD16_eabi.lib : _lock.obj (.data)
                  200004d8    00000008                                   : exit.obj (.data)
                  200004e0    00000004                                   : stkdepth_vars.obj (.data)
                  200004e4    00000002     Button.obj (.data)

.TI.persistent 
*          0    200004c4    00000000     UNINITIALIZED


LINKER GENERATED COPY TABLES

__TI_cinit_table @ 00001480 records: 3, size/record: 8, table size: 24
	.data: load addr=00001448, load size=0000001a bytes, run addr=200004c4, run size=00000022 bytes, compression=rle
	.bss: load addr=00001470, load size=00000008 bytes, run addr=2000046c, run size=00000058 bytes, compression=zero_init
	.vtable: load addr=00001478, load size=00000008 bytes, run addr=20000000, run size=0000026c bytes, compression=zero_init


LINKER GENERATED HANDLER TABLE

__TI_handler_table @ 00001464 records: 3, size/record: 4, table size: 12
	index: 0, handler: __TI_zero_init
	index: 1, handler: __TI_decompress_rle24
	index: 2, handler: __TI_decompress_none


GLOBAL SYMBOLS: SORTED ALPHABETICALLY BY Name 

address   name                    
-------   ----                    
000003b9  ButtonLeftHandler       
000002c9  ButtonRegisterCallback  
000003ed  ButtonRightHandler      
0000026d  Button_Init             
00000ea1  C$$EXIT                 
00000453  ConfigSystem            
00001089  FPUEnable               
00001099  FPULazyStackingEnable   
00000f81  GPIODirModeSet          
0000110f  GPIOIntClear            
000010e3  GPIOIntEnable           
00000fc9  GPIOIntRegister         
000010b9  GPIOIntStatus           
00000d1d  GPIOIntTypeSet          
0000072d  GPIOPadConfigSet        
00001115  GPIOPinRead             
00001065  GPIOPinTypeGPIOInput    
0000111b  GPIOPinWrite            
000004f5  GetSystemState          
00000c55  IntEnable               
00000ee5  IntRegister             
0000049d  LedInit                 
0000050f  ProcessSystemState      
000010fb  ResetISR                
UNDEFED   SHT$$INIT_ARRAY$$Base   
UNDEFED   SHT$$INIT_ARRAY$$Limit  
000004fb  SetSystemState          
00000861  SysCtlClockGet          
00000971  SysCtlClockSet          
00001121  SysCtlDelay             
00000f19  SysCtlPeripheralEnable  
00001029  SysTickEnable           
0000103d  SysTickIntEnable        
00000fad  SysTickIntRegister      
000010a9  SysTickPeriodSet        
000006ad  TIMER_ISR               
00000619  TIMER_RegisterEvent     
00000671  TIMER_UnregisterEvent   
00000cbd  TimerConfigure          
00000fe1  TimerControlStall       
000010c7  TimerEnable             
0000112d  TimerIntClear           
00001107  TimerIntEnable          
00000ff9  TimerIntRegister        
00001077  TimerLoadSet            
000005c1  Timer_Init              
2000046c  __STACK_END             
00000200  __STACK_SIZE            
2000046c  __STACK_TOP             
00001480  __TI_CINIT_Base         
00001498  __TI_CINIT_Limit        
00001464  __TI_Handler_Table_Base 
00001470  __TI_Handler_Table_Limit
00000b7d  __TI_auto_init          
200004d8  __TI_cleanup_ptr        
000010d5  __TI_decompress_none    
00001127  __TI_decompress_rle24   
200004dc  __TI_dtors_ptr          
00000000  __TI_static_base__      
000010ef  __TI_zero_init          
00000b01  __aeabi_memclr          
00000b01  __aeabi_memclr4         
00000b01  __aeabi_memclr8         
00000a65  __aeabi_memcpy          
00000a65  __aeabi_memcpy4         
00000a65  __aeabi_memcpy8         
00000b03  __aeabi_memset          
00000b03  __aeabi_memset4         
00000b03  __aeabi_memset8         
ffffffff  __binit__               
ffffffff  __c_args__              
2000026c  __stack                 
00001011  _args_main              
00000d75  _c_int00                
200004d0  _lock                   
0000105f  _nop                    
00001057  _register_lock          
00001051  _register_unlock        
00001131  _system_pre_init        
200004d4  _unlock                 
00000ea5  abort                   
ffffffff  binit                   
00000e11  copy_in                 
00000ead  exit                    
20000000  g_pfnRAMVectors         
00000000  g_pfnVectors            
00000f4d  main                    
200004e0  main_func_sp            
00000a65  memcpy                  
00000b09  memset                  
0000044d  ui32GetUserSystemClock  


GLOBAL SYMBOLS: SORTED BY Symbol Address 

address   name                    
-------   ----                    
00000000  __TI_static_base__      
00000000  g_pfnVectors            
00000200  __STACK_SIZE            
0000026d  Button_Init             
000002c9  ButtonRegisterCallback  
000003b9  ButtonLeftHandler       
000003ed  ButtonRightHandler      
0000044d  ui32GetUserSystemClock  
00000453  ConfigSystem            
0000049d  LedInit                 
000004f5  GetSystemState          
000004fb  SetSystemState          
0000050f  ProcessSystemState      
000005c1  Timer_Init              
00000619  TIMER_RegisterEvent     
00000671  TIMER_UnregisterEvent   
000006ad  TIMER_ISR               
0000072d  GPIOPadConfigSet        
00000861  SysCtlClockGet          
00000971  SysCtlClockSet          
00000a65  __aeabi_memcpy          
00000a65  __aeabi_memcpy4         
00000a65  __aeabi_memcpy8         
00000a65  memcpy                  
00000b01  __aeabi_memclr          
00000b01  __aeabi_memclr4         
00000b01  __aeabi_memclr8         
00000b03  __aeabi_memset          
00000b03  __aeabi_memset4         
00000b03  __aeabi_memset8         
00000b09  memset                  
00000b7d  __TI_auto_init          
00000c55  IntEnable               
00000cbd  TimerConfigure          
00000d1d  GPIOIntTypeSet          
00000d75  _c_int00                
00000e11  copy_in                 
00000ea1  C$$EXIT                 
00000ea5  abort                   
00000ead  exit                    
00000ee5  IntRegister             
00000f19  SysCtlPeripheralEnable  
00000f4d  main                    
00000f81  GPIODirModeSet          
00000fad  SysTickIntRegister      
00000fc9  GPIOIntRegister         
00000fe1  TimerControlStall       
00000ff9  TimerIntRegister        
00001011  _args_main              
00001029  SysTickEnable           
0000103d  SysTickIntEnable        
00001051  _register_unlock        
00001057  _register_lock          
0000105f  _nop                    
00001065  GPIOPinTypeGPIOInput    
00001077  TimerLoadSet            
00001089  FPUEnable               
00001099  FPULazyStackingEnable   
000010a9  SysTickPeriodSet        
000010b9  GPIOIntStatus           
000010c7  TimerEnable             
000010d5  __TI_decompress_none    
000010e3  GPIOIntEnable           
000010ef  __TI_zero_init          
000010fb  ResetISR                
00001107  TimerIntEnable          
0000110f  GPIOIntClear            
00001115  GPIOPinRead             
0000111b  GPIOPinWrite            
00001121  SysCtlDelay             
00001127  __TI_decompress_rle24   
0000112d  TimerIntClear           
00001131  _system_pre_init        
00001464  __TI_Handler_Table_Base 
00001470  __TI_Handler_Table_Limit
00001480  __TI_CINIT_Base         
00001498  __TI_CINIT_Limit        
20000000  g_pfnRAMVectors         
2000026c  __stack                 
2000046c  __STACK_END             
2000046c  __STACK_TOP             
200004d0  _lock                   
200004d4  _unlock                 
200004d8  __TI_cleanup_ptr        
200004dc  __TI_dtors_ptr          
200004e0  main_func_sp            
ffffffff  __binit__               
ffffffff  __c_args__              
ffffffff  binit                   
UNDEFED   SHT$$INIT_ARRAY$$Base   
UNDEFED   SHT$$INIT_ARRAY$$Limit  

[91 symbols]
