******************************************************************************
                  TI ARM Linker PC v5.2.9                      
******************************************************************************
>> Linked Tue Oct 31 08:28:59 2017

OUTPUT FILE NAME:   <test.out>
ENTRY POINT SYMBOL: "_c_int00"  address: 00002ed1


MEMORY CONFIGURATION

         name            origin    length      used     unused   attr    fill
----------------------  --------  ---------  --------  --------  ----  --------
  FLASH                 00000000   00040000  00003aa2  0003c55e  R  X
  SRAM                  20000000   00008000  0000151f  00006ae1  RW X


SEGMENT ALLOCATION MAP

run origin  load origin   length   init length attrs members
----------  ----------- ---------- ----------- ----- -------
00000000    00000000    00003aa8   00003aa8    r-x
  00000000    00000000    0000026c   0000026c    r-- .intvecs
  0000026c    0000026c    000033ee   000033ee    r-x .text
  0000365c    0000365c    000003a8   000003a8    r-- .const
  00003a08    00003a08    000000a0   000000a0    r-- .cinit
20000000    20000000    00001526   00000000    rw-
  20000000    20000000    0000026c   00000000    rw- .vtable
  2000026c    2000026c    00001000   00000000    rw- .stack
  20001270    20001270    000001cd   00000000    rw- .data
  20001440    20001440    000000e6   00000000    rw- .bss


SECTION ALLOCATION MAP

 output                                  attributes/
section   page    origin      length       input sections
--------  ----  ----------  ----------   ----------------
.intvecs   0    00000000    0000026c     
                  00000000    0000026c     tm4c123gh6pm_startup_ccs.obj (.intvecs)

.text      0    0000026c    000033ee     
                  0000026c    00000ac8     Uocluong.obj (.text)
                  00000d34    00000310     speed_control.obj (.text)
                  00001044    000002e0     STR_Indirect.obj (.text)
                  00001324    00000208     ADC.obj (.text)
                  0000152c    000001b6     rtsv7M4_T_le_v4SPD16_eabi.lib : fd_add_t2.obj (.text)
                  000016e2    00000002     --HOLE-- [fill = 0]
                  000016e4    00000190     main.obj (.text)
                  00001874    0000018c     SystemConfig.obj (.text)
                  00001a00    00000180     EEPROM.obj (.text)
                  00001b80    0000017c     Button.obj (.text)
                  00001cfc    0000016c     Timer.obj (.text)
                  00001e68    00000148     rtGetInf.obj (.text)
                  00001fb0    00000136     rtsv7M4_T_le_v4SPD16_eabi.lib : fd_div_t2.obj (.text)
                  000020e6    00000132     driverlib.lib : gpio.obj (.text:GPIOPadConfigSet)
                  00002218    00000114     rt_nonfinite.obj (.text)
                  0000232c    00000110     driverlib.lib : sysctl.obj (.text:SysCtlClockGet)
                  0000243c    00000104     QEI.obj (.text)
                  00002540    000000fc     rtsv7M4_T_le_v4SPD16_eabi.lib : fd_mul_t2.obj (.text)
                  0000263c    000000f4     driverlib.lib : sysctl.obj (.text:SysCtlClockSet)
                  00002730    000000e8     rtGetNaN.obj (.text)
                  00002818    000000c4     driverlib.lib : eeprom.obj (.text:EEPROMProgram)
                  000028dc    0000009c     rtsv7M4_T_le_v4SPD16_eabi.lib : memcpy_t2.obj (.text)
                  00002978    00000086                                   : fd_cmp_t2.obj (.text:__aeabi_cdcmple)
                  000029fe    00000086                                   : fd_cmp_t2.obj (.text:__aeabi_cdrcmple)
                  00002a84    0000007a     driverlib.lib : adc.obj (.text:ADCSequenceStepConfigure)
                  00002afe    0000007a     rtsv7M4_T_le_v4SPD16_eabi.lib : memset_t2.obj (.text)
                  00002b78    0000006e                                   : fd_tos_t2.obj (.text)
                  00002be6    00000002     --HOLE-- [fill = 0]
                  00002be8    0000006c                                   : autoinit.obj (.text)
                  00002c54    0000006a                                   : copy_decompress_rle.obj (.text)
                  00002cbe    00000002     --HOLE-- [fill = 0]
                  00002cc0    00000068     driverlib.lib : interrupt.obj (.text:IntEnable)
                  00002d28    00000060                   : timer.obj (.text:TimerConfigure)
                  00002d88    00000056                   : gpio.obj (.text:GPIOIntTypeSet)
                  00002dde    00000050                   : adc.obj (.text:ADCSequenceConfigure)
                  00002e2e    00000002     --HOLE-- [fill = 0]
                  00002e30    00000050                   : sysctl.obj (.text:SysCtlPeripheralReset)
                  00002e80    00000050                   : adc.obj (.text:_ADCIntNumberGet)
                  00002ed0    00000050     rtsv7M4_T_le_v4SPD16_eabi.lib : boot.obj (.text)
                  00002f20    0000004c     driverlib.lib : timer.obj (.text:_TimerIntNumberGet)
                  00002f6c    0000004c     rtsv7M4_T_le_v4SPD16_eabi.lib : cpy_tbl.obj (.text)
                  00002fb8    00000048     driverlib.lib : gpio.obj (.text:GPIOPinConfigure)
                  00003000    00000048                   : qei.obj (.text:_QEIIntNumberGet)
                  00003048    00000048     rtsv7M4_T_le_v4SPD16_eabi.lib : fd_toi_t2.obj (.text)
                  00003090    00000044     driverlib.lib : gpio.obj (.text:_GPIOIntNumberGet)
                  000030d4    00000044     rtsv7M4_T_le_v4SPD16_eabi.lib : exit.obj (.text)
                  00003118    00000040     driverlib.lib : eeprom.obj (.text:EEPROMInit)
                  00003158    0000003c                   : eeprom.obj (.text:_EEPROMSectorMaskSet)
                  00003194    00000038                   : eeprom.obj (.text:EEPROMRead)
                  000031cc    00000038     rtsv7M4_T_le_v4SPD16_eabi.lib : fs_tod_t2.obj (.text)
                  00003204    00000034     driverlib.lib : interrupt.obj (.text:IntRegister)
                  00003238    00000034                   : sysctl.obj (.text:SysCtlPeripheralEnable)
                  0000326c    00000034                   : eeprom.obj (.text:_EEPROMSectorMaskClear)
                  000032a0    0000002e                   : adc.obj (.text:ADCIntStatus)
                  000032ce    0000002e     rtsv7M4_T_le_v4SPD16_eabi.lib : i_tofd_t2.obj (.text)
                  000032fc    0000002a     driverlib.lib : gpio.obj (.text:GPIODirModeSet)
                  00003326    0000001e                   : adc.obj (.text:ADCSequenceDataGet)
                  00003344    0000001c                   : systick.obj (.text:SysTickIntRegister)
                  00003360    00000018                   : adc.obj (.text:ADCIntRegister)
                  00003378    00000018                   : adc.obj (.text:ADCProcessorTrigger)
                  00003390    00000018                   : gpio.obj (.text:GPIOIntRegister)
                  000033a8    00000018                   : gpio.obj (.text:GPIOPinTypeGPIOOutput)
                  000033c0    00000018                   : qei.obj (.text:QEIIntRegister)
                  000033d8    00000018                   : timer.obj (.text:TimerControlLevel)
                  000033f0    00000018                   : timer.obj (.text:TimerControlStall)
                  00003408    00000018                   : timer.obj (.text:TimerIntRegister)
                  00003420    00000018     rtsv7M4_T_le_v4SPD16_eabi.lib : args_main.obj (.text)
                  00003438    00000014     driverlib.lib : systick.obj (.text:SysTickEnable)
                  0000344c    00000014                   : systick.obj (.text:SysTickIntEnable)
                  00003460    00000014     rtsv7M4_T_le_v4SPD16_eabi.lib : _lock.obj (.text)
                  00003474    00000012     driverlib.lib : gpio.obj (.text:GPIOPinTypeADC)
                  00003486    00000012                   : gpio.obj (.text:GPIOPinTypeGPIOInput)
                  00003498    00000012                   : gpio.obj (.text:GPIOPinTypeQEI)
                  000034aa    00000012                   : gpio.obj (.text:GPIOPinTypeTimer)
                  000034bc    00000012                   : timer.obj (.text:TimerLoadSet)
                  000034ce    00000012                   : timer.obj (.text:TimerMatchSet)
                  000034e0    00000010                   : adc.obj (.text:ADCIntEnable)
                  000034f0    00000010                   : fpu.obj (.text:FPUEnable)
                  00003500    00000010                   : fpu.obj (.text:FPULazyStackingEnable)
                  00003510    00000010                   : interrupt.obj (.text:IntMasterDisable)
                  00003520    00000010                   : qei.obj (.text:QEIVelocityConfigure)
                  00003530    00000010                   : systick.obj (.text:SysTickPeriodSet)
                  00003540    00000010                   : eeprom.obj (.text:_EEPROMWaitForDone)
                  00003550    0000000e                   : adc.obj (.text:ADCHardwareOversampleConfigure)
                  0000355e    0000000e                   : adc.obj (.text:ADCSequenceEnable)
                  0000356c    0000000e                   : gpio.obj (.text:GPIOIntStatus)
                  0000357a    0000000e                   : qei.obj (.text:QEIConfigure)
                  00003588    0000000e                   : qei.obj (.text:QEIDirectionGet)
                  00003596    0000000e                   : timer.obj (.text:TimerEnable)
                  000035a4    0000000e     rtsv7M4_T_le_v4SPD16_eabi.lib : copy_decompress_none.obj (.text:decompress:none)
                  000035b2    0000000c     driverlib.lib : cpu.obj (.text:CPUcpsid)
                  000035be    0000000c                   : gpio.obj (.text:GPIOIntEnable)
                  000035ca    0000000c     rtsv7M4_T_le_v4SPD16_eabi.lib : copy_zero_init.obj (.text:decompress:ZI)
                  000035d6    0000000c     tm4c123gh6pm_startup_ccs.obj (.text)
                  000035e2    0000000a     driverlib.lib : adc.obj (.text:ADCIntClear)
                  000035ec    0000000a     Control_initialize.obj (.text)
                  000035f6    0000000a     driverlib.lib : qei.obj (.text:QEIEnable)
                  00003600    0000000a                   : qei.obj (.text:QEIIntStatus)
                  0000360a    0000000a                   : qei.obj (.text:QEIVelocityEnable)
                  00003614    00000008                   : qei.obj (.text:QEIIntEnable)
                  0000361c    00000008                   : timer.obj (.text:TimerIntEnable)
                  00003624    00000006                   : gpio.obj (.text:GPIOIntClear)
                  0000362a    00000006                   : gpio.obj (.text:GPIOPinRead)
                  00003630    00000006                   : gpio.obj (.text:GPIOPinWrite)
                  00003636    00000006                   : sysctl.obj (.text:SysCtlDelay)
                  0000363c    00000006     rtsv7M4_T_le_v4SPD16_eabi.lib : copy_decompress_rle.obj (.text:decompress:rle24)
                  00003642    00000004     driverlib.lib : qei.obj (.text:QEIIntClear)
                  00003646    00000004                   : qei.obj (.text:QEIPositionGet)
                  0000364a    00000004                   : qei.obj (.text:QEIPositionSet)
                  0000364e    00000004                   : qei.obj (.text:QEIVelocityGet)
                  00003652    00000004                   : timer.obj (.text:TimerIntClear)
                  00003656    00000004     rtsv7M4_T_le_v4SPD16_eabi.lib : pre_init.obj (.text)

.const     0    0000365c    000003a8     
                  0000365c    000000d8     driverlib.lib : gpio.obj (.const:g_ppui32GPIOIntMapSnowflake)
                  00003734    000000c0                   : gpio.obj (.const:g_ppui32GPIOIntMapBlizzard)
                  000037f4    00000090                   : gpio.obj (.const:g_pui32GPIOBaseAddrs)
                  00003884    00000070                   : interrupt.obj (.const)
                  000038f4    0000006c                   : sysctl.obj (.const:g_pui32Xtals)
                  00003960    00000060                   : timer.obj (.const:g_ppui32TimerIntMap)
                  000039c0    00000040                   : timer.obj (.const:g_ppui32TimerIntMapSnowflake)
                  00003a00    00000004     rtGetNaN.obj (.const)

.cinit     0    00003a08    000000a0     
                  00003a08    00000066     (.cinit..data.load) [load image, compression = rle]
                  00003a6e    00000002     --HOLE-- [fill = 0]
                  00003a70    0000000c     (__TI_handler_table)
                  00003a7c    00000004     --HOLE-- [fill = 0]
                  00003a80    00000008     (.cinit..bss.load) [load image, compression = zero_init]
                  00003a88    00000008     (.cinit..vtable.load) [load image, compression = zero_init]
                  00003a90    00000018     (__TI_cinit_table)

.init_array 
*          0    00000000    00000000     UNINITIALIZED

.vtable    0    20000000    0000026c     UNINITIALIZED
                  20000000    0000026c     driverlib.lib : interrupt.obj (.vtable)

.stack     0    2000026c    00001000     UNINITIALIZED
                  2000026c    00001000     --HOLE--

.data      0    20001270    000001cd     UNINITIALIZED
                  20001270    00000080     Uocluong.obj (.data:P_$3)
                  200012f0    00000080     Uocluong.obj (.data:P_$6)
                  20001370    00000040     Uocluong.obj (.data)
                  200013b0    00000035     speed_control.obj (.data)
                  200013e5    00000002     Button.obj (.data)
                  200013e7    00000001     ADC.obj (.data)
                  200013e8    00000030     STR_Indirect.obj (.data)
                  20001418    0000000c     SystemConfig.obj (.data)
                  20001424    00000008     rtsv7M4_T_le_v4SPD16_eabi.lib : _lock.obj (.data)
                  2000142c    00000008                                   : exit.obj (.data)
                  20001434    00000004     QEI.obj (.data)
                  20001438    00000004     rtsv7M4_T_le_v4SPD16_eabi.lib : stkdepth_vars.obj (.data)
                  2000143c    00000001     main.obj (.data)

.bss       0    20001440    000000e6     UNINITIALIZED
                  20001440    00000050     Timer.obj (.bss:timer_event_list)
                  20001490    00000020     (.common:Theta)
                  200014b0    0000001c     (.common:calib_black)
                  200014cc    0000001c     (.common:calib_white)
                  200014e8    00000008     (.common:rtInf)
                  200014f0    00000008     (.common:rtMinusInf)
                  200014f8    00000008     (.common:rtNaN)
                  20001500    00000004     (.common:Button_left_callback)
                  20001504    00000004     (.common:Button_right_callback)
                  20001508    00000004     (.common:Dutycycle)
                  2000150c    00000004     (.common:Period)
                  20001510    00000004     (.common:rtInfF)
                  20001514    00000004     (.common:rtMinusInfF)
                  20001518    00000004     (.common:rtNaNF)
                  2000151c    00000004     (.common:sensorstate)
                  20001520    00000004     (.common:udkmain)
                  20001524    00000001     (.common:calib_color)
                  20001525    00000001     (.common:qei_velocity_timeout)

.TI.persistent 
*          0    20001270    00000000     UNINITIALIZED

.TI.noinit 
*          0    20001440    00000000     UNINITIALIZED


LINKER GENERATED COPY TABLES

__TI_cinit_table @ 00003a90 records: 3, size/record: 8, table size: 24
	.data: load addr=00003a08, load size=00000066 bytes, run addr=20001270, run size=000001cd bytes, compression=rle
	.bss: load addr=00003a80, load size=00000008 bytes, run addr=20001440, run size=000000e6 bytes, compression=zero_init
	.vtable: load addr=00003a88, load size=00000008 bytes, run addr=20000000, run size=0000026c bytes, compression=zero_init


LINKER GENERATED HANDLER TABLE

__TI_handler_table @ 00003a70 records: 3, size/record: 4, table size: 12
	index: 0, handler: __TI_zero_init
	index: 1, handler: __TI_decompress_rle24
	index: 2, handler: __TI_decompress_none


GLOBAL SYMBOLS: SORTED ALPHABETICALLY BY Name 

address   name                          
-------   ----                          
00003551  ADCHardwareOversampleConfigure
00001325  ADCInit                       
000035e3  ADCIntClear                   
000034e1  ADCIntEnable                  
00003361  ADCIntRegister                
000032a1  ADCIntStatus                  
00003379  ADCProcessorTrigger           
00002ddf  ADCSequenceConfigure          
00003327  ADCSequenceDataGet            
0000355f  ADCSequenceEnable             
00002a85  ADCSequenceStepConfigure      
000016e5  ButtonLeftHandler             
00001bdd  ButtonRegisterCallback        
000017f1  ButtonRightHandler            
00001b81  Button_init                   
000030d5  C$$EXIT                       
000035b3  CPUcpsid                      
0000187b  Config_System                 
000035ed  Control_initialize            
20001508  Dutycycle                     
00001a89  EEPROMConfig                  
00003119  EEPROMInit                    
00002819  EEPROMProgram                 
00003195  EEPROMRead                    
000034f1  FPUEnable                     
00003501  FPULazyStackingEnable         
000032fd  GPIODirModeSet                
00003625  GPIOIntClear                  
000035bf  GPIOIntEnable                 
00003391  GPIOIntRegister               
0000356d  GPIOIntStatus                 
00002d89  GPIOIntTypeSet                
000020e7  GPIOPadConfigSet              
00002fb9  GPIOPinConfigure              
0000362b  GPIOPinRead                   
00003475  GPIOPinTypeADC                
00003487  GPIOPinTypeGPIOInput          
000033a9  GPIOPinTypeGPIOOutput         
00003499  GPIOPinTypeQEI                
000034ab  GPIOPinTypeTimer              
00003631  GPIOPinWrite                  
0000142d  GetValue                      
00001407  IRInit                        
00002cc1  IntEnable                     
00003511  IntMasterDisable              
00003205  IntRegister                   
000018c5  LEDDisplayInit                
2000150c  Period                        
00000d49  ProcessSpeedControl           
0000357b  QEIConfigure                  
00003589  QEIDirectionGet               
000035f7  QEIEnable                     
00003643  QEIIntClear                   
00003615  QEIIntEnable                  
000033c1  QEIIntRegister                
00003601  QEIIntStatus                  
00003647  QEIPositionGet                
0000364b  QEIPositionSet                
00003521  QEIVelocityConfigure          
0000360b  QEIVelocityEnable             
0000364f  QEIVelocityGet                
000035d7  ResetISR                      
UNDEFED   SHT$$INIT_ARRAY$$Base         
UNDEFED   SHT$$INIT_ARRAY$$Limit        
00001045  STR_Indirect                  
00001191  STR_Indirect2                 
00000e2d  SetPWM                        
00000e97  StopPWM                       
0000232d  SysCtlClockGet                
0000263d  SysCtlClockSet                
00003637  SysCtlDelay                   
00003239  SysCtlPeripheralEnable        
00002e31  SysCtlPeripheralReset         
00003439  SysTickEnable                 
0000344d  SysTickIntEnable              
00003345  SysTickIntRegister            
00003531  SysTickPeriodSet              
00001de9  TIMER_ISR                     
00001d55  TIMER_RegisterEvent           
00001dad  TIMER_UnregisterEvent         
00002d29  TimerConfigure                
000033d9  TimerControlLevel             
000033f1  TimerControlStall             
00003597  TimerEnable                   
00003653  TimerIntClear                 
0000361d  TimerIntEnable                
00003409  TimerIntRegister              
000034bd  TimerLoadSet                  
000034cf  TimerMatchSet                 
00001cfd  Timer_Init                    
0000026d  Uocluong                      
000007c5  Uocluong2                     
2000126c  __STACK_END                   
00001000  __STACK_SIZE                  
2000046c  __STACK_TOP                   
00003a90  __TI_CINIT_Base               
00003aa8  __TI_CINIT_Limit              
00003a70  __TI_Handler_Table_Base       
00003a7c  __TI_Handler_Table_Limit      
00002be9  __TI_auto_init                
2000142c  __TI_cleanup_ptr              
000035a5  __TI_decompress_none          
0000363d  __TI_decompress_rle24         
20001430  __TI_dtors_ptr                
00000000  __TI_static_base__            
000035cb  __TI_zero_init                
00002979  __aeabi_cdcmpeq               
00002979  __aeabi_cdcmple               
000029ff  __aeabi_cdrcmple              
00002b79  __aeabi_d2f                   
00003049  __aeabi_d2iz                  
00001537  __aeabi_dadd                  
00001fb1  __aeabi_ddiv                  
00002541  __aeabi_dmul                  
0000152d  __aeabi_dsub                  
000031cd  __aeabi_f2d                   
000032cf  __aeabi_i2d                   
00002aff  __aeabi_memclr                
00002aff  __aeabi_memclr4               
00002aff  __aeabi_memclr8               
000028dd  __aeabi_memcpy                
000028dd  __aeabi_memcpy4               
000028dd  __aeabi_memcpy8               
00002b01  __aeabi_memset                
00002b01  __aeabi_memset4               
00002b01  __aeabi_memset8               
ffffffff  __binit__                     
ffffffff  __c_args__                    
2000026c  __stack                       
00003421  _args_main                    
00002ed1  _c_int00                      
20001424  _lock                         
0000346f  _nop                          
00003467  _register_lock                
00003461  _register_unlock              
00003657  _system_pre_init              
20001428  _unlock                       
000030d9  abort                         
ffffffff  binit                         
200014b0  calib_black                   
20001524  calib_color                   
200014cc  calib_white                   
00002f6d  copy_in                       
000030e1  exit                          
20000000  g_pfnRAMVectors               
00000000  g_pfnVectors                  
00001a97  loadMotorModel                
0000181d  main                          
20001438  main_func_sp                  
000028dd  memcpy                        
00002b07  memset                        
00002505  qei_getPos                    
000024e1  qei_getVelocity               
0000243d  qei_init                      
0000250f  qei_setPos                    
00001e69  rtGetInf                      
00001ef1  rtGetInfF                     
00001f03  rtGetMinusInf                 
00001f8b  rtGetMinusInfF                
00002731  rtGetNaN                      
000027bd  rtGetNaNF                     
200014e8  rtInf                         
20001510  rtInfF                        
00002267  rtIsInf                       
00002295  rtIsInfF                      
000022cf  rtIsNaN                       
000022ef  rtIsNaNF                      
200014f0  rtMinusInf                    
20001514  rtMinusInfF                   
200014f8  rtNaN                         
20001518  rtNaNF                        
00002219  rt_InitInfAndNaN              
00001b09  saveMotorModel                
2000151c  sensorstate                   
00000e21  speed_Enable_Hbridge          
00000fcd  speed_GetMotorModel           
00000f95  speed_SetMotorModel           
00000d35  speed_control_init            
00000ebd  speed_set                     
2000143c  statecount                    
00001911  system_GetState               
0000192b  system_Process_System_State   
00001917  system_SetState               
00001875  u32_UsrSystemClockGet         
20001520  udkmain                       


GLOBAL SYMBOLS: SORTED BY Symbol Address 

address   name                          
-------   ----                          
00000000  __TI_static_base__            
00000000  g_pfnVectors                  
0000026d  Uocluong                      
000007c5  Uocluong2                     
00000d35  speed_control_init            
00000d49  ProcessSpeedControl           
00000e21  speed_Enable_Hbridge          
00000e2d  SetPWM                        
00000e97  StopPWM                       
00000ebd  speed_set                     
00000f95  speed_SetMotorModel           
00000fcd  speed_GetMotorModel           
00001000  __STACK_SIZE                  
00001045  STR_Indirect                  
00001191  STR_Indirect2                 
00001325  ADCInit                       
00001407  IRInit                        
0000142d  GetValue                      
0000152d  __aeabi_dsub                  
00001537  __aeabi_dadd                  
000016e5  ButtonLeftHandler             
000017f1  ButtonRightHandler            
0000181d  main                          
00001875  u32_UsrSystemClockGet         
0000187b  Config_System                 
000018c5  LEDDisplayInit                
00001911  system_GetState               
00001917  system_SetState               
0000192b  system_Process_System_State   
00001a89  EEPROMConfig                  
00001a97  loadMotorModel                
00001b09  saveMotorModel                
00001b81  Button_init                   
00001bdd  ButtonRegisterCallback        
00001cfd  Timer_Init                    
00001d55  TIMER_RegisterEvent           
00001dad  TIMER_UnregisterEvent         
00001de9  TIMER_ISR                     
00001e69  rtGetInf                      
00001ef1  rtGetInfF                     
00001f03  rtGetMinusInf                 
00001f8b  rtGetMinusInfF                
00001fb1  __aeabi_ddiv                  
000020e7  GPIOPadConfigSet              
00002219  rt_InitInfAndNaN              
00002267  rtIsInf                       
00002295  rtIsInfF                      
000022cf  rtIsNaN                       
000022ef  rtIsNaNF                      
0000232d  SysCtlClockGet                
0000243d  qei_init                      
000024e1  qei_getVelocity               
00002505  qei_getPos                    
0000250f  qei_setPos                    
00002541  __aeabi_dmul                  
0000263d  SysCtlClockSet                
00002731  rtGetNaN                      
000027bd  rtGetNaNF                     
00002819  EEPROMProgram                 
000028dd  __aeabi_memcpy                
000028dd  __aeabi_memcpy4               
000028dd  __aeabi_memcpy8               
000028dd  memcpy                        
00002979  __aeabi_cdcmpeq               
00002979  __aeabi_cdcmple               
000029ff  __aeabi_cdrcmple              
00002a85  ADCSequenceStepConfigure      
00002aff  __aeabi_memclr                
00002aff  __aeabi_memclr4               
00002aff  __aeabi_memclr8               
00002b01  __aeabi_memset                
00002b01  __aeabi_memset4               
00002b01  __aeabi_memset8               
00002b07  memset                        
00002b79  __aeabi_d2f                   
00002be9  __TI_auto_init                
00002cc1  IntEnable                     
00002d29  TimerConfigure                
00002d89  GPIOIntTypeSet                
00002ddf  ADCSequenceConfigure          
00002e31  SysCtlPeripheralReset         
00002ed1  _c_int00                      
00002f6d  copy_in                       
00002fb9  GPIOPinConfigure              
00003049  __aeabi_d2iz                  
000030d5  C$$EXIT                       
000030d9  abort                         
000030e1  exit                          
00003119  EEPROMInit                    
00003195  EEPROMRead                    
000031cd  __aeabi_f2d                   
00003205  IntRegister                   
00003239  SysCtlPeripheralEnable        
000032a1  ADCIntStatus                  
000032cf  __aeabi_i2d                   
000032fd  GPIODirModeSet                
00003327  ADCSequenceDataGet            
00003345  SysTickIntRegister            
00003361  ADCIntRegister                
00003379  ADCProcessorTrigger           
00003391  GPIOIntRegister               
000033a9  GPIOPinTypeGPIOOutput         
000033c1  QEIIntRegister                
000033d9  TimerControlLevel             
000033f1  TimerControlStall             
00003409  TimerIntRegister              
00003421  _args_main                    
00003439  SysTickEnable                 
0000344d  SysTickIntEnable              
00003461  _register_unlock              
00003467  _register_lock                
0000346f  _nop                          
00003475  GPIOPinTypeADC                
00003487  GPIOPinTypeGPIOInput          
00003499  GPIOPinTypeQEI                
000034ab  GPIOPinTypeTimer              
000034bd  TimerLoadSet                  
000034cf  TimerMatchSet                 
000034e1  ADCIntEnable                  
000034f1  FPUEnable                     
00003501  FPULazyStackingEnable         
00003511  IntMasterDisable              
00003521  QEIVelocityConfigure          
00003531  SysTickPeriodSet              
00003551  ADCHardwareOversampleConfigure
0000355f  ADCSequenceEnable             
0000356d  GPIOIntStatus                 
0000357b  QEIConfigure                  
00003589  QEIDirectionGet               
00003597  TimerEnable                   
000035a5  __TI_decompress_none          
000035b3  CPUcpsid                      
000035bf  GPIOIntEnable                 
000035cb  __TI_zero_init                
000035d7  ResetISR                      
000035e3  ADCIntClear                   
000035ed  Control_initialize            
000035f7  QEIEnable                     
00003601  QEIIntStatus                  
0000360b  QEIVelocityEnable             
00003615  QEIIntEnable                  
0000361d  TimerIntEnable                
00003625  GPIOIntClear                  
0000362b  GPIOPinRead                   
00003631  GPIOPinWrite                  
00003637  SysCtlDelay                   
0000363d  __TI_decompress_rle24         
00003643  QEIIntClear                   
00003647  QEIPositionGet                
0000364b  QEIPositionSet                
0000364f  QEIVelocityGet                
00003653  TimerIntClear                 
00003657  _system_pre_init              
00003a70  __TI_Handler_Table_Base       
00003a7c  __TI_Handler_Table_Limit      
00003a90  __TI_CINIT_Base               
00003aa8  __TI_CINIT_Limit              
20000000  g_pfnRAMVectors               
2000026c  __stack                       
2000046c  __STACK_TOP                   
2000126c  __STACK_END                   
20001424  _lock                         
20001428  _unlock                       
2000142c  __TI_cleanup_ptr              
20001430  __TI_dtors_ptr                
20001438  main_func_sp                  
2000143c  statecount                    
200014b0  calib_black                   
200014cc  calib_white                   
200014e8  rtInf                         
200014f0  rtMinusInf                    
200014f8  rtNaN                         
20001508  Dutycycle                     
2000150c  Period                        
20001510  rtInfF                        
20001514  rtMinusInfF                   
20001518  rtNaNF                        
2000151c  sensorstate                   
20001520  udkmain                       
20001524  calib_color                   
ffffffff  __binit__                     
ffffffff  __c_args__                    
ffffffff  binit                         
UNDEFED   SHT$$INIT_ARRAY$$Base         
UNDEFED   SHT$$INIT_ARRAY$$Limit        

[185 symbols]
