******************************************************************************
                  TI ARM Linker PC v5.2.9                      
******************************************************************************
>> Linked Mon Dec 11 17:17:32 2017

OUTPUT FILE NAME:   <test.out>
ENTRY POINT SYMBOL: "_c_int00"  address: 000037d5


MEMORY CONFIGURATION

         name            origin    length      used     unused   attr    fill
----------------------  --------  ---------  --------  --------  ----  --------
  FLASH                 00000000   00040000  000043a4  0003bc5c  R  X
  SRAM                  20000000   00008000  000015e3  00006a1d  RW X


SEGMENT ALLOCATION MAP

run origin  load origin   length   init length attrs members
----------  ----------- ---------- ----------- ----- -------
00000000    00000000    000043a8   000043a8    r-x
  00000000    00000000    0000026c   0000026c    r-- .intvecs
  0000026c    0000026c    00003cc0   00003cc0    r-x .text
  00003f2c    00003f2c    000003a8   000003a8    r-- .const
  000042d8    000042d8    000000d0   000000d0    r-- .cinit
20000000    20000000    000015e7   00000000    rw-
  20000000    20000000    0000026c   00000000    rw- .vtable
  2000026c    2000026c    00001000   00000000    rw- .stack
  20001270    20001270    00000248   00000000    rw- .data
  200014b8    200014b8    0000012f   00000000    rw- .bss


SECTION ALLOCATION MAP

 output                                  attributes/
section   page    origin      length       input sections
--------  ----  ----------  ----------   ----------------
.intvecs   0    00000000    0000026c     
                  00000000    0000026c     tm4c123gh6pm_startup_ccs.obj (.intvecs)

.text      0    0000026c    00003cc0     
                  0000026c    00000ac8     Uocluong.obj (.text)
                  00000d34    00000740     speed_control.obj (.text)
                  00001474    000002e0     STR_Indirect.obj (.text)
                  00001754    00000238     EEPROM.obj (.text)
                  0000198c    00000228     QEI.obj (.text)
                  00001bb4    000001e4     ADC.obj (.text)
                  00001d98    000001e0     LineFollow.obj (.text)
                  00001f78    000001b6     rtsv7M4_T_le_v4SPD16_eabi.lib : fd_add_t2.obj (.text)
                  0000212e    00000002     --HOLE-- [fill = 0]
                  00002130    00000190     SystemConfig.obj (.text)
                  000022c0    00000188     main.obj (.text)
                  00002448    0000017c     Button.obj (.text)
                  000025c4    0000016c     Timer.obj (.text)
                  00002730    00000148     rtGetInf.obj (.text)
                  00002878    0000013c     PID.obj (.text)
                  000029b4    00000136     rtsv7M4_T_le_v4SPD16_eabi.lib : fd_div_t2.obj (.text)
                  00002aea    00000132     driverlib.lib : gpio.obj (.text:GPIOPadConfigSet)
                  00002c1c    00000114     rt_nonfinite.obj (.text)
                  00002d30    00000110     driverlib.lib : sysctl.obj (.text:SysCtlClockGet)
                  00002e40    000000fc     rtsv7M4_T_le_v4SPD16_eabi.lib : fd_mul_t2.obj (.text)
                  00002f3c    000000f4     driverlib.lib : sysctl.obj (.text:SysCtlClockSet)
                  00003030    000000e8     rtGetNaN.obj (.text)
                  00003118    000000c4     driverlib.lib : eeprom.obj (.text:EEPROMProgram)
                  000031dc    0000009c     rtsv7M4_T_le_v4SPD16_eabi.lib : memcpy_t2.obj (.text)
                  00003278    00000086                                   : fd_cmp_t2.obj (.text:__aeabi_cdcmple)
                  000032fe    00000086                                   : fd_cmp_t2.obj (.text:__aeabi_cdrcmple)
                  00003384    0000007a     driverlib.lib : adc.obj (.text:ADCSequenceStepConfigure)
                  000033fe    0000007a     rtsv7M4_T_le_v4SPD16_eabi.lib : memset_t2.obj (.text)
                  00003478    0000006e                                   : fd_tos_t2.obj (.text)
                  000034e6    00000002     --HOLE-- [fill = 0]
                  000034e8    0000006c                                   : autoinit.obj (.text)
                  00003554    0000006a                                   : copy_decompress_rle.obj (.text)
                  000035be    00000002     --HOLE-- [fill = 0]
                  000035c0    00000068     driverlib.lib : interrupt.obj (.text:IntEnable)
                  00003628    00000060                   : timer.obj (.text:TimerConfigure)
                  00003688    00000056                   : gpio.obj (.text:GPIOIntTypeSet)
                  000036de    00000002     --HOLE-- [fill = 0]
                  000036e0    00000054                   : eeprom.obj (.text:EEPROMMassErase)
                  00003734    00000050                   : adc.obj (.text:ADCSequenceConfigure)
                  00003784    00000050                   : sysctl.obj (.text:SysCtlPeripheralReset)
                  000037d4    00000050     rtsv7M4_T_le_v4SPD16_eabi.lib : boot.obj (.text)
                  00003824    0000004c     driverlib.lib : timer.obj (.text:_TimerIntNumberGet)
                  00003870    0000004c     rtsv7M4_T_le_v4SPD16_eabi.lib : cpy_tbl.obj (.text)
                  000038bc    00000048     driverlib.lib : gpio.obj (.text:GPIOPinConfigure)
                  00003904    00000048                   : qei.obj (.text:_QEIIntNumberGet)
                  0000394c    00000048     rtsv7M4_T_le_v4SPD16_eabi.lib : fd_toi_t2.obj (.text)
                  00003994    00000044     driverlib.lib : gpio.obj (.text:_GPIOIntNumberGet)
                  000039d8    00000044     rtsv7M4_T_le_v4SPD16_eabi.lib : exit.obj (.text)
                  00003a1c    00000040     driverlib.lib : eeprom.obj (.text:EEPROMInit)
                  00003a5c    0000003c                   : eeprom.obj (.text:_EEPROMSectorMaskSet)
                  00003a98    00000038                   : eeprom.obj (.text:EEPROMRead)
                  00003ad0    00000038     rtsv7M4_T_le_v4SPD16_eabi.lib : fs_tod_t2.obj (.text)
                  00003b08    00000034     driverlib.lib : interrupt.obj (.text:IntRegister)
                  00003b3c    00000034                   : sysctl.obj (.text:SysCtlPeripheralEnable)
                  00003b70    00000034                   : eeprom.obj (.text:_EEPROMSectorMaskClear)
                  00003ba4    0000002e                   : adc.obj (.text:ADCIntStatus)
                  00003bd2    0000002e     rtsv7M4_T_le_v4SPD16_eabi.lib : i_tofd_t2.obj (.text)
                  00003c00    0000002a     driverlib.lib : gpio.obj (.text:GPIODirModeSet)
                  00003c2a    0000001e                   : adc.obj (.text:ADCSequenceDataGet)
                  00003c48    0000001c                   : systick.obj (.text:SysTickIntRegister)
                  00003c64    00000018                   : adc.obj (.text:ADCProcessorTrigger)
                  00003c7c    00000018                   : gpio.obj (.text:GPIOIntRegister)
                  00003c94    00000018                   : gpio.obj (.text:GPIOPinTypeGPIOOutput)
                  00003cac    00000018                   : qei.obj (.text:QEIIntRegister)
                  00003cc4    00000018                   : timer.obj (.text:TimerControlLevel)
                  00003cdc    00000018                   : timer.obj (.text:TimerControlStall)
                  00003cf4    00000018                   : timer.obj (.text:TimerIntRegister)
                  00003d0c    00000018     rtsv7M4_T_le_v4SPD16_eabi.lib : args_main.obj (.text)
                  00003d24    00000014     driverlib.lib : systick.obj (.text:SysTickEnable)
                  00003d38    00000014                   : systick.obj (.text:SysTickIntEnable)
                  00003d4c    00000014     rtsv7M4_T_le_v4SPD16_eabi.lib : _lock.obj (.text)
                  00003d60    00000012     driverlib.lib : gpio.obj (.text:GPIOPinTypeGPIOInput)
                  00003d72    00000012                   : gpio.obj (.text:GPIOPinTypeQEI)
                  00003d84    00000012                   : gpio.obj (.text:GPIOPinTypeTimer)
                  00003d96    00000012                   : timer.obj (.text:TimerLoadSet)
                  00003da8    00000012                   : timer.obj (.text:TimerMatchSet)
                  00003dba    00000002     --HOLE-- [fill = 0]
                  00003dbc    00000010                   : fpu.obj (.text:FPUEnable)
                  00003dcc    00000010                   : fpu.obj (.text:FPULazyStackingEnable)
                  00003ddc    00000010                   : interrupt.obj (.text:IntMasterDisable)
                  00003dec    00000010                   : qei.obj (.text:QEIVelocityConfigure)
                  00003dfc    00000010                   : systick.obj (.text:SysTickPeriodSet)
                  00003e0c    00000010                   : eeprom.obj (.text:_EEPROMWaitForDone)
                  00003e1c    0000000e                   : adc.obj (.text:ADCHardwareOversampleConfigure)
                  00003e2a    0000000e                   : adc.obj (.text:ADCSequenceEnable)
                  00003e38    0000000e                   : gpio.obj (.text:GPIOIntStatus)
                  00003e46    0000000e                   : qei.obj (.text:QEIConfigure)
                  00003e54    0000000e                   : timer.obj (.text:TimerEnable)
                  00003e62    0000000e     rtsv7M4_T_le_v4SPD16_eabi.lib : copy_decompress_none.obj (.text:decompress:none)
                  00003e70    0000000c     driverlib.lib : cpu.obj (.text:CPUcpsid)
                  00003e7c    0000000c                   : gpio.obj (.text:GPIOIntEnable)
                  00003e88    0000000c     rtsv7M4_T_le_v4SPD16_eabi.lib : copy_zero_init.obj (.text:decompress:ZI)
                  00003e94    0000000c     tm4c123gh6pm_startup_ccs.obj (.text)
                  00003ea0    0000000a     driverlib.lib : adc.obj (.text:ADCIntClear)
                  00003eaa    0000000a     Control_initialize.obj (.text)
                  00003eb4    0000000a     driverlib.lib : qei.obj (.text:QEIDisable)
                  00003ebe    0000000a                   : qei.obj (.text:QEIEnable)
                  00003ec8    0000000a                   : qei.obj (.text:QEIIntDisable)
                  00003ed2    0000000a                   : qei.obj (.text:QEIIntStatus)
                  00003edc    0000000a                   : qei.obj (.text:QEIVelocityEnable)
                  00003ee6    00000008                   : qei.obj (.text:QEIIntEnable)
                  00003eee    00000008                   : timer.obj (.text:TimerIntEnable)
                  00003ef6    00000006                   : gpio.obj (.text:GPIOIntClear)
                  00003efc    00000006                   : gpio.obj (.text:GPIOPinRead)
                  00003f02    00000006                   : gpio.obj (.text:GPIOPinWrite)
                  00003f08    00000006                   : sysctl.obj (.text:SysCtlDelay)
                  00003f0e    00000006     rtsv7M4_T_le_v4SPD16_eabi.lib : copy_decompress_rle.obj (.text:decompress:rle24)
                  00003f14    00000004     driverlib.lib : qei.obj (.text:QEIIntClear)
                  00003f18    00000004                   : qei.obj (.text:QEIPositionGet)
                  00003f1c    00000004                   : qei.obj (.text:QEIPositionSet)
                  00003f20    00000004                   : qei.obj (.text:QEIVelocityGet)
                  00003f24    00000004                   : timer.obj (.text:TimerIntClear)
                  00003f28    00000004     rtsv7M4_T_le_v4SPD16_eabi.lib : pre_init.obj (.text)

.const     0    00003f2c    000003a8     
                  00003f2c    000000d8     driverlib.lib : gpio.obj (.const:g_ppui32GPIOIntMapSnowflake)
                  00004004    000000c0                   : gpio.obj (.const:g_ppui32GPIOIntMapBlizzard)
                  000040c4    00000090                   : gpio.obj (.const:g_pui32GPIOBaseAddrs)
                  00004154    00000070                   : interrupt.obj (.const)
                  000041c4    0000006c                   : sysctl.obj (.const:g_pui32Xtals)
                  00004230    00000060                   : timer.obj (.const:g_ppui32TimerIntMap)
                  00004290    00000040                   : timer.obj (.const:g_ppui32TimerIntMapSnowflake)
                  000042d0    00000004     rtGetNaN.obj (.const)

.cinit     0    000042d8    000000d0     
                  000042d8    00000099     (.cinit..data.load) [load image, compression = rle]
                  00004371    00000003     --HOLE-- [fill = 0]
                  00004374    0000000c     (__TI_handler_table)
                  00004380    00000008     (.cinit..bss.load) [load image, compression = zero_init]
                  00004388    00000008     (.cinit..vtable.load) [load image, compression = zero_init]
                  00004390    00000018     (__TI_cinit_table)

.init_array 
*          0    00000000    00000000     UNINITIALIZED

.vtable    0    20000000    0000026c     UNINITIALIZED
                  20000000    0000026c     driverlib.lib : interrupt.obj (.vtable)

.stack     0    2000026c    00001000     UNINITIALIZED
                  2000026c    00001000     --HOLE--

.data      0    20001270    00000248     UNINITIALIZED
                  20001270    00000080     Uocluong.obj (.data:P_$3)
                  200012f0    00000080     Uocluong.obj (.data:P_$6)
                  20001370    00000060     speed_control.obj (.data)
                  200013d0    00000040     Uocluong.obj (.data)
                  20001410    00000030     STR_Indirect.obj (.data)
                  20001440    00000028     LineFollow.obj (.data:pidlinefollow)
                  20001468    00000018     QEI.obj (.data)
                  20001480    00000010     main.obj (.data)
                  20001490    0000000c     SystemConfig.obj (.data)
                  2000149c    00000008     rtsv7M4_T_le_v4SPD16_eabi.lib : _lock.obj (.data)
                  200014a4    00000008                                   : exit.obj (.data)
                  200014ac    00000006     LineFollow.obj (.data)
                  200014b2    00000002     Button.obj (.data)
                  200014b4    00000004     rtsv7M4_T_le_v4SPD16_eabi.lib : stkdepth_vars.obj (.data)

.bss       0    200014b8    0000012f     UNINITIALIZED
                  200014b8    00000050     Timer.obj (.bss:timer_event_list)
                  20001508    00000020     (.common:Theta)
                  20001528    00000020     (.common:Theta2)
                  20001548    0000001c     (.common:calib_black)
                  20001564    0000001c     (.common:calib_white)
                  20001580    0000001c     (.common:raw_ADC)
                  2000159c    00000004     (.common:AverageSpeed)
                  200015a0    00000008     (.common:rtInf)
                  200015a8    00000008     (.common:rtMinusInf)
                  200015b0    00000008     (.common:rtNaN)
                  200015b8    00000008     (.common:set_speed_global)
                  200015c0    00000004     (.common:Button_left_callback)
                  200015c4    00000004     (.common:Button_right_callback)
                  200015c8    00000004     (.common:Dutycycle)
                  200015cc    00000004     (.common:Period)
                  200015d0    00000004     (.common:qei_velocity_timeout)
                  200015d4    00000004     (.common:rtInfF)
                  200015d8    00000004     (.common:rtMinusInfF)
                  200015dc    00000004     (.common:rtNaNF)
                  200015e0    00000001     (.common:calib_color)
                  200015e1    00000001     (.common:error$2)
                  200015e2    00000001     (.common:error_global)
                  200015e3    00000001     (.common:linestate$1)
                  200015e4    00000001     (.common:linestate_global)
                  200015e5    00000001     (.common:u$3)
                  200015e6    00000001     (.common:u_global)

.TI.persistent 
*          0    20001270    00000000     UNINITIALIZED

.TI.noinit 
*          0    200014b8    00000000     UNINITIALIZED


LINKER GENERATED COPY TABLES

__TI_cinit_table @ 00004390 records: 3, size/record: 8, table size: 24
	.data: load addr=000042d8, load size=00000099 bytes, run addr=20001270, run size=00000248 bytes, compression=rle
	.bss: load addr=00004380, load size=00000008 bytes, run addr=200014b8, run size=0000012f bytes, compression=zero_init
	.vtable: load addr=00004388, load size=00000008 bytes, run addr=20000000, run size=0000026c bytes, compression=zero_init


LINKER GENERATED HANDLER TABLE

__TI_handler_table @ 00004374 records: 3, size/record: 4, table size: 12
	index: 0, handler: __TI_zero_init
	index: 1, handler: __TI_decompress_rle24
	index: 2, handler: __TI_decompress_none


GLOBAL SYMBOLS: SORTED ALPHABETICALLY BY Name 

address   name                          
-------   ----                          
00003e1d  ADCHardwareOversampleConfigure
00001bb5  ADCInit                       
00003ea1  ADCIntClear                   
00003ba5  ADCIntStatus                  
00003c65  ADCProcessorTrigger           
00003735  ADCSequenceConfigure          
00003c2b  ADCSequenceDataGet            
00003e2b  ADCSequenceEnable             
00003385  ADCSequenceStepConfigure      
00002449  ButtonInit                    
000022c1  ButtonLeftHandler             
000024a5  ButtonRegisterCallback        
000023c9  ButtonRightHandler            
000039d9  C$$EXIT                       
00003e71  CPUcpsid                      
00002137  ConfigSystem                  
00003eab  Control_initialize            
200015c8  Dutycycle                     
000017dd  EEPROMConfig                  
00003a1d  EEPROMInit                    
000036e1  EEPROMMassErase               
00003119  EEPROMProgram                 
00003a99  EEPROMRead                    
00003dbd  FPUEnable                     
00003dcd  FPULazyStackingEnable         
00003c01  GPIODirModeSet                
00003ef7  GPIOIntClear                  
00003e7d  GPIOIntEnable                 
00003c7d  GPIOIntRegister               
00003e39  GPIOIntStatus                 
00003689  GPIOIntTypeSet                
00002aeb  GPIOPadConfigSet              
000038bd  GPIOPinConfigure              
00003efd  GPIOPinRead                   
00003d61  GPIOPinTypeGPIOInput          
00003c95  GPIOPinTypeGPIOOutput         
00003d73  GPIOPinTypeQEI                
00003d85  GPIOPinTypeTimer              
00003f03  GPIOPinWrite                  
00001c3b  GetValue                      
000035c1  IntEnable                     
00003ddd  IntMasterDisable              
00003b09  IntRegister                   
00002181  LEDDisplayInit                
00001dc3  LineFollowInit                
00001c69  LineState                     
00001cf3  LineValuePID                  
00001f1d  PIDLineFollowProcess          
000028a1  PIDProcess                    
00002989  PIDReset                      
00002879  PIDSetKParameters             
200015cc  Period                        
00000d49  ProcessSpeedControl           
00003e47  QEIConfigure                  
00003eb5  QEIDisable                    
00003ebf  QEIEnable                     
00003f15  QEIIntClear                   
00003ec9  QEIIntDisable                 
00003ee7  QEIIntEnable                  
00003cad  QEIIntRegister                
00003ed3  QEIIntStatus                  
00003f19  QEIPositionGet                
00003f1d  QEIPositionSet                
00003ded  QEIVelocityConfigure          
00003edd  QEIVelocityEnable             
00003f21  QEIVelocityGet                
00001b35  QeiGetPositionLeft            
00001b4d  QeiGetPositionRight           
00001aeb  QeiGetVelocity                
0000198d  QeiInit                       
00001b3f  QeiSetPositionLeft            
00001b57  QeiSetPositionRight           
00003e95  ResetISR                      
UNDEFED   SHT$$INIT_ARRAY$$Base         
UNDEFED   SHT$$INIT_ARRAY$$Limit        
00001475  STR_Indirect                  
000015c1  STR_Indirect2                 
0000113d  SetPWMCCW_LeftMotor           
00000ffb  SetPWMCCW_RightMotor          
00001091  SetPWMCW_LeftMotor            
00000f75  SetPWMCW_RightMotor           
00000d35  SpeedControlInit              
000011dd  StopPWM                       
00002d31  SysCtlClockGet                
00002f3d  SysCtlClockSet                
00003f09  SysCtlDelay                   
00003b3d  SysCtlPeripheralEnable        
00003785  SysCtlPeripheralReset         
00003d25  SysTickEnable                 
00003d39  SysTickIntEnable              
00003c49  SysTickIntRegister            
00003dfd  SysTickPeriodSet              
000021cd  SystemGetState                
000021d3  SystemSetState                
000026b1  TIMER_ISR                     
0000261d  TIMER_RegisterEvent           
00002675  TIMER_UnregisterEvent         
00003629  TimerConfigure                
00003cc5  TimerControlLevel             
00003cdd  TimerControlStall             
00003e55  TimerEnable                   
000025c5  TimerInit                     
00003f25  TimerIntClear                 
00003eef  TimerIntEnable                
00003cf5  TimerIntRegister              
00003d97  TimerLoadSet                  
00003da9  TimerMatchSet                 
0000026d  Uocluong                      
000007c5  Uocluong2                     
20001470  Vel                           
20001478  Velocity                      
2000126c  __STACK_END                   
00001000  __STACK_SIZE                  
2000046c  __STACK_TOP                   
00004390  __TI_CINIT_Base               
000043a8  __TI_CINIT_Limit              
00004374  __TI_Handler_Table_Base       
00004380  __TI_Handler_Table_Limit      
000034e9  __TI_auto_init                
200014a4  __TI_cleanup_ptr              
00003e63  __TI_decompress_none          
00003f0f  __TI_decompress_rle24         
200014a8  __TI_dtors_ptr                
00000000  __TI_static_base__            
00003e89  __TI_zero_init                
00003279  __aeabi_cdcmpeq               
00003279  __aeabi_cdcmple               
000032ff  __aeabi_cdrcmple              
00003479  __aeabi_d2f                   
0000394d  __aeabi_d2iz                  
00001f83  __aeabi_dadd                  
000029b5  __aeabi_ddiv                  
00002e41  __aeabi_dmul                  
00001f79  __aeabi_dsub                  
00003ad1  __aeabi_f2d                   
00003bd3  __aeabi_i2d                   
000033ff  __aeabi_memclr                
000033ff  __aeabi_memclr4               
000033ff  __aeabi_memclr8               
000031dd  __aeabi_memcpy                
000031dd  __aeabi_memcpy4               
000031dd  __aeabi_memcpy8               
00003401  __aeabi_memset                
00003401  __aeabi_memset4               
00003401  __aeabi_memset8               
ffffffff  __binit__                     
ffffffff  __c_args__                    
2000026c  __stack                       
00003d0d  _args_main                    
000037d5  _c_int00                      
2000149c  _lock                         
00003d5b  _nop                          
00003d53  _register_lock                
00003d4d  _register_unlock              
00003f29  _system_pre_init              
200014a0  _unlock                       
000039dd  abort                         
ffffffff  binit                         
20001548  calib_black                   
200015e0  calib_color                   
20001564  calib_white                   
00003871  copy_in                       
200015e2  error_global                  
000039e5  exit                          
20000000  g_pfnRAMVectors               
00000000  g_pfnVectors                  
2000148c  gainvelocity                  
20001484  left_position                 
200015e4  linestate_global              
000017ef  loadMotorModel                
000023f5  main                          
200014b4  main_func_sp                  
000031dd  memcpy                        
00003407  memset                        
20001440  pidlinefollow                 
20001580  raw_ADC                       
20001488  right_position                
00002731  rtGetInf                      
000027b9  rtGetInfF                     
000027cb  rtGetMinusInf                 
00002853  rtGetMinusInfF                
00003031  rtGetNaN                      
000030bd  rtGetNaNF                     
200015a0  rtInf                         
200015d4  rtInfF                        
00002c6b  rtIsInf                       
00002c99  rtIsInfF                      
00002cd3  rtIsNaN                       
00002cf3  rtIsNaNF                      
200015a8  rtMinusInf                    
200015d8  rtMinusInfF                   
200015b0  rtNaN                         
200015dc  rtNaNF                        
00002c1d  rt_InitInfAndNaN              
000018b9  saveMotorModel                
200015b8  set_speed_global              
000013d9  speed_GetMotorModel           
0000135f  speed_SetMotorModel           
00001251  speed_set                     
20001480  statecount                    
000021e7  system_Process_System_State   
00002131  u32_UsrSystemClockGet         
200015e6  u_global                      
200013c8  udkmain                       


GLOBAL SYMBOLS: SORTED BY Symbol Address 

address   name                          
-------   ----                          
00000000  __TI_static_base__            
00000000  g_pfnVectors                  
0000026d  Uocluong                      
000007c5  Uocluong2                     
00000d35  SpeedControlInit              
00000d49  ProcessSpeedControl           
00000f75  SetPWMCW_RightMotor           
00000ffb  SetPWMCCW_RightMotor          
00001000  __STACK_SIZE                  
00001091  SetPWMCW_LeftMotor            
0000113d  SetPWMCCW_LeftMotor           
000011dd  StopPWM                       
00001251  speed_set                     
0000135f  speed_SetMotorModel           
000013d9  speed_GetMotorModel           
00001475  STR_Indirect                  
000015c1  STR_Indirect2                 
000017dd  EEPROMConfig                  
000017ef  loadMotorModel                
000018b9  saveMotorModel                
0000198d  QeiInit                       
00001aeb  QeiGetVelocity                
00001b35  QeiGetPositionLeft            
00001b3f  QeiSetPositionLeft            
00001b4d  QeiGetPositionRight           
00001b57  QeiSetPositionRight           
00001bb5  ADCInit                       
00001c3b  GetValue                      
00001c69  LineState                     
00001cf3  LineValuePID                  
00001dc3  LineFollowInit                
00001f1d  PIDLineFollowProcess          
00001f79  __aeabi_dsub                  
00001f83  __aeabi_dadd                  
00002131  u32_UsrSystemClockGet         
00002137  ConfigSystem                  
00002181  LEDDisplayInit                
000021cd  SystemGetState                
000021d3  SystemSetState                
000021e7  system_Process_System_State   
000022c1  ButtonLeftHandler             
000023c9  ButtonRightHandler            
000023f5  main                          
00002449  ButtonInit                    
000024a5  ButtonRegisterCallback        
000025c5  TimerInit                     
0000261d  TIMER_RegisterEvent           
00002675  TIMER_UnregisterEvent         
000026b1  TIMER_ISR                     
00002731  rtGetInf                      
000027b9  rtGetInfF                     
000027cb  rtGetMinusInf                 
00002853  rtGetMinusInfF                
00002879  PIDSetKParameters             
000028a1  PIDProcess                    
00002989  PIDReset                      
000029b5  __aeabi_ddiv                  
00002aeb  GPIOPadConfigSet              
00002c1d  rt_InitInfAndNaN              
00002c6b  rtIsInf                       
00002c99  rtIsInfF                      
00002cd3  rtIsNaN                       
00002cf3  rtIsNaNF                      
00002d31  SysCtlClockGet                
00002e41  __aeabi_dmul                  
00002f3d  SysCtlClockSet                
00003031  rtGetNaN                      
000030bd  rtGetNaNF                     
00003119  EEPROMProgram                 
000031dd  __aeabi_memcpy                
000031dd  __aeabi_memcpy4               
000031dd  __aeabi_memcpy8               
000031dd  memcpy                        
00003279  __aeabi_cdcmpeq               
00003279  __aeabi_cdcmple               
000032ff  __aeabi_cdrcmple              
00003385  ADCSequenceStepConfigure      
000033ff  __aeabi_memclr                
000033ff  __aeabi_memclr4               
000033ff  __aeabi_memclr8               
00003401  __aeabi_memset                
00003401  __aeabi_memset4               
00003401  __aeabi_memset8               
00003407  memset                        
00003479  __aeabi_d2f                   
000034e9  __TI_auto_init                
000035c1  IntEnable                     
00003629  TimerConfigure                
00003689  GPIOIntTypeSet                
000036e1  EEPROMMassErase               
00003735  ADCSequenceConfigure          
00003785  SysCtlPeripheralReset         
000037d5  _c_int00                      
00003871  copy_in                       
000038bd  GPIOPinConfigure              
0000394d  __aeabi_d2iz                  
000039d9  C$$EXIT                       
000039dd  abort                         
000039e5  exit                          
00003a1d  EEPROMInit                    
00003a99  EEPROMRead                    
00003ad1  __aeabi_f2d                   
00003b09  IntRegister                   
00003b3d  SysCtlPeripheralEnable        
00003ba5  ADCIntStatus                  
00003bd3  __aeabi_i2d                   
00003c01  GPIODirModeSet                
00003c2b  ADCSequenceDataGet            
00003c49  SysTickIntRegister            
00003c65  ADCProcessorTrigger           
00003c7d  GPIOIntRegister               
00003c95  GPIOPinTypeGPIOOutput         
00003cad  QEIIntRegister                
00003cc5  TimerControlLevel             
00003cdd  TimerControlStall             
00003cf5  TimerIntRegister              
00003d0d  _args_main                    
00003d25  SysTickEnable                 
00003d39  SysTickIntEnable              
00003d4d  _register_unlock              
00003d53  _register_lock                
00003d5b  _nop                          
00003d61  GPIOPinTypeGPIOInput          
00003d73  GPIOPinTypeQEI                
00003d85  GPIOPinTypeTimer              
00003d97  TimerLoadSet                  
00003da9  TimerMatchSet                 
00003dbd  FPUEnable                     
00003dcd  FPULazyStackingEnable         
00003ddd  IntMasterDisable              
00003ded  QEIVelocityConfigure          
00003dfd  SysTickPeriodSet              
00003e1d  ADCHardwareOversampleConfigure
00003e2b  ADCSequenceEnable             
00003e39  GPIOIntStatus                 
00003e47  QEIConfigure                  
00003e55  TimerEnable                   
00003e63  __TI_decompress_none          
00003e71  CPUcpsid                      
00003e7d  GPIOIntEnable                 
00003e89  __TI_zero_init                
00003e95  ResetISR                      
00003ea1  ADCIntClear                   
00003eab  Control_initialize            
00003eb5  QEIDisable                    
00003ebf  QEIEnable                     
00003ec9  QEIIntDisable                 
00003ed3  QEIIntStatus                  
00003edd  QEIVelocityEnable             
00003ee7  QEIIntEnable                  
00003eef  TimerIntEnable                
00003ef7  GPIOIntClear                  
00003efd  GPIOPinRead                   
00003f03  GPIOPinWrite                  
00003f09  SysCtlDelay                   
00003f0f  __TI_decompress_rle24         
00003f15  QEIIntClear                   
00003f19  QEIPositionGet                
00003f1d  QEIPositionSet                
00003f21  QEIVelocityGet                
00003f25  TimerIntClear                 
00003f29  _system_pre_init              
00004374  __TI_Handler_Table_Base       
00004380  __TI_Handler_Table_Limit      
00004390  __TI_CINIT_Base               
000043a8  __TI_CINIT_Limit              
20000000  g_pfnRAMVectors               
2000026c  __stack                       
2000046c  __STACK_TOP                   
2000126c  __STACK_END                   
200013c8  udkmain                       
20001440  pidlinefollow                 
20001470  Vel                           
20001478  Velocity                      
20001480  statecount                    
20001484  left_position                 
20001488  right_position                
2000148c  gainvelocity                  
2000149c  _lock                         
200014a0  _unlock                       
200014a4  __TI_cleanup_ptr              
200014a8  __TI_dtors_ptr                
200014b4  main_func_sp                  
20001548  calib_black                   
20001564  calib_white                   
20001580  raw_ADC                       
200015a0  rtInf                         
200015a8  rtMinusInf                    
200015b0  rtNaN                         
200015b8  set_speed_global              
200015c8  Dutycycle                     
200015cc  Period                        
200015d4  rtInfF                        
200015d8  rtMinusInfF                   
200015dc  rtNaNF                        
200015e0  calib_color                   
200015e2  error_global                  
200015e4  linestate_global              
200015e6  u_global                      
ffffffff  __binit__                     
ffffffff  __c_args__                    
ffffffff  binit                         
UNDEFED   SHT$$INIT_ARRAY$$Base         
UNDEFED   SHT$$INIT_ARRAY$$Limit        

[204 symbols]
