******************************************************************************
                  TI ARM Linker PC v5.2.9                      
******************************************************************************
>> Linked Tue Dec 12 13:21:13 2017

OUTPUT FILE NAME:   <test.out>
ENTRY POINT SYMBOL: "_c_int00"  address: 0000417d


MEMORY CONFIGURATION

         name            origin    length      used     unused   attr    fill
----------------------  --------  ---------  --------  --------  ----  --------
  FLASH                 00000000   00040000  00004e92  0003b16e  R  X
  SRAM                  20000000   00008000  0000164b  000069b5  RW X


SEGMENT ALLOCATION MAP

run origin  load origin   length   init length attrs members
----------  ----------- ---------- ----------- ----- -------
00000000    00000000    00004e98   00004e98    r-x
  00000000    00000000    0000026c   0000026c    r-- .intvecs
  0000026c    0000026c    000046fe   000046fe    r-x .text
  00004970    00004970    00000430   00000430    r-- .const
  00004da0    00004da0    000000f8   000000f8    r-- .cinit
20000000    20000000    00001652   00000000    rw-
  20000000    20000000    0000026c   00000000    rw- .vtable
  2000026c    2000026c    00001000   00000000    rw- .stack
  20001270    20001270    000002cd   00000000    rw- .data
  20001540    20001540    00000112   00000000    rw- .bss


SECTION ALLOCATION MAP

 output                                  attributes/
section   page    origin      length       input sections
--------  ----  ----------  ----------   ----------------
.intvecs   0    00000000    0000026c     
                  00000000    0000026c     tm4c123gh6pm_startup_ccs.obj (.intvecs)

.text      0    0000026c    000046fe     
                  0000026c    00000ac8     Uocluong.obj (.text)
                  00000d34    00000740     speed_control.obj (.text)
                  00001474    00000578     SENSOR_HMC5883L.obj (.text)
                  000019ec    000002e0     STR_Indirect.obj (.text)
                  00001ccc    00000254     QEI.obj (.text)
                  00001f20    00000238     EEPROM.obj (.text)
                  00002158    000001e4     ADC.obj (.text)
                  0000233c    000001e0     LineFollow.obj (.text)
                  0000251c    000001b6     rtsv7M4_T_le_v4SPD16_eabi.lib : fd_add_t2.obj (.text)
                  000026d2    00000002     --HOLE-- [fill = 0]
                  000026d4    00000190     SystemConfig.obj (.text)
                  00002864    0000018c     rtsv7M4_T_le_v4SPD16_eabi.lib : xatan.obj (.text)
                  000029f0    0000017c     Button.obj (.text)
                  00002b6c    0000017c     rtsv7M4_T_le_v4SPD16_eabi.lib : atan2.obj (.text)
                  00002ce8    0000016c     Timer.obj (.text)
                  00002e54    00000164     main.obj (.text)
                  00002fb8    00000148     rtGetInf.obj (.text)
                  00003100    0000013c     PID.obj (.text)
                  0000323c    00000136     rtsv7M4_T_le_v4SPD16_eabi.lib : fd_div_t2.obj (.text)
                  00003372    00000132     driverlib.lib : gpio.obj (.text:GPIOPadConfigSet)
                  000034a4    00000120     Kalman.obj (.text)
                  000035c4    00000114     rt_nonfinite.obj (.text)
                  000036d8    00000110     driverlib.lib : sysctl.obj (.text:SysCtlClockGet)
                  000037e8    000000fc     rtsv7M4_T_le_v4SPD16_eabi.lib : fd_mul_t2.obj (.text)
                  000038e4    000000f4     driverlib.lib : sysctl.obj (.text:SysCtlClockSet)
                  000039d8    000000e8     rtGetNaN.obj (.text)
                  00003ac0    000000c4     driverlib.lib : eeprom.obj (.text:EEPROMProgram)
                  00003b84    0000009c     rtsv7M4_T_le_v4SPD16_eabi.lib : memcpy_t2.obj (.text)
                  00003c20    00000086                                   : fd_cmp_t2.obj (.text:__aeabi_cdcmple)
                  00003ca6    00000086                                   : fd_cmp_t2.obj (.text:__aeabi_cdrcmple)
                  00003d2c    0000007a     driverlib.lib : adc.obj (.text:ADCSequenceStepConfigure)
                  00003da6    0000007a     rtsv7M4_T_le_v4SPD16_eabi.lib : memset_t2.obj (.text)
                  00003e20    0000006e                                   : fd_tos_t2.obj (.text)
                  00003e8e    00000002     --HOLE-- [fill = 0]
                  00003e90    0000006c                                   : autoinit.obj (.text)
                  00003efc    0000006a                                   : copy_decompress_rle.obj (.text)
                  00003f66    00000002     --HOLE-- [fill = 0]
                  00003f68    00000068     driverlib.lib : interrupt.obj (.text:IntEnable)
                  00003fd0    00000060                   : timer.obj (.text:TimerConfigure)
                  00004030    00000056                   : gpio.obj (.text:GPIOIntTypeSet)
                  00004086    00000002     --HOLE-- [fill = 0]
                  00004088    00000054                   : eeprom.obj (.text:EEPROMMassErase)
                  000040dc    00000050                   : adc.obj (.text:ADCSequenceConfigure)
                  0000412c    00000050                   : sysctl.obj (.text:SysCtlPeripheralReset)
                  0000417c    00000050     rtsv7M4_T_le_v4SPD16_eabi.lib : boot.obj (.text)
                  000041cc    0000004c     driverlib.lib : i2c.obj (.text:I2CMasterInitExpClk)
                  00004218    0000004c                   : timer.obj (.text:_TimerIntNumberGet)
                  00004264    0000004c     rtsv7M4_T_le_v4SPD16_eabi.lib : cpy_tbl.obj (.text)
                  000042b0    00000048     driverlib.lib : gpio.obj (.text:GPIOPinConfigure)
                  000042f8    00000048                   : qei.obj (.text:_QEIIntNumberGet)
                  00004340    00000048     rtsv7M4_T_le_v4SPD16_eabi.lib : fd_toi_t2.obj (.text)
                  00004388    00000044     driverlib.lib : gpio.obj (.text:_GPIOIntNumberGet)
                  000043cc    00000044     rtsv7M4_T_le_v4SPD16_eabi.lib : exit.obj (.text)
                  00004410    00000040     driverlib.lib : eeprom.obj (.text:EEPROMInit)
                  00004450    0000003c                   : eeprom.obj (.text:_EEPROMSectorMaskSet)
                  0000448c    00000038                   : eeprom.obj (.text:EEPROMRead)
                  000044c4    00000038     rtsv7M4_T_le_v4SPD16_eabi.lib : fs_tod_t2.obj (.text)
                  000044fc    00000034     driverlib.lib : interrupt.obj (.text:IntRegister)
                  00004530    00000034                   : sysctl.obj (.text:SysCtlPeripheralEnable)
                  00004564    00000034                   : eeprom.obj (.text:_EEPROMSectorMaskClear)
                  00004598    0000002e                   : adc.obj (.text:ADCIntStatus)
                  000045c6    0000002e     rtsv7M4_T_le_v4SPD16_eabi.lib : i_tofd_t2.obj (.text)
                  000045f4    0000002a     driverlib.lib : gpio.obj (.text:GPIODirModeSet)
                  0000461e    0000001e                   : adc.obj (.text:ADCSequenceDataGet)
                  0000463c    0000001c                   : systick.obj (.text:SysTickIntRegister)
                  00004658    00000018                   : adc.obj (.text:ADCProcessorTrigger)
                  00004670    00000018                   : gpio.obj (.text:GPIOIntRegister)
                  00004688    00000018                   : gpio.obj (.text:GPIOPinTypeGPIOOutput)
                  000046a0    00000018                   : qei.obj (.text:QEIIntRegister)
                  000046b8    00000018                   : timer.obj (.text:TimerControlLevel)
                  000046d0    00000018                   : timer.obj (.text:TimerControlStall)
                  000046e8    00000018                   : timer.obj (.text:TimerIntRegister)
                  00004700    00000018     rtsv7M4_T_le_v4SPD16_eabi.lib : args_main.obj (.text)
                  00004718    00000014     driverlib.lib : systick.obj (.text:SysTickEnable)
                  0000472c    00000014                   : systick.obj (.text:SysTickIntEnable)
                  00004740    00000014     rtsv7M4_T_le_v4SPD16_eabi.lib : _lock.obj (.text)
                  00004754    00000012     driverlib.lib : gpio.obj (.text:GPIOPinTypeGPIOInput)
                  00004766    00000012                   : gpio.obj (.text:GPIOPinTypeI2C)
                  00004778    00000012                   : gpio.obj (.text:GPIOPinTypeI2CSCL)
                  0000478a    00000012                   : gpio.obj (.text:GPIOPinTypeQEI)
                  0000479c    00000012                   : gpio.obj (.text:GPIOPinTypeTimer)
                  000047ae    00000012                   : timer.obj (.text:TimerLoadSet)
                  000047c0    00000012                   : timer.obj (.text:TimerMatchSet)
                  000047d2    00000002     --HOLE-- [fill = 0]
                  000047d4    00000010                   : fpu.obj (.text:FPUEnable)
                  000047e4    00000010                   : fpu.obj (.text:FPULazyStackingEnable)
                  000047f4    00000010                   : interrupt.obj (.text:IntMasterDisable)
                  00004804    00000010                   : qei.obj (.text:QEIVelocityConfigure)
                  00004814    00000010                   : systick.obj (.text:SysTickPeriodSet)
                  00004824    00000010                   : eeprom.obj (.text:_EEPROMWaitForDone)
                  00004834    0000000e                   : adc.obj (.text:ADCHardwareOversampleConfigure)
                  00004842    0000000e                   : adc.obj (.text:ADCSequenceEnable)
                  00004850    0000000e                   : gpio.obj (.text:GPIOIntStatus)
                  0000485e    0000000e                   : qei.obj (.text:QEIConfigure)
                  0000486c    0000000e                   : timer.obj (.text:TimerEnable)
                  0000487a    0000000e     rtsv7M4_T_le_v4SPD16_eabi.lib : copy_decompress_none.obj (.text:decompress:none)
                  00004888    0000000c     driverlib.lib : cpu.obj (.text:CPUcpsid)
                  00004894    0000000c                   : gpio.obj (.text:GPIOIntEnable)
                  000048a0    0000000c     rtsv7M4_T_le_v4SPD16_eabi.lib : copy_zero_init.obj (.text:decompress:ZI)
                  000048ac    0000000c     tm4c123gh6pm_startup_ccs.obj (.text)
                  000048b8    0000000a     driverlib.lib : adc.obj (.text:ADCIntClear)
                  000048c2    0000000a     Control_initialize.obj (.text)
                  000048cc    0000000a     driverlib.lib : i2c.obj (.text:I2CMasterEnable)
                  000048d6    0000000a                   : qei.obj (.text:QEIDisable)
                  000048e0    0000000a                   : qei.obj (.text:QEIEnable)
                  000048ea    0000000a                   : qei.obj (.text:QEIIntDisable)
                  000048f4    0000000a                   : qei.obj (.text:QEIIntStatus)
                  000048fe    0000000a                   : qei.obj (.text:QEIVelocityEnable)
                  00004908    00000008                   : i2c.obj (.text:I2CMasterBusy)
                  00004910    00000008                   : i2c.obj (.text:I2CMasterSlaveAddrSet)
                  00004918    00000008                   : qei.obj (.text:QEIIntEnable)
                  00004920    00000008                   : timer.obj (.text:TimerIntEnable)
                  00004928    00000006                   : gpio.obj (.text:GPIOIntClear)
                  0000492e    00000006                   : gpio.obj (.text:GPIOPinRead)
                  00004934    00000006                   : gpio.obj (.text:GPIOPinWrite)
                  0000493a    00000006                   : sysctl.obj (.text:SysCtlDelay)
                  00004940    00000006     rtsv7M4_T_le_v4SPD16_eabi.lib : copy_decompress_rle.obj (.text:decompress:rle24)
                  00004946    00000004     driverlib.lib : i2c.obj (.text:I2CMasterControl)
                  0000494a    00000004                   : i2c.obj (.text:I2CMasterDataGet)
                  0000494e    00000004                   : i2c.obj (.text:I2CMasterDataPut)
                  00004952    00000004                   : qei.obj (.text:QEIIntClear)
                  00004956    00000004                   : qei.obj (.text:QEIPositionGet)
                  0000495a    00000004                   : qei.obj (.text:QEIPositionSet)
                  0000495e    00000004                   : qei.obj (.text:QEIVelocityGet)
                  00004962    00000004                   : timer.obj (.text:TimerIntClear)
                  00004966    00000004     rtsv7M4_T_le_v4SPD16_eabi.lib : pre_init.obj (.text)

.const     0    00004970    00000430     
                  00004970    000000d8     driverlib.lib : gpio.obj (.const:g_ppui32GPIOIntMapSnowflake)
                  00004a48    000000c0                   : gpio.obj (.const:g_ppui32GPIOIntMapBlizzard)
                  00004b08    00000090                   : gpio.obj (.const:g_pui32GPIOBaseAddrs)
                  00004b98    00000088     rtsv7M4_T_le_v4SPD16_eabi.lib : xatan.obj (.const)
                  00004c20    00000070     driverlib.lib : interrupt.obj (.const)
                  00004c90    0000006c                   : sysctl.obj (.const:g_pui32Xtals)
                  00004cfc    00000060                   : timer.obj (.const:g_ppui32TimerIntMap)
                  00004d5c    00000040                   : timer.obj (.const:g_ppui32TimerIntMapSnowflake)
                  00004d9c    00000004     rtGetNaN.obj (.const)

.cinit     0    00004da0    000000f8     
                  00004da0    000000c2     (.cinit..data.load) [load image, compression = rle]
                  00004e62    00000002     --HOLE-- [fill = 0]
                  00004e64    0000000c     (__TI_handler_table)
                  00004e70    00000008     (.cinit..bss.load) [load image, compression = zero_init]
                  00004e78    00000008     (.cinit..vtable.load) [load image, compression = zero_init]
                  00004e80    00000018     (__TI_cinit_table)

.init_array 
*          0    00000000    00000000     UNINITIALIZED

.vtable    0    20000000    0000026c     UNINITIALIZED
                  20000000    0000026c     driverlib.lib : interrupt.obj (.vtable)

.stack     0    2000026c    00001000     UNINITIALIZED
                  2000026c    00001000     --HOLE--

.data      0    20001270    000002cd     UNINITIALIZED
                  20001270    00000080     Uocluong.obj (.data:P_$3)
                  200012f0    00000080     Uocluong.obj (.data:P_$6)
                  20001370    00000080     rtsv7M4_T_le_v4SPD16_eabi.lib : xvalues.obj (.data)
                  200013f0    00000060     speed_control.obj (.data)
                  20001450    00000040     Uocluong.obj (.data)
                  20001490    00000030     STR_Indirect.obj (.data)
                  200014c0    00000028     LineFollow.obj (.data:pidlinefollow)
                  200014e8    00000018     QEI.obj (.data)
                  20001500    00000014     main.obj (.data)
                  20001514    0000000c     SystemConfig.obj (.data)
                  20001520    00000008     rtsv7M4_T_le_v4SPD16_eabi.lib : _lock.obj (.data)
                  20001528    00000008                                   : exit.obj (.data)
                  20001530    00000006     LineFollow.obj (.data)
                  20001536    00000002     Button.obj (.data)
                  20001538    00000004     rtsv7M4_T_le_v4SPD16_eabi.lib : stkdepth_vars.obj (.data)
                  2000153c    00000001     SENSOR_HMC5883L.obj (.data)

.bss       0    20001540    00000112     UNINITIALIZED
                  20001540    00000050     Timer.obj (.bss:timer_event_list)
                  20001590    00000020     (.common:Theta)
                  200015b0    00000020     (.common:Theta2)
                  200015d0    0000001c     (.common:raw_ADC)
                  200015ec    00000014     (.common:headingkalman)
                  20001600    00000008     (.common:rtInf)
                  20001608    00000008     (.common:rtMinusInf)
                  20001610    00000008     (.common:rtNaN)
                  20001618    00000008     (.common:set_speed_global)
                  20001620    00000004     (.common:AverageSpeed)
                  20001624    00000004     (.common:Button_left_callback)
                  20001628    00000004     (.common:Button_right_callback)
                  2000162c    00000004     (.common:Dutycycle)
                  20001630    00000004     (.common:Period)
                  20001634    00000004     (.common:headingAngle)
                  20001638    00000004     (.common:headingOffset)
                  2000163c    00000004     (.common:qei_velocity_timeout)
                  20001640    00000004     (.common:rtInfF)
                  20001644    00000004     (.common:rtMinusInfF)
                  20001648    00000004     (.common:rtNaNF)
                  2000164c    00000001     (.common:error$2)
                  2000164d    00000001     (.common:error_global)
                  2000164e    00000001     (.common:linestate$1)
                  2000164f    00000001     (.common:linestate_global)
                  20001650    00000001     (.common:u$3)
                  20001651    00000001     (.common:u_global)

.TI.persistent 
*          0    20001270    00000000     UNINITIALIZED

.TI.noinit 
*          0    20001540    00000000     UNINITIALIZED


LINKER GENERATED COPY TABLES

__TI_cinit_table @ 00004e80 records: 3, size/record: 8, table size: 24
	.data: load addr=00004da0, load size=000000c2 bytes, run addr=20001270, run size=000002cd bytes, compression=rle
	.bss: load addr=00004e70, load size=00000008 bytes, run addr=20001540, run size=00000112 bytes, compression=zero_init
	.vtable: load addr=00004e78, load size=00000008 bytes, run addr=20000000, run size=0000026c bytes, compression=zero_init


LINKER GENERATED HANDLER TABLE

__TI_handler_table @ 00004e64 records: 3, size/record: 4, table size: 12
	index: 0, handler: __TI_zero_init
	index: 1, handler: __TI_decompress_rle24
	index: 2, handler: __TI_decompress_none


GLOBAL SYMBOLS: SORTED ALPHABETICALLY BY Name 

address   name                          
-------   ----                          
00004835  ADCHardwareOversampleConfigure
00002159  ADCInit                       
000048b9  ADCIntClear                   
00004599  ADCIntStatus                  
00004659  ADCProcessorTrigger           
000040dd  ADCSequenceConfigure          
0000461f  ADCSequenceDataGet            
00004843  ADCSequenceEnable             
00003d2d  ADCSequenceStepConfigure      
000029f1  ButtonInit                    
00002f5d  ButtonLeftHandler             
00002a4d  ButtonRegisterCallback        
00002e55  ButtonRightHandler            
000043cd  C$$EXIT                       
00004889  CPUcpsid                      
000026db  ConfigSystem                  
000048c3  Control_initialize            
2000162c  Dutycycle                     
00001fa9  EEPROMConfig                  
00004411  EEPROMInit                    
00004089  EEPROMMassErase               
00003ac1  EEPROMProgram                 
0000448d  EEPROMRead                    
000047d5  FPUEnable                     
000047e5  FPULazyStackingEnable         
000045f5  GPIODirModeSet                
00004929  GPIOIntClear                  
00004895  GPIOIntEnable                 
00004671  GPIOIntRegister               
00004851  GPIOIntStatus                 
00004031  GPIOIntTypeSet                
00003373  GPIOPadConfigSet              
000042b1  GPIOPinConfigure              
0000492f  GPIOPinRead                   
00004755  GPIOPinTypeGPIOInput          
00004689  GPIOPinTypeGPIOOutput         
00004767  GPIOPinTypeI2C                
00004779  GPIOPinTypeI2CSCL             
0000478b  GPIOPinTypeQEI                
0000479d  GPIOPinTypeTimer              
00004935  GPIOPinWrite                  
000034d5  GetAngle                      
0000359d  GetQ                          
000035ad  GetR                          
000021df  GetValue                      
000018c5  Hmc5883lAzimuth               
00001755  Hmc5883lCalibration           
00001657  Hmc5883lInit                  
000016e3  Hmc5883lMeasurement           
00004909  I2CMasterBusy                 
00004947  I2CMasterControl              
0000494b  I2CMasterDataGet              
0000494f  I2CMasterDataPut              
000048cd  I2CMasterEnable               
000041cd  I2CMasterInitExpClk           
00004911  I2CMasterSlaveAddrSet         
00003f69  IntEnable                     
000047f5  IntMasterDisable              
000044fd  IntRegister                   
000034a5  KalmanInit                    
00002725  LEDDisplayInit                
00002367  LineFollowInit                
0000220d  LineState                     
00002297  LineValuePID                  
000024c1  PIDLineFollowProcess          
00003129  PIDProcess                    
00003211  PIDReset                      
00003101  PIDSetKParameters             
20001630  Period                        
00000d49  ProcessSpeedControl           
0000485f  QEIConfigure                  
000048d7  QEIDisable                    
000048e1  QEIEnable                     
00004953  QEIIntClear                   
000048eb  QEIIntDisable                 
00004919  QEIIntEnable                  
000046a1  QEIIntRegister                
000048f5  QEIIntStatus                  
00004957  QEIPositionGet                
0000495b  QEIPositionSet                
00004805  QEIVelocityConfigure          
000048ff  QEIVelocityEnable             
0000495f  QEIVelocityGet                
00001e8f  QeiGetPositionLeft            
00001ea7  QeiGetPositionRight           
00001e45  QeiGetVelocity                
00001ccd  QeiInit                       
00001e99  QeiSetPositionLeft            
00001eb1  QeiSetPositionRight           
000048ad  ResetISR                      
UNDEFED   SHT$$INIT_ARRAY$$Base         
UNDEFED   SHT$$INIT_ARRAY$$Limit        
000019ed  STR_Indirect                  
00001b39  STR_Indirect2                 
00003561  SetAngle                      
0000113d  SetPWMCCW_LeftMotor           
00000ffb  SetPWMCCW_RightMotor          
00001091  SetPWMCW_LeftMotor            
00000f75  SetPWMCW_RightMotor           
00003575  SetQ                          
00003589  SetR                          
00000d35  SpeedControlInit              
000011dd  StopPWM                       
000036d9  SysCtlClockGet                
000038e5  SysCtlClockSet                
0000493b  SysCtlDelay                   
00004531  SysCtlPeripheralEnable        
0000412d  SysCtlPeripheralReset         
00004719  SysTickEnable                 
0000472d  SysTickIntEnable              
0000463d  SysTickIntRegister            
00004815  SysTickPeriodSet              
00002771  SystemGetState                
00002777  SystemSetState                
00002dd5  TIMER_ISR                     
00002d41  TIMER_RegisterEvent           
00002d99  TIMER_UnregisterEvent         
00003fd1  TimerConfigure                
000046b9  TimerControlLevel             
000046d1  TimerControlStall             
0000486d  TimerEnable                   
00002ce9  TimerInit                     
00004963  TimerIntClear                 
00004921  TimerIntEnable                
000046e9  TimerIntRegister              
000047af  TimerLoadSet                  
000047c1  TimerMatchSet                 
0000026d  Uocluong                      
000007c5  Uocluong2                     
200014f0  Vel                           
200014f8  Velocity                      
00002865  _Atan                         
20001370  _Denorm                       
20001380  _Eps                          
20001390  _Hugeval                      
200013a0  _Inf                          
200013b0  _Nan                          
200013d0  _Rteps                        
200013c0  _Snan                         
200013e0  _Xbig                         
200013e8  _Zero                         
2000126c  __STACK_END                   
00001000  __STACK_SIZE                  
2000046c  __STACK_TOP                   
00004e80  __TI_CINIT_Base               
00004e98  __TI_CINIT_Limit              
00004e64  __TI_Handler_Table_Base       
00004e70  __TI_Handler_Table_Limit      
00003e91  __TI_auto_init                
20001528  __TI_cleanup_ptr              
0000487b  __TI_decompress_none          
00004941  __TI_decompress_rle24         
2000152c  __TI_dtors_ptr                
00000000  __TI_static_base__            
000048a1  __TI_zero_init                
00003c21  __aeabi_cdcmpeq               
00003c21  __aeabi_cdcmple               
00003ca7  __aeabi_cdrcmple              
00003e21  __aeabi_d2f                   
00004341  __aeabi_d2iz                  
00002527  __aeabi_dadd                  
0000323d  __aeabi_ddiv                  
000037e9  __aeabi_dmul                  
0000251d  __aeabi_dsub                  
000044c5  __aeabi_f2d                   
000045c7  __aeabi_i2d                   
00003da7  __aeabi_memclr                
00003da7  __aeabi_memclr4               
00003da7  __aeabi_memclr8               
00003b85  __aeabi_memcpy                
00003b85  __aeabi_memcpy4               
00003b85  __aeabi_memcpy8               
00003da9  __aeabi_memset                
00003da9  __aeabi_memset4               
00003da9  __aeabi_memset8               
ffffffff  __binit__                     
ffffffff  __c_args__                    
2000026c  __stack                       
00004701  _args_main                    
0000417d  _c_int00                      
20001520  _lock                         
0000474f  _nop                          
00004747  _register_lock                
00004741  _register_unlock              
00004967  _system_pre_init              
20001524  _unlock                       
000043d1  abort                         
00002b6d  atan2                         
ffffffff  binit                         
00004265  copy_in                       
20001510  currentangle                  
2000164d  error_global                  
000043d9  exit                          
20000000  g_pfnRAMVectors               
00000000  g_pfnVectors                  
2000150c  gainvelocity                  
20001634  headingAngle                  
20001638  headingOffset                 
200015ec  headingkalman                 
20001504  left_position                 
2000164f  linestate_global              
00001fbb  loadMotorModel                
00002f5f  main                          
20001538  main_func_sp                  
00003b85  memcpy                        
00003daf  memset                        
200014c0  pidlinefollow                 
200015d0  raw_ADC                       
20001508  right_position                
00002fb9  rtGetInf                      
00003041  rtGetInfF                     
00003053  rtGetMinusInf                 
000030db  rtGetMinusInfF                
000039d9  rtGetNaN                      
00003a65  rtGetNaNF                     
20001600  rtInf                         
20001640  rtInfF                        
00003613  rtIsInf                       
00003641  rtIsInfF                      
0000367b  rtIsNaN                       
0000369b  rtIsNaNF                      
20001608  rtMinusInf                    
20001644  rtMinusInfF                   
20001610  rtNaN                         
20001648  rtNaNF                        
000035c5  rt_InitInfAndNaN              
00002085  saveMotorModel                
20001618  set_speed_global              
000013d9  speed_GetMotorModel           
0000135f  speed_SetMotorModel           
00001251  speed_set                     
20001500  statecount                    
0000278b  system_Process_System_State   
000026d5  u32_UsrSystemClockGet         
20001651  u_global                      
20001448  udkmain                       


GLOBAL SYMBOLS: SORTED BY Symbol Address 

address   name                          
-------   ----                          
00000000  __TI_static_base__            
00000000  g_pfnVectors                  
0000026d  Uocluong                      
000007c5  Uocluong2                     
00000d35  SpeedControlInit              
00000d49  ProcessSpeedControl           
00000f75  SetPWMCW_RightMotor           
00000ffb  SetPWMCCW_RightMotor          
00001000  __STACK_SIZE                  
00001091  SetPWMCW_LeftMotor            
0000113d  SetPWMCCW_LeftMotor           
000011dd  StopPWM                       
00001251  speed_set                     
0000135f  speed_SetMotorModel           
000013d9  speed_GetMotorModel           
00001657  Hmc5883lInit                  
000016e3  Hmc5883lMeasurement           
00001755  Hmc5883lCalibration           
000018c5  Hmc5883lAzimuth               
000019ed  STR_Indirect                  
00001b39  STR_Indirect2                 
00001ccd  QeiInit                       
00001e45  QeiGetVelocity                
00001e8f  QeiGetPositionLeft            
00001e99  QeiSetPositionLeft            
00001ea7  QeiGetPositionRight           
00001eb1  QeiSetPositionRight           
00001fa9  EEPROMConfig                  
00001fbb  loadMotorModel                
00002085  saveMotorModel                
00002159  ADCInit                       
000021df  GetValue                      
0000220d  LineState                     
00002297  LineValuePID                  
00002367  LineFollowInit                
000024c1  PIDLineFollowProcess          
0000251d  __aeabi_dsub                  
00002527  __aeabi_dadd                  
000026d5  u32_UsrSystemClockGet         
000026db  ConfigSystem                  
00002725  LEDDisplayInit                
00002771  SystemGetState                
00002777  SystemSetState                
0000278b  system_Process_System_State   
00002865  _Atan                         
000029f1  ButtonInit                    
00002a4d  ButtonRegisterCallback        
00002b6d  atan2                         
00002ce9  TimerInit                     
00002d41  TIMER_RegisterEvent           
00002d99  TIMER_UnregisterEvent         
00002dd5  TIMER_ISR                     
00002e55  ButtonRightHandler            
00002f5d  ButtonLeftHandler             
00002f5f  main                          
00002fb9  rtGetInf                      
00003041  rtGetInfF                     
00003053  rtGetMinusInf                 
000030db  rtGetMinusInfF                
00003101  PIDSetKParameters             
00003129  PIDProcess                    
00003211  PIDReset                      
0000323d  __aeabi_ddiv                  
00003373  GPIOPadConfigSet              
000034a5  KalmanInit                    
000034d5  GetAngle                      
00003561  SetAngle                      
00003575  SetQ                          
00003589  SetR                          
0000359d  GetQ                          
000035ad  GetR                          
000035c5  rt_InitInfAndNaN              
00003613  rtIsInf                       
00003641  rtIsInfF                      
0000367b  rtIsNaN                       
0000369b  rtIsNaNF                      
000036d9  SysCtlClockGet                
000037e9  __aeabi_dmul                  
000038e5  SysCtlClockSet                
000039d9  rtGetNaN                      
00003a65  rtGetNaNF                     
00003ac1  EEPROMProgram                 
00003b85  __aeabi_memcpy                
00003b85  __aeabi_memcpy4               
00003b85  __aeabi_memcpy8               
00003b85  memcpy                        
00003c21  __aeabi_cdcmpeq               
00003c21  __aeabi_cdcmple               
00003ca7  __aeabi_cdrcmple              
00003d2d  ADCSequenceStepConfigure      
00003da7  __aeabi_memclr                
00003da7  __aeabi_memclr4               
00003da7  __aeabi_memclr8               
00003da9  __aeabi_memset                
00003da9  __aeabi_memset4               
00003da9  __aeabi_memset8               
00003daf  memset                        
00003e21  __aeabi_d2f                   
00003e91  __TI_auto_init                
00003f69  IntEnable                     
00003fd1  TimerConfigure                
00004031  GPIOIntTypeSet                
00004089  EEPROMMassErase               
000040dd  ADCSequenceConfigure          
0000412d  SysCtlPeripheralReset         
0000417d  _c_int00                      
000041cd  I2CMasterInitExpClk           
00004265  copy_in                       
000042b1  GPIOPinConfigure              
00004341  __aeabi_d2iz                  
000043cd  C$$EXIT                       
000043d1  abort                         
000043d9  exit                          
00004411  EEPROMInit                    
0000448d  EEPROMRead                    
000044c5  __aeabi_f2d                   
000044fd  IntRegister                   
00004531  SysCtlPeripheralEnable        
00004599  ADCIntStatus                  
000045c7  __aeabi_i2d                   
000045f5  GPIODirModeSet                
0000461f  ADCSequenceDataGet            
0000463d  SysTickIntRegister            
00004659  ADCProcessorTrigger           
00004671  GPIOIntRegister               
00004689  GPIOPinTypeGPIOOutput         
000046a1  QEIIntRegister                
000046b9  TimerControlLevel             
000046d1  TimerControlStall             
000046e9  TimerIntRegister              
00004701  _args_main                    
00004719  SysTickEnable                 
0000472d  SysTickIntEnable              
00004741  _register_unlock              
00004747  _register_lock                
0000474f  _nop                          
00004755  GPIOPinTypeGPIOInput          
00004767  GPIOPinTypeI2C                
00004779  GPIOPinTypeI2CSCL             
0000478b  GPIOPinTypeQEI                
0000479d  GPIOPinTypeTimer              
000047af  TimerLoadSet                  
000047c1  TimerMatchSet                 
000047d5  FPUEnable                     
000047e5  FPULazyStackingEnable         
000047f5  IntMasterDisable              
00004805  QEIVelocityConfigure          
00004815  SysTickPeriodSet              
00004835  ADCHardwareOversampleConfigure
00004843  ADCSequenceEnable             
00004851  GPIOIntStatus                 
0000485f  QEIConfigure                  
0000486d  TimerEnable                   
0000487b  __TI_decompress_none          
00004889  CPUcpsid                      
00004895  GPIOIntEnable                 
000048a1  __TI_zero_init                
000048ad  ResetISR                      
000048b9  ADCIntClear                   
000048c3  Control_initialize            
000048cd  I2CMasterEnable               
000048d7  QEIDisable                    
000048e1  QEIEnable                     
000048eb  QEIIntDisable                 
000048f5  QEIIntStatus                  
000048ff  QEIVelocityEnable             
00004909  I2CMasterBusy                 
00004911  I2CMasterSlaveAddrSet         
00004919  QEIIntEnable                  
00004921  TimerIntEnable                
00004929  GPIOIntClear                  
0000492f  GPIOPinRead                   
00004935  GPIOPinWrite                  
0000493b  SysCtlDelay                   
00004941  __TI_decompress_rle24         
00004947  I2CMasterControl              
0000494b  I2CMasterDataGet              
0000494f  I2CMasterDataPut              
00004953  QEIIntClear                   
00004957  QEIPositionGet                
0000495b  QEIPositionSet                
0000495f  QEIVelocityGet                
00004963  TimerIntClear                 
00004967  _system_pre_init              
00004e64  __TI_Handler_Table_Base       
00004e70  __TI_Handler_Table_Limit      
00004e80  __TI_CINIT_Base               
00004e98  __TI_CINIT_Limit              
20000000  g_pfnRAMVectors               
2000026c  __stack                       
2000046c  __STACK_TOP                   
2000126c  __STACK_END                   
20001370  _Denorm                       
20001380  _Eps                          
20001390  _Hugeval                      
200013a0  _Inf                          
200013b0  _Nan                          
200013c0  _Snan                         
200013d0  _Rteps                        
200013e0  _Xbig                         
200013e8  _Zero                         
20001448  udkmain                       
200014c0  pidlinefollow                 
200014f0  Vel                           
200014f8  Velocity                      
20001500  statecount                    
20001504  left_position                 
20001508  right_position                
2000150c  gainvelocity                  
20001510  currentangle                  
20001520  _lock                         
20001524  _unlock                       
20001528  __TI_cleanup_ptr              
2000152c  __TI_dtors_ptr                
20001538  main_func_sp                  
200015d0  raw_ADC                       
200015ec  headingkalman                 
20001600  rtInf                         
20001608  rtMinusInf                    
20001610  rtNaN                         
20001618  set_speed_global              
2000162c  Dutycycle                     
20001630  Period                        
20001634  headingAngle                  
20001638  headingOffset                 
20001640  rtInfF                        
20001644  rtMinusInfF                   
20001648  rtNaNF                        
2000164d  error_global                  
2000164f  linestate_global              
20001651  u_global                      
ffffffff  __binit__                     
ffffffff  __c_args__                    
ffffffff  binit                         
UNDEFED   SHT$$INIT_ARRAY$$Base         
UNDEFED   SHT$$INIT_ARRAY$$Limit        

[236 symbols]
