******************************************************************************
                  TI ARM Linker PC v5.2.9                      
******************************************************************************
>> Linked Sat Sep 16 00:02:05 2017

OUTPUT FILE NAME:   <RC522.out>
ENTRY POINT SYMBOL: "_c_int00"  address: 0000154d


MEMORY CONFIGURATION

         name            origin    length      used     unused   attr    fill
----------------------  --------  ---------  --------  --------  ----  --------
  FLASH                 00000000   00040000  0000197e  0003e682  R  X
  SRAM                  20000000   00008000  00000bfd  00007403  RW X


SEGMENT ALLOCATION MAP

run origin  load origin   length   init length attrs members
----------  ----------- ---------- ----------- ----- -------
00000000    00000000    00001980   00001980    r-x
  00000000    00000000    0000026c   0000026c    r-- .intvecs
  0000026c    0000026c    000015b0   000015b0    r-x .text
  0000181c    0000181c    0000012a   0000012a    r-- .const
  00001948    00001948    00000038   00000038    r-- .cinit
20000000    20000000    00000c00   00000000    rw-
  20000000    20000000    00000bb8   00000000    rw- .stack
  20000bb8    20000bb8    00000029   00000000    rw- .bss
  20000be4    20000be4    0000001c   00000000    rw- .data


SECTION ALLOCATION MAP

 output                                  attributes/
section   page    origin      length       input sections
--------  ----  ----------  ----------   ----------------
.intvecs   0    00000000    0000026c     
                  00000000    0000026c     tm4c123gh6pm_startup_ccs.obj (.intvecs)

.text      0    0000026c    000015b0     
                  0000026c    000008c6     RC522.obj (.text)
                  00000b32    00000002     rtsv7M4_T_le_v4SPD16_eabi.lib : i_div0.obj (.text)
                  00000b34    000004dc     uartstdio.obj (.text)
                  00001010    00000132     driverlib.lib : gpio.obj (.text:GPIOPadConfigSet)
                  00001142    00000002     --HOLE-- [fill = 0]
                  00001144    00000110                   : sysctl.obj (.text:SysCtlClockGet)
                  00001254    00000108     main.obj (.text)
                  0000135c    0000009c     rtsv7M4_T_le_v4SPD16_eabi.lib : memcpy_t2.obj (.text)
                  000013f8    0000007a                                   : memset_t2.obj (.text)
                  00001472    00000002     --HOLE-- [fill = 0]
                  00001474    0000006c                                   : autoinit.obj (.text)
                  000014e0    0000006a                                   : copy_decompress_rle.obj (.text)
                  0000154a    00000002     --HOLE-- [fill = 0]
                  0000154c    00000050                                   : boot.obj (.text)
                  0000159c    0000004c                                   : cpy_tbl.obj (.text)
                  000015e8    00000048     driverlib.lib : gpio.obj (.text:GPIOPinConfigure)
                  00001630    00000044     rtsv7M4_T_le_v4SPD16_eabi.lib : exit.obj (.text)
                  00001674    00000040                                   : u_divt2.obj (.text)
                  000016b4    0000003c     driverlib.lib : ssi.obj (.text:SSIConfigSetExpClk)
                  000016f0    00000034                   : sysctl.obj (.text:SysCtlPeripheralEnable)
                  00001724    0000002a                   : gpio.obj (.text:GPIODirModeSet)
                  0000174e    00000002     --HOLE-- [fill = 0]
                  00001750    00000018     rtsv7M4_T_le_v4SPD16_eabi.lib : args_main.obj (.text)
                  00001768    00000014                                   : _lock.obj (.text)
                  0000177c    00000012     driverlib.lib : gpio.obj (.text:GPIOPinTypeSSI)
                  0000178e    00000012                   : gpio.obj (.text:GPIOPinTypeUART)
                  000017a0    00000012                   : ssi.obj (.text:SSIDataGetNonBlocking)
                  000017b2    0000000e     rtsv7M4_T_le_v4SPD16_eabi.lib : copy_decompress_none.obj (.text:decompress:none)
                  000017c0    0000000c     driverlib.lib : ssi.obj (.text:SSIDataGet)
                  000017cc    0000000c     rtsv7M4_T_le_v4SPD16_eabi.lib : copy_zero_init.obj (.text:decompress:ZI)
                  000017d8    0000000c     tm4c123gh6pm_startup_ccs.obj (.text)
                  000017e4    0000000a     driverlib.lib : ssi.obj (.text:SSIDataPut)
                  000017ee    0000000a                   : ssi.obj (.text:SSIEnable)
                  000017f8    00000008                   : ssi.obj (.text:SSIBusy)
                  00001800    00000006                   : gpio.obj (.text:GPIOPinWrite)
                  00001806    00000006                   : sysctl.obj (.text:SysCtlDelay)
                  0000180c    00000006                   : uart.obj (.text:UARTClockSourceSet)
                  00001812    00000006     rtsv7M4_T_le_v4SPD16_eabi.lib : copy_decompress_rle.obj (.text:decompress:rle24)
                  00001818    00000004                                   : pre_init.obj (.text)

.const     0    0000181c    0000012a     
                  0000181c    00000090     driverlib.lib : gpio.obj (.const:g_pui32GPIOBaseAddrs)
                  000018ac    0000006c                   : sysctl.obj (.const:g_pui32Xtals)
                  00001918    0000001c     uartstdio.obj (.const)
                  00001934    00000012     uartstdio.obj (.const:.string)

.cinit     0    00001948    00000038     
                  00001948    0000000f     (.cinit..data.load) [load image, compression = rle]
                  00001957    00000001     --HOLE-- [fill = 0]
                  00001958    0000000c     (__TI_handler_table)
                  00001964    00000004     --HOLE-- [fill = 0]
                  00001968    00000008     (.cinit..bss.load) [load image, compression = zero_init]
                  00001970    00000010     (__TI_cinit_table)

.init_array 
*          0    00000000    00000000     UNINITIALIZED

.stack     0    20000000    00000bb8     UNINITIALIZED
                  20000000    00000bb8     --HOLE--

.bss       0    20000bb8    00000029     UNINITIALIZED
                  20000bb8    00000010     (.common:string)
                  20000bc8    00000008     (.common:a)
                  20000bd0    00000008     (.common:b)
                  20000bd8    00000008     (.common:trashbin)
                  20000be0    00000001     (.common:status)

.TI.noinit 
*          0    20000bb8    00000000     UNINITIALIZED

.data      0    20000be4    0000001c     UNINITIALIZED
                  20000be4    00000008     rtsv7M4_T_le_v4SPD16_eabi.lib : _lock.obj (.data)
                  20000bec    00000008                                   : exit.obj (.data)
                  20000bf4    00000005     uartstdio.obj (.data)
                  20000bf9    00000003     --HOLE--
                  20000bfc    00000004     rtsv7M4_T_le_v4SPD16_eabi.lib : stkdepth_vars.obj (.data)

.TI.persistent 
*          0    20000be4    00000000     UNINITIALIZED


LINKER GENERATED COPY TABLES

__TI_cinit_table @ 00001970 records: 2, size/record: 8, table size: 16
	.data: load addr=00001948, load size=0000000f bytes, run addr=20000be4, run size=0000001c bytes, compression=rle
	.bss: load addr=00001968, load size=00000008 bytes, run addr=20000bb8, run size=00000029 bytes, compression=zero_init


LINKER GENERATED HANDLER TABLE

__TI_handler_table @ 00001958 records: 3, size/record: 4, table size: 12
	index: 0, handler: __TI_decompress_rle24
	index: 1, handler: __TI_decompress_none
	index: 2, handler: __TI_zero_init


GLOBAL SYMBOLS: SORTED ALPHABETICALLY BY Name 

address   name                    
-------   ----                    
00001631  C$$EXIT                 
00001255  ConfigureUART           
00001725  GPIODirModeSet          
00001011  GPIOPadConfigSet        
000015e9  GPIOPinConfigure        
0000177d  GPIOPinTypeSSI          
0000178f  GPIOPinTypeUART         
00001801  GPIOPinWrite            
0000040f  RC522AntennaOff         
000003e5  RC522AntennaOn          
00000a6b  RC522AntiCollision      
00000865  RC522Authentication     
00000a13  RC522BlockRead          
00000929  RC522BlockWrite         
000006f5  RC522CRC                
0000038d  RC522ClearBit           
00000831  RC522Halt               
0000041b  RC522Init               
00000af3  RC522IsCard             
00000b11  RC522ReadCardSerial     
00000337  RC522ReadRegister       
000006a7  RC522Request            
000003d9  RC522Reset              
000007a1  RC522SelectTag          
000003b3  RC522SetBit             
000004d1  RC522ToCard             
000002f7  RC522WriteRegister      
000017d9  ResetISR                
UNDEFED   SHT$$INIT_ARRAY$$Base   
UNDEFED   SHT$$INIT_ARRAY$$Limit  
0000026d  SPIInit                 
000017f9  SSIBusy                 
000016b5  SSIConfigSetExpClk      
000017c1  SSIDataGet              
000017a1  SSIDataGetNonBlocking   
000017e5  SSIDataPut              
000017ef  SSIEnable               
000002bb  SSIReadWrite            
000002e5  SSIWrite                
00001145  SysCtlClockGet          
00001807  SysCtlDelay             
000016f1  SysCtlPeripheralEnable  
0000180d  UARTClockSourceSet      
00000b35  UARTStdioConfig         
00000cad  UARTgetc                
00000be7  UARTgets                
00000fdb  UARTprintf              
00000ce1  UARTvprintf             
00000b95  UARTwrite               
20000bb8  __STACK_END             
00000bb8  __STACK_SIZE            
20000200  __STACK_TOP             
00001970  __TI_CINIT_Base         
00001980  __TI_CINIT_Limit        
00001958  __TI_Handler_Table_Base 
00001964  __TI_Handler_Table_Limit
00001475  __TI_auto_init          
20000bec  __TI_cleanup_ptr        
000017b3  __TI_decompress_none    
00001813  __TI_decompress_rle24   
20000bf0  __TI_dtors_ptr          
00000000  __TI_static_base__      
000017cd  __TI_zero_init          
00000b33  __aeabi_idiv0           
000013f9  __aeabi_memclr          
000013f9  __aeabi_memclr4         
000013f9  __aeabi_memclr8         
0000135d  __aeabi_memcpy          
0000135d  __aeabi_memcpy4         
0000135d  __aeabi_memcpy8         
000013fb  __aeabi_memset          
000013fb  __aeabi_memset4         
000013fb  __aeabi_memset8         
00001675  __aeabi_uidiv           
00001675  __aeabi_uidivmod        
ffffffff  __binit__               
ffffffff  __c_args__              
20000000  __stack                 
00001751  _args_main              
0000154d  _c_int00                
20000be4  _lock                   
00001777  _nop                    
0000176f  _register_lock          
00001769  _register_unlock        
00001819  _system_pre_init        
20000be8  _unlock                 
20000bc8  a                       
00001635  abort                   
20000bd0  b                       
ffffffff  binit                   
0000159d  copy_in                 
0000163d  exit                    
00000000  g_pfnVectors            
00001291  main                    
20000bfc  main_func_sp            
0000135d  memcpy                  
00001401  memset                  
20000be0  status                  
20000bb8  string                  
20000bd8  trashbin                


GLOBAL SYMBOLS: SORTED BY Symbol Address 

address   name                    
-------   ----                    
00000000  __TI_static_base__      
00000000  g_pfnVectors            
0000026d  SPIInit                 
000002bb  SSIReadWrite            
000002e5  SSIWrite                
000002f7  RC522WriteRegister      
00000337  RC522ReadRegister       
0000038d  RC522ClearBit           
000003b3  RC522SetBit             
000003d9  RC522Reset              
000003e5  RC522AntennaOn          
0000040f  RC522AntennaOff         
0000041b  RC522Init               
000004d1  RC522ToCard             
000006a7  RC522Request            
000006f5  RC522CRC                
000007a1  RC522SelectTag          
00000831  RC522Halt               
00000865  RC522Authentication     
00000929  RC522BlockWrite         
00000a13  RC522BlockRead          
00000a6b  RC522AntiCollision      
00000af3  RC522IsCard             
00000b11  RC522ReadCardSerial     
00000b33  __aeabi_idiv0           
00000b35  UARTStdioConfig         
00000b95  UARTwrite               
00000bb8  __STACK_SIZE            
00000be7  UARTgets                
00000cad  UARTgetc                
00000ce1  UARTvprintf             
00000fdb  UARTprintf              
00001011  GPIOPadConfigSet        
00001145  SysCtlClockGet          
00001255  ConfigureUART           
00001291  main                    
0000135d  __aeabi_memcpy          
0000135d  __aeabi_memcpy4         
0000135d  __aeabi_memcpy8         
0000135d  memcpy                  
000013f9  __aeabi_memclr          
000013f9  __aeabi_memclr4         
000013f9  __aeabi_memclr8         
000013fb  __aeabi_memset          
000013fb  __aeabi_memset4         
000013fb  __aeabi_memset8         
00001401  memset                  
00001475  __TI_auto_init          
0000154d  _c_int00                
0000159d  copy_in                 
000015e9  GPIOPinConfigure        
00001631  C$$EXIT                 
00001635  abort                   
0000163d  exit                    
00001675  __aeabi_uidiv           
00001675  __aeabi_uidivmod        
000016b5  SSIConfigSetExpClk      
000016f1  SysCtlPeripheralEnable  
00001725  GPIODirModeSet          
00001751  _args_main              
00001769  _register_unlock        
0000176f  _register_lock          
00001777  _nop                    
0000177d  GPIOPinTypeSSI          
0000178f  GPIOPinTypeUART         
000017a1  SSIDataGetNonBlocking   
000017b3  __TI_decompress_none    
000017c1  SSIDataGet              
000017cd  __TI_zero_init          
000017d9  ResetISR                
000017e5  SSIDataPut              
000017ef  SSIEnable               
000017f9  SSIBusy                 
00001801  GPIOPinWrite            
00001807  SysCtlDelay             
0000180d  UARTClockSourceSet      
00001813  __TI_decompress_rle24   
00001819  _system_pre_init        
00001958  __TI_Handler_Table_Base 
00001964  __TI_Handler_Table_Limit
00001970  __TI_CINIT_Base         
00001980  __TI_CINIT_Limit        
20000000  __stack                 
20000200  __STACK_TOP             
20000bb8  __STACK_END             
20000bb8  string                  
20000bc8  a                       
20000bd0  b                       
20000bd8  trashbin                
20000be0  status                  
20000be4  _lock                   
20000be8  _unlock                 
20000bec  __TI_cleanup_ptr        
20000bf0  __TI_dtors_ptr          
20000bfc  main_func_sp            
ffffffff  __binit__               
ffffffff  __c_args__              
ffffffff  binit                   
UNDEFED   SHT$$INIT_ARRAY$$Base   
UNDEFED   SHT$$INIT_ARRAY$$Limit  

[100 symbols]
